Archive member included to satisfy reference by file (symbol)

C:/ST/STM32CubeIDE_2.1.0/STM32CubeIDE/plugins/com.st.stm32cube.ide.mcu.externaltools.gnu-tools-for-stm32.14.3.rel1.win32_1.0.100.202602081740/tools/bin/../lib/gcc/arm-none-eabi/14.3.1/../../../../arm-none-eabi/lib/thumb/v7e-m+fp/hard\libc_nano.a(libc_a-exit.o)
                              C:/ST/STM32CubeIDE_2.1.0/STM32CubeIDE/plugins/com.st.stm32cube.ide.mcu.externaltools.gnu-tools-for-stm32.14.3.rel1.win32_1.0.100.202602081740/tools/bin/../lib/gcc/arm-none-eabi/14.3.1/../../../../arm-none-eabi/lib/thumb/v7e-m+fp/hard/crt0.o (exit)
C:/ST/STM32CubeIDE_2.1.0/STM32CubeIDE/plugins/com.st.stm32cube.ide.mcu.externaltools.gnu-tools-for-stm32.14.3.rel1.win32_1.0.100.202602081740/tools/bin/../lib/gcc/arm-none-eabi/14.3.1/../../../../arm-none-eabi/lib/thumb/v7e-m+fp/hard\libc_nano.a(libc_a-findfp.o)
                              C:/ST/STM32CubeIDE_2.1.0/STM32CubeIDE/plugins/com.st.stm32cube.ide.mcu.externaltools.gnu-tools-for-stm32.14.3.rel1.win32_1.0.100.202602081740/tools/bin/../lib/gcc/arm-none-eabi/14.3.1/../../../../arm-none-eabi/lib/thumb/v7e-m+fp/hard\libc_nano.a(libc_a-exit.o) (__stdio_exit_handler)
C:/ST/STM32CubeIDE_2.1.0/STM32CubeIDE/plugins/com.st.stm32cube.ide.mcu.externaltools.gnu-tools-for-stm32.14.3.rel1.win32_1.0.100.202602081740/tools/bin/../lib/gcc/arm-none-eabi/14.3.1/../../../../arm-none-eabi/lib/thumb/v7e-m+fp/hard\libc_nano.a(libc_a-fwalk.o)
                              C:/ST/STM32CubeIDE_2.1.0/STM32CubeIDE/plugins/com.st.stm32cube.ide.mcu.externaltools.gnu-tools-for-stm32.14.3.rel1.win32_1.0.100.202602081740/tools/bin/../lib/gcc/arm-none-eabi/14.3.1/../../../../arm-none-eabi/lib/thumb/v7e-m+fp/hard\libc_nano.a(libc_a-findfp.o) (_fwalk_sglue)
C:/ST/STM32CubeIDE_2.1.0/STM32CubeIDE/plugins/com.st.stm32cube.ide.mcu.externaltools.gnu-tools-for-stm32.14.3.rel1.win32_1.0.100.202602081740/tools/bin/../lib/gcc/arm-none-eabi/14.3.1/../../../../arm-none-eabi/lib/thumb/v7e-m+fp/hard\libc_nano.a(libc_a-stdio.o)
                              C:/ST/STM32CubeIDE_2.1.0/STM32CubeIDE/plugins/com.st.stm32cube.ide.mcu.externaltools.gnu-tools-for-stm32.14.3.rel1.win32_1.0.100.202602081740/tools/bin/../lib/gcc/arm-none-eabi/14.3.1/../../../../arm-none-eabi/lib/thumb/v7e-m+fp/hard\libc_nano.a(libc_a-findfp.o) (__sread)
C:/ST/STM32CubeIDE_2.1.0/STM32CubeIDE/plugins/com.st.stm32cube.ide.mcu.externaltools.gnu-tools-for-stm32.14.3.rel1.win32_1.0.100.202602081740/tools/bin/../lib/gcc/arm-none-eabi/14.3.1/../../../../arm-none-eabi/lib/thumb/v7e-m+fp/hard\libc_nano.a(libc_a-memset.o)
                              C:/ST/STM32CubeIDE_2.1.0/STM32CubeIDE/plugins/com.st.stm32cube.ide.mcu.externaltools.gnu-tools-for-stm32.14.3.rel1.win32_1.0.100.202602081740/tools/bin/../lib/gcc/arm-none-eabi/14.3.1/../../../../arm-none-eabi/lib/thumb/v7e-m+fp/hard/crt0.o (memset)
C:/ST/STM32CubeIDE_2.1.0/STM32CubeIDE/plugins/com.st.stm32cube.ide.mcu.externaltools.gnu-tools-for-stm32.14.3.rel1.win32_1.0.100.202602081740/tools/bin/../lib/gcc/arm-none-eabi/14.3.1/../../../../arm-none-eabi/lib/thumb/v7e-m+fp/hard\libc_nano.a(libc_a-closer.o)
                              C:/ST/STM32CubeIDE_2.1.0/STM32CubeIDE/plugins/com.st.stm32cube.ide.mcu.externaltools.gnu-tools-for-stm32.14.3.rel1.win32_1.0.100.202602081740/tools/bin/../lib/gcc/arm-none-eabi/14.3.1/../../../../arm-none-eabi/lib/thumb/v7e-m+fp/hard\libc_nano.a(libc_a-stdio.o) (_close_r)
C:/ST/STM32CubeIDE_2.1.0/STM32CubeIDE/plugins/com.st.stm32cube.ide.mcu.externaltools.gnu-tools-for-stm32.14.3.rel1.win32_1.0.100.202602081740/tools/bin/../lib/gcc/arm-none-eabi/14.3.1/../../../../arm-none-eabi/lib/thumb/v7e-m+fp/hard\libc_nano.a(libc_a-reent.o)
                              C:/ST/STM32CubeIDE_2.1.0/STM32CubeIDE/plugins/com.st.stm32cube.ide.mcu.externaltools.gnu-tools-for-stm32.14.3.rel1.win32_1.0.100.202602081740/tools/bin/../lib/gcc/arm-none-eabi/14.3.1/../../../../arm-none-eabi/lib/thumb/v7e-m+fp/hard\libc_nano.a(libc_a-closer.o) (errno)
C:/ST/STM32CubeIDE_2.1.0/STM32CubeIDE/plugins/com.st.stm32cube.ide.mcu.externaltools.gnu-tools-for-stm32.14.3.rel1.win32_1.0.100.202602081740/tools/bin/../lib/gcc/arm-none-eabi/14.3.1/../../../../arm-none-eabi/lib/thumb/v7e-m+fp/hard\libc_nano.a(libc_a-impure.o)
                              C:/ST/STM32CubeIDE_2.1.0/STM32CubeIDE/plugins/com.st.stm32cube.ide.mcu.externaltools.gnu-tools-for-stm32.14.3.rel1.win32_1.0.100.202602081740/tools/bin/../lib/gcc/arm-none-eabi/14.3.1/../../../../arm-none-eabi/lib/thumb/v7e-m+fp/hard\libc_nano.a(libc_a-reent.o) (_impure_ptr)
C:/ST/STM32CubeIDE_2.1.0/STM32CubeIDE/plugins/com.st.stm32cube.ide.mcu.externaltools.gnu-tools-for-stm32.14.3.rel1.win32_1.0.100.202602081740/tools/bin/../lib/gcc/arm-none-eabi/14.3.1/../../../../arm-none-eabi/lib/thumb/v7e-m+fp/hard\libc_nano.a(libc_a-lseekr.o)
[...]
Memory Configuration

Name             Origin             Length             Attributes
RAM              0x20000000         0x00020000         xrw
FLASH            0x08000000         0x00080000         xr
*default*        0x00000000         0xffffffff

Linker script and memory map

LOAD C:/ST/STM32CubeIDE_2.1.0/STM32CubeIDE/plugins/com.st.stm32cube.ide.mcu.externaltools.gnu-tools-for-stm32.14.3.rel1.win32_1.0.100.202602081740/tools/bin/../lib/gcc/arm-none-eabi/14.3.1/thumb/v7e-m+fp/hard/crti.o
LOAD C:/ST/STM32CubeIDE_2.1.0/STM32CubeIDE/plugins/com.st.stm32cube.ide.mcu.externaltools.gnu-tools-for-stm32.14.3.rel1.win32_1.0.100.202602081740/tools/bin/../lib/gcc/arm-none-eabi/14.3.1/thumb/v7e-m+fp/hard/crtbegin.o
LOAD C:/ST/STM32CubeIDE_2.1.0/STM32CubeIDE/plugins/com.st.stm32cube.ide.mcu.externaltools.gnu-tools-for-stm32.14.3.rel1.win32_1.0.100.202602081740/tools/bin/../lib/gcc/arm-none-eabi/14.3.1/../../../../arm-none-eabi/lib/thumb/v7e-m+fp/hard/crt0.o
LOAD ./Core/Src/can_mcu.o
LOAD ./Core/Src/main.o
LOAD ./Core/Src/stm32f4xx_hal_msp.o
LOAD ./Core/Src/stm32f4xx_it.o
LOAD ./Core/Src/syscalls.o
LOAD ./Core/Src/sysmem.o
LOAD ./Core/Src/system_stm32f4xx.o
LOAD ./Core/Startup/startup_stm32f446retx.o
LOAD ./Drivers/STM32F4xx_HAL_Driver/Src/stm32f4xx_hal.o
LOAD ./Drivers/STM32F4xx_HAL_Driver/Src/stm32f4xx_hal_adc.o
LOAD ./Drivers/STM32F4xx_HAL_Driver/Src/stm32f4xx_hal_adc_ex.o
LOAD ./Drivers/STM32F4xx_HAL_Driver/Src/stm32f4xx_hal_can.o
LOAD ./Drivers/STM32F4xx_HAL_Driver/Src/stm32f4xx_hal_cortex.o
LOAD ./Drivers/STM32F4xx_HAL_Driver/Src/stm32f4xx_hal_dac.o
LOAD ./Drivers/STM32F4xx_HAL_Driver/Src/stm32f4xx_hal_dac_ex.o
LOAD ./Drivers/STM32F4xx_HAL_Driver/Src/stm32f4xx_hal_dma.o
LOAD ./Drivers/STM32F4xx_HAL_Driver/Src/stm32f4xx_hal_dma_ex.o
LOAD ./Drivers/STM32F4xx_HAL_Driver/Src/stm32f4xx_hal_exti.o
LOAD ./Drivers/STM32F4xx_HAL_Driver/Src/stm32f4xx_hal_flash.o
LOAD ./Drivers/STM32F4xx_HAL_Driver/Src/stm32f4xx_hal_flash_ex.o
LOAD ./Drivers/STM32F4xx_HAL_Driver/Src/stm32f4xx_hal_flash_ramfunc.o
LOAD ./Drivers/STM32F4xx_HAL_Driver/Src/stm32f4xx_hal_gpio.o
LOAD ./Drivers/STM32F4xx_HAL_Driver/Src/stm32f4xx_hal_pwr.o
LOAD ./Drivers/STM32F4xx_HAL_Driver/Src/stm32f4xx_hal_pwr_ex.o
LOAD ./Drivers/STM32F4xx_HAL_Driver/Src/stm32f4xx_hal_rcc.o
LOAD ./Drivers/STM32F4xx_HAL_Driver/Src/stm32f4xx_hal_rcc_ex.o
LOAD ./Drivers/STM32F4xx_HAL_Driver/Src/stm32f4xx_hal_tim.o
LOAD ./Drivers/STM32F4xx_HAL_Driver/Src/stm32f4xx_hal_tim_ex.o
LOAD ./Drivers/STM32F4xx_HAL_Driver/Src/stm32f4xx_ll_adc.o
START GROUP
LOAD C:/ST/STM32CubeIDE_2.1.0/STM32CubeIDE/plugins/com.st.stm32cube.ide.mcu.externaltools.gnu-tools-for-stm32.14.3.rel1.win32_1.0.100.202602081740/tools/bin/../lib/gcc/arm-none-eabi/14.3.1/../../../../arm-none-eabi/lib/thumb/v7e-m+fp/hard\libc_nano.a
LOAD C:/ST/STM32CubeIDE_2.1.0/STM32CubeIDE/plugins/com.st.stm32cube.ide.mcu.externaltools.gnu-tools-for-stm32.14.3.rel1.win32_1.0.100.202602081740/tools/bin/../lib/gcc/arm-none-eabi/14.3.1/../../../../arm-none-eabi/lib/thumb/v7e-m+fp/hard\libm.a
END GROUP
START GROUP
LOAD C:/ST/STM32CubeIDE_2.1.0/STM32CubeIDE/plugins/com.st.stm32cube.ide.mcu.externaltools.gnu-tools-for-stm32.14.3.rel1.win32_1.0.100.202602081740/tools/bin/../lib/gcc/arm-none-eabi/14.3.1/thumb/v7e-m+fp/hard\libgcc.a
LOAD C:/ST/STM32CubeIDE_2.1.0/STM32CubeIDE/plugins/com.st.stm32cube.ide.mcu.externaltools.gnu-tools-for-stm32.14.3.rel1.win32_1.0.100.202602081740/tools/bin/../lib/gcc/arm-none-eabi/14.3.1/../../../../arm-none-eabi/lib/thumb/v7e-m+fp/hard\libc_nano.a
END GROUP
START GROUP
LOAD C:/ST/STM32CubeIDE_2.1.0/STM32CubeIDE/plugins/com.st.stm32cube.ide.mcu.externaltools.gnu-tools-for-stm32.14.3.rel1.win32_1.0.100.202602081740/tools/bin/../lib/gcc/arm-none-eabi/14.3.1/thumb/v7e-m+fp/hard\libgcc.a
LOAD C:/ST/STM32CubeIDE_2.1.0/STM32CubeIDE/plugins/com.st.stm32cube.ide.mcu.externaltools.gnu-tools-for-stm32.14.3.rel1.win32_1.0.100.202602081740/tools/bin/../lib/gcc/arm-none-eabi/14.3.1/../../../../arm-none-eabi/lib/thumb/v7e-m+fp/hard\libc_nano.a
LOAD C:/ST/STM32CubeIDE_2.1.0/STM32CubeIDE/plugins/com.st.stm32cube.ide.mcu.externaltools.gnu-tools-for-stm32.14.3.rel1.win32_1.0.100.202602081740/tools/bin/../lib/gcc/arm-none-eabi/14.3.1/../../../../arm-none-eabi/lib/thumb/v7e-m+fp/hard\libnosys.a
END GROUP
START GROUP
LOAD C:/ST/STM32CubeIDE_2.1.0/STM32CubeIDE/plugins/com.st.stm32cube.ide.mcu.externaltools.gnu-tools-for-stm32.14.3.rel1.win32_1.0.100.202602081740/tools/bin/../lib/gcc/arm-none-eabi/14.3.1/thumb/v7e-m+fp/hard\libgcc.a
LOAD C:/ST/STM32CubeIDE_2.1.0/STM32CubeIDE/plugins/com.st.stm32cube.ide.mcu.externaltools.gnu-tools-for-stm32.14.3.rel1.win32_1.0.100.202602081740/tools/bin/../lib/gcc/arm-none-eabi/14.3.1/../../../../arm-none-eabi/lib/thumb/v7e-m+fp/hard\libc_nano.a
LOAD C:/ST/STM32CubeIDE_2.1.0/STM32CubeIDE/plugins/com.st.stm32cube.ide.mcu.externaltools.gnu-tools-for-stm32.14.3.rel1.win32_1.0.100.202602081740/tools/bin/../lib/gcc/arm-none-eabi/14.3.1/../../../../arm-none-eabi/lib/thumb/v7e-m+fp/hard\libnosys.a
END GROUP
LOAD C:/ST/STM32CubeIDE_2.1.0/STM32CubeIDE/plugins/com.st.stm32cube.ide.mcu.externaltools.gnu-tools-for-stm32.14.3.rel1.win32_1.0.100.202602081740/tools/bin/../lib/gcc/arm-none-eabi/14.3.1/thumb/v7e-m+fp/hard/crtend.o
LOAD C:/ST/STM32CubeIDE_2.1.0/STM32CubeIDE/plugins/com.st.stm32cube.ide.mcu.externaltools.gnu-tools-for-stm32.14.3.rel1.win32_1.0.100.202602081740/tools/bin/../lib/gcc/arm-none-eabi/14.3.1/thumb/v7e-m+fp/hard/crtn.o
                0x20020000                        _estack = (ORIGIN (RAM) + LENGTH (RAM))
                0x00000200                        _Min_Heap_Size = 0x200
                0x00000400                        _Min_Stack_Size = 0x400

.isr_vector     0x08000000      0x1c4
                0x08000000                        . = ALIGN (0x4)
 *(.isr_vector)
 .isr_vector    0x08000000      0x1c4 ./Core/Startup/startup_stm32f446retx.o
                0x08000000                g_pfnVectors
                0x080001c4                        . = ALIGN (0x4)

.text           0x080001c8     0x7e34
                0x080001c8                        . = ALIGN (0x4)
 *(.text)
 .text          0x080001c8       0x40 C:/ST/STM32CubeIDE_2.1.0/STM32CubeIDE/plugins/com.st.stm32cube.ide.mcu.externaltools.gnu-tools-for-stm32.14.3.rel1.win32_1.0.100.202602081740/tools/bin/../lib/gcc/arm-none-eabi/14.3.1/thumb/v7e-m+fp/hard/crtbegin.o
 .text          0x08000208      0x378 C:/ST/STM32CubeIDE_2.1.0/STM32CubeIDE/plugins/com.st.stm32cube.ide.mcu.externaltools.gnu-tools-for-stm32.14.3.rel1.win32_1.0.100.202602081740/tools/bin/../lib/gcc/arm-none-eabi/14.3.1/thumb/v7e-m+fp/hard\libgcc.a(_arm_addsubdf3.o)
                0x08000208                __aeabi_drsub
                0x08000210                __aeabi_dsub
                0x08000210                __subdf3
                0x08000214                __aeabi_dadd
                0x08000214                __adddf3
                0x0800048c                __floatunsidf
                0x0800048c                __aeabi_ui2d
                0x080004ac                __floatsidf
                0x080004ac                __aeabi_i2d
                0x080004d0                __aeabi_f2d
                0x080004d0                __extendsfdf2
                0x08000514                __floatundidf
                0x08000514                __aeabi_ul2d
                0x08000524                __floatdidf
                0x08000524                __aeabi_l2d
 .text          0x08000580      0x424 C:/ST/STM32CubeIDE_2.1.0/STM32CubeIDE/plugins/com.st.stm32cube.ide.mcu.externaltools.gnu-tools-for-stm32.14.3.rel1.win32_1.0.100.202602081740/tools/bin/../lib/gcc/arm-none-eabi/14.3.1/thumb/v7e-m+fp/hard\libgcc.a(_arm_muldivdf3.o)
                0x08000580                __aeabi_dmul
                0x08000580                __muldf3
                0x080007d4                __divdf3
                0x080007d4                __aeabi_ddiv
 .text          0x080009a4       0xa0 C:/ST/STM32CubeIDE_2.1.0/STM32CubeIDE/plugins/com.st.stm32cube.ide.mcu.externaltools.gnu-tools-for-stm32.14.3.rel1.win32_1.0.100.202602081740/tools/bin/../lib/gcc/arm-none-eabi/14.3.1/thumb/v7e-m+fp/hard\libgcc.a(_arm_truncdfsf2.o)
                0x080009a4                __truncdfsf2
                0x080009a4                __aeabi_d2f
 .text          0x08000a44       0x30 C:/ST/STM32CubeIDE_2.1.0/STM32CubeIDE/plugins/com.st.stm32cube.ide.mcu.externaltools.gnu-tools-for-stm32.14.3.rel1.win32_1.0.100.202602081740/tools/bin/../lib/gcc/arm-none-eabi/14.3.1/thumb/v7e-m+fp/hard\libgcc.a(_aeabi_uldivmod.o)
                0x08000a44                __aeabi_uldivmod
 .text          0x08000a74      0x2f8 C:/ST/STM32CubeIDE_2.1.0/STM32CubeIDE/plugins/com.st.stm32cube.ide.mcu.externaltools.gnu-tools-for-stm32.14.3.rel1.win32_1.0.100.202602081740/tools/bin/../lib/gcc/arm-none-eabi/14.3.1/thumb/v7e-m+fp/hard\libgcc.a(_udivmoddi4.o)
                0x08000a74                __udivmoddi4
 .text          0x08000d6c        0x4 C:/ST/STM32CubeIDE_2.1.0/STM32CubeIDE/plugins/com.st.stm32cube.ide.mcu.externaltools.gnu-tools-for-stm32.14.3.rel1.win32_1.0.100.202602081740/tools/bin/../lib/gcc/arm-none-eabi/14.3.1/thumb/v7e-m+fp/hard\libgcc.a(_dvmd_tls.o)
                0x08000d6c                __aeabi_idiv0
                0x08000d6c                __aeabi_ldiv0
 *(.text*)
 .text.pack_left_shift_u8
                0x08000d70       0x2e ./Core/Src/can_mcu.o
 .text.pack_left_shift_u16
                0x08000d9e       0x2e ./Core/Src/can_mcu.o
 .text.pack_right_shift_u16
                0x08000dcc       0x2e ./Core/Src/can_mcu.o
 .text.unpack_left_shift_u16
                0x08000dfa       0x30 ./Core/Src/can_mcu.o
 .text.unpack_right_shift_u8
                0x08000e2a       0x30 ./Core/Src/can_mcu.o
 .text.unpack_right_shift_u16
                0x08000e5a       0x30 ./Core/Src/can_mcu.o
 .text.can_mcu_vcu_bools_unpack
                0x08000e8a       0xbc ./Core/Src/can_mcu.o
                0x08000e8a                can_mcu_vcu_bools_unpack
 .text.can_mcu_asb_pack
                0x08000f46      0x1d0 ./Core/Src/can_mcu.o
                0x08000f46                can_mcu_asb_pack
 .text.can_mcu_apu_state_mission_unpack
                0x08001116       0x64 ./Core/Src/can_mcu.o
                0x08001116                can_mcu_apu_state_mission_unpack
 .text.can_mcu_dash_brake_unpack
                0x0800117a       0xd8 ./Core/Src/can_mcu.o
                0x0800117a                can_mcu_dash_brake_unpack
 *fill*         0x08001252        0x6 
 .text.can_mcu_dash_brake_brake_pressure_front_decode
                0x08001258       0x40 ./Core/Src/can_mcu.o
                0x08001258                can_mcu_dash_brake_brake_pressure_front_decode
 .text.can_mcu_dash_brake_brake_pressure_rear_decode
                0x08001298       0x40 ./Core/Src/can_mcu.o
                0x08001298                can_mcu_dash_brake_brake_pressure_rear_decode
 .text.can_mcu_vcu_servo_control_unpack
                0x080012d8       0x38 ./Core/Src/can_mcu.o
                0x080012d8                can_mcu_vcu_servo_control_unpack
 .text.can_mcu_asb_datalogger_pack
                0x08001310      0x204 ./Core/Src/can_mcu.o
                0x08001310                can_mcu_asb_datalogger_pack
 .text.CAN_SendStdMessage
                0x08001514      0x1f0 ./Core/Src/main.o
 .text.CAN_SendAsbStatusTask
                0x08001704      0x130 ./Core/Src/main.o
 .text.CAN_SendAsbDataloggerTask
                0x08001834      0x1ac ./Core/Src/main.o
 .text.main     0x080019e0      0x244 ./Core/Src/main.o
                0x080019e0                main
 .text.SystemClock_Config
                0x08001c24       0xd8 ./Core/Src/main.o
                0x08001c24                SystemClock_Config
 .text.MX_ADC1_Init
                0x08001cfc       0xa4 ./Core/Src/main.o
 .text.MX_CAN1_Init
                0x08001da0       0x70 ./Core/Src/main.o
 .text.MX_DAC_Init
                0x08001e10       0x54 ./Core/Src/main.o
 .text.MX_TIM2_Init
                0x08001e64       0x98 ./Core/Src/main.o
 .text.MX_TIM3_Init
                0x08001efc       0xec ./Core/Src/main.o
 .text.MX_TIM4_Init
                0x08001fe8       0x9c ./Core/Src/main.o
 .text.MX_TIM5_Init
                0x08002084       0x9c ./Core/Src/main.o
 .text.MX_TIM6_Init
                0x08002120       0x6c ./Core/Src/main.o
 .text.MX_TIM7_Init
                0x0800218c       0x6c ./Core/Src/main.o
 .text.MX_DMA_Init
                0x080021f8       0x40 ./Core/Src/main.o
 .text.MX_GPIO_Init
                0x08002238      0x160 ./Core/Src/main.o
 .text.CAN_UpdateDiagnostics
                0x08002398       0xac ./Core/Src/main.o
 .text.Selected_Mission
                0x08002444       0x48 ./Core/Src/main.o
                0x08002444                Selected_Mission
 .text.As_Initial_Check
                0x0800248c      0x42c ./Core/Src/main.o
                0x0800248c                As_Initial_Check
 .text.Continuous_Monitoring
                0x080028b8      0x20c ./Core/Src/main.o
                0x080028b8                Continuous_Monitoring
 .text.Manual_Initial_Check
                0x08002ac4       0xac ./Core/Src/main.o
                0x08002ac4                Manual_Initial_Check
 .text.Manual_Monitoring
                0x08002b70       0x94 ./Core/Src/main.o
                0x08002b70                Manual_Monitoring
 *fill*         0x08002c04        0x4 
 .text.HAL_ADC_ConvCpltCallback
                0x08002c08       0xe8 ./Core/Src/main.o
                0x08002c08                HAL_ADC_ConvCpltCallback
 .text.HAL_TIM_PeriodElapsedCallback
                0x08002cf0      0x284 ./Core/Src/main.o
                0x08002cf0                HAL_TIM_PeriodElapsedCallback
 .text.HAL_CAN_RxFifo0MsgPendingCallback
                0x08002f74      0x128 ./Core/Src/main.o
                0x08002f74                HAL_CAN_RxFifo0MsgPendingCallback
 .text.HAL_CAN_ErrorCallback
                0x0800309c       0x80 ./Core/Src/main.o
                0x0800309c                HAL_CAN_ErrorCallback
 .text.HAL_CAN_TxMailbox0CompleteCallback
                0x0800311c       0x64 ./Core/Src/main.o
                0x0800311c                HAL_CAN_TxMailbox0CompleteCallback
 .text.HAL_CAN_TxMailbox1CompleteCallback
                0x08003180       0x64 ./Core/Src/main.o
                0x08003180                HAL_CAN_TxMailbox1CompleteCallback
 .text.HAL_CAN_TxMailbox2CompleteCallback
                0x080031e4       0x64 ./Core/Src/main.o
                0x080031e4                HAL_CAN_TxMailbox2CompleteCallback
 .text.HAL_CAN_TxMailbox0AbortCallback
                0x08003248       0x64 ./Core/Src/main.o
                0x08003248                HAL_CAN_TxMailbox0AbortCallback
 .text.HAL_CAN_TxMailbox1AbortCallback
                0x080032ac       0x64 ./Core/Src/main.o
                0x080032ac                HAL_CAN_TxMailbox1AbortCallback
 .text.HAL_CAN_TxMailbox2AbortCallback
                0x08003310       0x64 ./Core/Src/main.o
                0x08003310                HAL_CAN_TxMailbox2AbortCallback
 .text.Init_All
                0x08003374      0x42c ./Core/Src/main.o
                0x08003374                Init_All
 .text.Error_Handler
                0x080037a0        0xc ./Core/Src/main.o
                0x080037a0                Error_Handler
 .text.HAL_MspInit
                0x080037ac       0x50 ./Core/Src/stm32f4xx_hal_msp.o
                0x080037ac                HAL_MspInit
 .text.HAL_ADC_MspInit
                0x080037fc       0xf0 ./Core/Src/stm32f4xx_hal_msp.o
                0x080037fc                HAL_ADC_MspInit
 .text.HAL_CAN_MspInit
                0x080038ec       0xb0 ./Core/Src/stm32f4xx_hal_msp.o
                0x080038ec                HAL_CAN_MspInit
 .text.HAL_DAC_MspInit
                0x0800399c       0x98 ./Core/Src/stm32f4xx_hal_msp.o
                0x0800399c                HAL_DAC_MspInit
 .text.HAL_TIM_Base_MspInit
                0x08003a34      0x168 ./Core/Src/stm32f4xx_hal_msp.o
                0x08003a34                HAL_TIM_Base_MspInit
 .text.HAL_TIM_MspPostInit
                0x08003b9c       0x74 ./Core/Src/stm32f4xx_hal_msp.o
                0x08003b9c                HAL_TIM_MspPostInit
 .text.NMI_Handler
                0x08003c10        0x8 ./Core/Src/stm32f4xx_it.o
                0x08003c10                NMI_Handler
 .text.HardFault_Handler
                0x08003c18        0x8 ./Core/Src/stm32f4xx_it.o
                0x08003c18                HardFault_Handler
 .text.MemManage_Handler
                0x08003c20        0x8 ./Core/Src/stm32f4xx_it.o
                0x08003c20                MemManage_Handler
 .text.BusFault_Handler
                0x08003c28        0x8 ./Core/Src/stm32f4xx_it.o
                0x08003c28                BusFault_Handler
 .text.UsageFault_Handler
                0x08003c30        0x8 ./Core/Src/stm32f4xx_it.o
                0x08003c30                UsageFault_Handler
 .text.SVC_Handler
                0x08003c38        0xe ./Core/Src/stm32f4xx_it.o
                0x08003c38                SVC_Handler
 .text.DebugMon_Handler
                0x08003c46        0xe ./Core/Src/stm32f4xx_it.o
                0x08003c46                DebugMon_Handler
 .text.PendSV_Handler
                0x08003c54        0xe ./Core/Src/stm32f4xx_it.o
                0x08003c54                PendSV_Handler
 .text.SysTick_Handler
                0x08003c62        0xc ./Core/Src/stm32f4xx_it.o
                0x08003c62                SysTick_Handler
 *fill*         0x08003c6e        0x2 
 .text.CAN1_TX_IRQHandler
                0x08003c70       0x14 ./Core/Src/stm32f4xx_it.o
                0x08003c70                CAN1_TX_IRQHandler
 .text.CAN1_RX0_IRQHandler
                0x08003c84       0x14 ./Core/Src/stm32f4xx_it.o
                0x08003c84                CAN1_RX0_IRQHandler
 .text.TIM2_IRQHandler
                0x08003c98       0x14 ./Core/Src/stm32f4xx_it.o
                0x08003c98                TIM2_IRQHandler
 .text.TIM4_IRQHandler
                0x08003cac       0x14 ./Core/Src/stm32f4xx_it.o
                0x08003cac                TIM4_IRQHandler
 .text.TIM5_IRQHandler
                0x08003cc0       0x14 ./Core/Src/stm32f4xx_it.o
                0x08003cc0                TIM5_IRQHandler
 .text.TIM6_DAC_IRQHandler
                0x08003cd4       0x1c ./Core/Src/stm32f4xx_it.o
                0x08003cd4                TIM6_DAC_IRQHandler
 .text.TIM7_IRQHandler
                0x08003cf0       0x14 ./Core/Src/stm32f4xx_it.o
                0x08003cf0                TIM7_IRQHandler
 .text.DMA2_Stream0_IRQHandler
                0x08003d04       0x14 ./Core/Src/stm32f4xx_it.o
                0x08003d04                DMA2_Stream0_IRQHandler
 .text.SystemInit
                0x08003d18       0x24 ./Core/Src/system_stm32f4xx.o
                0x08003d18                SystemInit
 .text.Reset_Handler
                0x08003d3c       0x50 ./Core/Startup/startup_stm32f446retx.o
                0x08003d3c                Reset_Handler
 .text.Default_Handler
                0x08003d8c        0x2 ./Core/Startup/startup_stm32f446retx.o
                0x08003d8c                RTC_Alarm_IRQHandler
                0x08003d8c                EXTI2_IRQHandler
                0x08003d8c                TIM8_CC_IRQHandler
                0x08003d8c                FMPI2C1_EV_IRQHandler
                0x08003d8c                SPI4_IRQHandler
                0x08003d8c                TIM1_CC_IRQHandler
                0x08003d8c                DMA2_Stream5_IRQHandler
                0x08003d8c                DMA1_Stream5_IRQHandler
                0x08003d8c                PVD_IRQHandler
                0x08003d8c                SDIO_IRQHandler
                0x08003d8c                TAMP_STAMP_IRQHandler
                0x08003d8c                CAN2_RX1_IRQHandler
                0x08003d8c                EXTI3_IRQHandler
                0x08003d8c                TIM8_TRG_COM_TIM14_IRQHandler
                0x08003d8c                TIM1_UP_TIM10_IRQHandler
                0x08003d8c                TIM8_UP_TIM13_IRQHandler
                0x08003d8c                I2C3_ER_IRQHandler
                0x08003d8c                EXTI0_IRQHandler
                0x08003d8c                I2C2_EV_IRQHandler
                0x08003d8c                DMA1_Stream2_IRQHandler
                0x08003d8c                FPU_IRQHandler
                0x08003d8c                OTG_HS_WKUP_IRQHandler
                0x08003d8c                CAN2_SCE_IRQHandler
                0x08003d8c                DMA2_Stream2_IRQHandler
                0x08003d8c                SPI1_IRQHandler
                0x08003d8c                TIM1_BRK_TIM9_IRQHandler
                0x08003d8c                DCMI_IRQHandler
                0x08003d8c                CAN2_RX0_IRQHandler
                0x08003d8c                DMA2_Stream3_IRQHandler
                0x08003d8c                SAI2_IRQHandler
                0x08003d8c                USART6_IRQHandler
                0x08003d8c                USART3_IRQHandler
                0x08003d8c                CAN1_RX1_IRQHandler
                0x08003d8c                UART5_IRQHandler
                0x08003d8c                QUADSPI_IRQHandler
                0x08003d8c                I2C1_EV_IRQHandler
                0x08003d8c                DMA1_Stream6_IRQHandler
                0x08003d8c                DMA1_Stream1_IRQHandler
                0x08003d8c                UART4_IRQHandler
                0x08003d8c                TIM3_IRQHandler
                0x08003d8c                RCC_IRQHandler
                0x08003d8c                TIM8_BRK_TIM12_IRQHandler
                0x08003d8c                Default_Handler
                0x08003d8c                CEC_IRQHandler
                0x08003d8c                EXTI15_10_IRQHandler
                0x08003d8c                ADC_IRQHandler
                0x08003d8c                DMA1_Stream7_IRQHandler
                0x08003d8c                CAN2_TX_IRQHandler
                0x08003d8c                DMA2_Stream7_IRQHandler
                0x08003d8c                I2C3_EV_IRQHandler
                0x08003d8c                EXTI9_5_IRQHandler
                0x08003d8c                RTC_WKUP_IRQHandler
                0x08003d8c                SPDIF_RX_IRQHandler
                0x08003d8c                SPI2_IRQHandler
                0x08003d8c                OTG_HS_EP1_IN_IRQHandler
                0x08003d8c                DMA1_Stream0_IRQHandler
                0x08003d8c                FMPI2C1_ER_IRQHandler
                0x08003d8c                EXTI4_IRQHandler
                0x08003d8c                OTG_HS_EP1_OUT_IRQHandler
                0x08003d8c                WWDG_IRQHandler
                0x08003d8c                OTG_FS_WKUP_IRQHandler
                0x08003d8c                TIM1_TRG_COM_TIM11_IRQHandler
                0x08003d8c                OTG_HS_IRQHandler
                0x08003d8c                EXTI1_IRQHandler
                0x08003d8c                USART2_IRQHandler
                0x08003d8c                I2C2_ER_IRQHandler
                0x08003d8c                DMA2_Stream1_IRQHandler
                0x08003d8c                CAN1_SCE_IRQHandler
                0x08003d8c                FLASH_IRQHandler
                0x08003d8c                DMA2_Stream4_IRQHandler
                0x08003d8c                USART1_IRQHandler
                0x08003d8c                OTG_FS_IRQHandler
                0x08003d8c                SPI3_IRQHandler
                0x08003d8c                DMA1_Stream4_IRQHandler
                0x08003d8c                I2C1_ER_IRQHandler
                0x08003d8c                FMC_IRQHandler
                0x08003d8c                DMA2_Stream6_IRQHandler
                0x08003d8c                SAI1_IRQHandler
                0x08003d8c                DMA1_Stream3_IRQHandler
 *fill*         0x08003d8e        0x2 
 .text.HAL_Init
                0x08003d90       0x44 ./Drivers/STM32F4xx_HAL_Driver/Src/stm32f4xx_hal.o
                0x08003d90                HAL_Init
 .text.HAL_InitTick
                0x08003dd4       0x60 ./Drivers/STM32F4xx_HAL_Driver/Src/stm32f4xx_hal.o
                0x08003dd4                HAL_InitTick
 .text.HAL_IncTick
                0x08003e34       0x28 ./Drivers/STM32F4xx_HAL_Driver/Src/stm32f4xx_hal.o
                0x08003e34                HAL_IncTick
 .text.HAL_GetTick
                0x08003e5c       0x18 ./Drivers/STM32F4xx_HAL_Driver/Src/stm32f4xx_hal.o
                0x08003e5c                HAL_GetTick
 .text.HAL_Delay
                0x08003e74       0x48 ./Drivers/STM32F4xx_HAL_Driver/Src/stm32f4xx_hal.o
                0x08003e74                HAL_Delay
 .text.HAL_ADC_Init
                0x08003ebc       0x86 ./Drivers/STM32F4xx_HAL_Driver/Src/stm32f4xx_hal_adc.o
                0x08003ebc                HAL_ADC_Init
 *fill*         0x08003f42        0x2 
 .text.HAL_ADC_Start_DMA
                0x08003f44      0x228 ./Drivers/STM32F4xx_HAL_Driver/Src/stm32f4xx_hal_adc.o
                0x08003f44                HAL_ADC_Start_DMA
 .text.HAL_ADC_ConvHalfCpltCallback
                0x0800416c       0x14 ./Drivers/STM32F4xx_HAL_Driver/Src/stm32f4xx_hal_adc.o
                0x0800416c                HAL_ADC_ConvHalfCpltCallback
 .text.HAL_ADC_ErrorCallback
                0x08004180       0x14 ./Drivers/STM32F4xx_HAL_Driver/Src/stm32f4xx_hal_adc.o
                0x08004180                HAL_ADC_ErrorCallback
 .text.HAL_ADC_ConfigChannel
                0x08004194      0x264 ./Drivers/STM32F4xx_HAL_Driver/Src/stm32f4xx_hal_adc.o
                0x08004194                HAL_ADC_ConfigChannel
 .text.ADC_Init
                0x080043f8      0x1f8 ./Drivers/STM32F4xx_HAL_Driver/Src/stm32f4xx_hal_adc.o
 .text.ADC_DMAConvCplt
                0x080045f0       0xba ./Drivers/STM32F4xx_HAL_Driver/Src/stm32f4xx_hal_adc.o
 .text.ADC_DMAHalfConvCplt
                0x080046aa       0x1c ./Drivers/STM32F4xx_HAL_Driver/Src/stm32f4xx_hal_adc.o
 .text.ADC_DMAError
                0x080046c6       0x2e ./Drivers/STM32F4xx_HAL_Driver/Src/stm32f4xx_hal_adc.o
 .text.HAL_CAN_Init
                0x080046f4      0x1f6 ./Drivers/STM32F4xx_HAL_Driver/Src/stm32f4xx_hal_can.o
                0x080046f4                HAL_CAN_Init
 *fill*         0x080048ea        0x2 
 .text.HAL_CAN_ConfigFilter
                0x080048ec      0x1bc ./Drivers/STM32F4xx_HAL_Driver/Src/stm32f4xx_hal_can.o
                0x080048ec                HAL_CAN_ConfigFilter
 .text.HAL_CAN_Start
                0x08004aa8       0x88 ./Drivers/STM32F4xx_HAL_Driver/Src/stm32f4xx_hal_can.o
                0x08004aa8                HAL_CAN_Start
 .text.HAL_CAN_AddTxMessage
                0x08004b30      0x1a0 ./Drivers/STM32F4xx_HAL_Driver/Src/stm32f4xx_hal_can.o
                0x08004b30                HAL_CAN_AddTxMessage
 .text.HAL_CAN_GetTxMailboxesFreeLevel
                0x08004cd0       0x6a ./Drivers/STM32F4xx_HAL_Driver/Src/stm32f4xx_hal_can.o
                0x08004cd0                HAL_CAN_GetTxMailboxesFreeLevel
 .text.HAL_CAN_GetRxMessage
                0x08004d3a      0x244 ./Drivers/STM32F4xx_HAL_Driver/Src/stm32f4xx_hal_can.o
                0x08004d3a                HAL_CAN_GetRxMessage
 .text.HAL_CAN_ActivateNotification
                0x08004f7e       0x4c ./Drivers/STM32F4xx_HAL_Driver/Src/stm32f4xx_hal_can.o
                0x08004f7e                HAL_CAN_ActivateNotification
 .text.HAL_CAN_IRQHandler
                0x08004fca      0x36e ./Drivers/STM32F4xx_HAL_Driver/Src/stm32f4xx_hal_can.o
                0x08004fca                HAL_CAN_IRQHandler
 .text.HAL_CAN_RxFifo0FullCallback
                0x08005338       0x14 ./Drivers/STM32F4xx_HAL_Driver/Src/stm32f4xx_hal_can.o
                0x08005338                HAL_CAN_RxFifo0FullCallback
 .text.HAL_CAN_RxFifo1MsgPendingCallback
                0x0800534c       0x14 ./Drivers/STM32F4xx_HAL_Driver/Src/stm32f4xx_hal_can.o
                0x0800534c                HAL_CAN_RxFifo1MsgPendingCallback
 .text.HAL_CAN_RxFifo1FullCallback
                0x08005360       0x14 ./Drivers/STM32F4xx_HAL_Driver/Src/stm32f4xx_hal_can.o
                0x08005360                HAL_CAN_RxFifo1FullCallback
 .text.HAL_CAN_SleepCallback
                0x08005374       0x14 ./Drivers/STM32F4xx_HAL_Driver/Src/stm32f4xx_hal_can.o
                0x08005374                HAL_CAN_SleepCallback
 .text.HAL_CAN_WakeUpFromRxMsgCallback
                0x08005388       0x14 ./Drivers/STM32F4xx_HAL_Driver/Src/stm32f4xx_hal_can.o
                0x08005388                HAL_CAN_WakeUpFromRxMsgCallback
 .text.HAL_CAN_GetError
                0x0800539c       0x18 ./Drivers/STM32F4xx_HAL_Driver/Src/stm32f4xx_hal_can.o
                0x0800539c                HAL_CAN_GetError
 .text.__NVIC_SetPriorityGrouping
                0x080053b4       0x48 ./Drivers/STM32F4xx_HAL_Driver/Src/stm32f4xx_hal_cortex.o
 .text.__NVIC_GetPriorityGrouping
                0x080053fc       0x1c ./Drivers/STM32F4xx_HAL_Driver/Src/stm32f4xx_hal_cortex.o
 .text.__NVIC_EnableIRQ
                0x08005418       0x3c ./Drivers/STM32F4xx_HAL_Driver/Src/stm32f4xx_hal_cortex.o
 .text.__NVIC_SetPriority
                0x08005454       0x54 ./Drivers/STM32F4xx_HAL_Driver/Src/stm32f4xx_hal_cortex.o
 .text.NVIC_EncodePriority
                0x080054a8       0x66 ./Drivers/STM32F4xx_HAL_Driver/Src/stm32f4xx_hal_cortex.o
 *fill*         0x0800550e        0x2 
 .text.SysTick_Config
                0x08005510       0x44 ./Drivers/STM32F4xx_HAL_Driver/Src/stm32f4xx_hal_cortex.o
 .text.HAL_NVIC_SetPriorityGrouping
                0x08005554       0x16 ./Drivers/STM32F4xx_HAL_Driver/Src/stm32f4xx_hal_cortex.o
                0x08005554                HAL_NVIC_SetPriorityGrouping
 .text.HAL_NVIC_SetPriority
                0x0800556a       0x38 ./Drivers/STM32F4xx_HAL_Driver/Src/stm32f4xx_hal_cortex.o
                0x0800556a                HAL_NVIC_SetPriority
 .text.HAL_NVIC_EnableIRQ
                0x080055a2       0x1c ./Drivers/STM32F4xx_HAL_Driver/Src/stm32f4xx_hal_cortex.o
                0x080055a2                HAL_NVIC_EnableIRQ
 .text.HAL_SYSTICK_Config
                0x080055be       0x18 ./Drivers/STM32F4xx_HAL_Driver/Src/stm32f4xx_hal_cortex.o
                0x080055be                HAL_SYSTICK_Config
 .text.HAL_DAC_Init
                0x080055d6       0x44 ./Drivers/STM32F4xx_HAL_Driver/Src/stm32f4xx_hal_dac.o
                0x080055d6                HAL_DAC_Init
 .text.HAL_DAC_Start
                0x0800561a       0xae ./Drivers/STM32F4xx_HAL_Driver/Src/stm32f4xx_hal_dac.o
                0x0800561a                HAL_DAC_Start
 .text.HAL_DAC_IRQHandler
                0x080056c8       0xac ./Drivers/STM32F4xx_HAL_Driver/Src/stm32f4xx_hal_dac.o
                0x080056c8                HAL_DAC_IRQHandler
 .text.HAL_DAC_DMAUnderrunCallbackCh1
                0x08005774       0x14 ./Drivers/STM32F4xx_HAL_Driver/Src/stm32f4xx_hal_dac.o
                0x08005774                HAL_DAC_DMAUnderrunCallbackCh1
 .text.HAL_DAC_ConfigChannel
                0x08005788       0xb2 ./Drivers/STM32F4xx_HAL_Driver/Src/stm32f4xx_hal_dac.o
                0x08005788                HAL_DAC_ConfigChannel
 .text.HAL_DACEx_DMAUnderrunCallbackCh2
                0x0800583a       0x14 ./Drivers/STM32F4xx_HAL_Driver/Src/stm32f4xx_hal_dac_ex.o
                0x0800583a                HAL_DACEx_DMAUnderrunCallbackCh2
 *fill*         0x0800584e        0x2 
 .text.HAL_DMA_Init
                0x08005850      0x15c ./Drivers/STM32F4xx_HAL_Driver/Src/stm32f4xx_hal_dma.o
                0x08005850                HAL_DMA_Init
 .text.HAL_DMA_Start_IT
                0x080059ac       0xb0 ./Drivers/STM32F4xx_HAL_Driver/Src/stm32f4xx_hal_dma.o
                0x080059ac                HAL_DMA_Start_IT
 .text.HAL_DMA_IRQHandler
                0x08005a5c      0x314 ./Drivers/STM32F4xx_HAL_Driver/Src/stm32f4xx_hal_dma.o
                0x08005a5c                HAL_DMA_IRQHandler
 .text.DMA_SetConfig
                0x08005d70       0x5c ./Drivers/STM32F4xx_HAL_Driver/Src/stm32f4xx_hal_dma.o
 .text.DMA_CalcBaseAndBitshift
                0x08005dcc       0x6c ./Drivers/STM32F4xx_HAL_Driver/Src/stm32f4xx_hal_dma.o
 .text.DMA_CheckFifoParam
                0x08005e38       0xf8 ./Drivers/STM32F4xx_HAL_Driver/Src/stm32f4xx_hal_dma.o
 .text.HAL_GPIO_Init
                0x08005f30      0x328 ./Drivers/STM32F4xx_HAL_Driver/Src/stm32f4xx_hal_gpio.o
                0x08005f30                HAL_GPIO_Init
 .text.HAL_GPIO_ReadPin
                0x08006258       0x30 ./Drivers/STM32F4xx_HAL_Driver/Src/stm32f4xx_hal_gpio.o
                0x08006258                HAL_GPIO_ReadPin
 .text.HAL_GPIO_WritePin
                0x08006288       0x32 ./Drivers/STM32F4xx_HAL_Driver/Src/stm32f4xx_hal_gpio.o
                0x08006288                HAL_GPIO_WritePin
 .text.HAL_GPIO_TogglePin
                0x080062ba       0x34 ./Drivers/STM32F4xx_HAL_Driver/Src/stm32f4xx_hal_gpio.o
                0x080062ba                HAL_GPIO_TogglePin
 *fill*         0x080062ee        0x2 
 .text.HAL_RCC_ClockConfig
                0x080062f0      0x1cc ./Drivers/STM32F4xx_HAL_Driver/Src/stm32f4xx_hal_rcc.o
                0x080062f0                HAL_RCC_ClockConfig
 .text.HAL_RCC_GetSysClockFreq
                0x080064bc      0x460 ./Drivers/STM32F4xx_HAL_Driver/Src/stm32f4xx_hal_rcc_ex.o
                0x080064bc                HAL_RCC_GetSysClockFreq
 .text.HAL_RCC_OscConfig
                0x0800691c      0x53c ./Drivers/STM32F4xx_HAL_Driver/Src/stm32f4xx_hal_rcc_ex.o
                0x0800691c                HAL_RCC_OscConfig
 .text.HAL_TIM_Base_Init
                0x08006e58       0x9e ./Drivers/STM32F4xx_HAL_Driver/Src/stm32f4xx_hal_tim.o
                0x08006e58                HAL_TIM_Base_Init
 *fill*         0x08006ef6        0x2 
 .text.HAL_TIM_Base_Start_IT
                0x08006ef8       0xe0 ./Drivers/STM32F4xx_HAL_Driver/Src/stm32f4xx_hal_tim.o
                0x08006ef8                HAL_TIM_Base_Start_IT
 .text.HAL_TIM_PWM_Init
                0x08006fd8       0x9e ./Drivers/STM32F4xx_HAL_Driver/Src/stm32f4xx_hal_tim.o
                0x08006fd8                HAL_TIM_PWM_Init
 .text.HAL_TIM_PWM_MspInit
                0x08007076       0x14 ./Drivers/STM32F4xx_HAL_Driver/Src/stm32f4xx_hal_tim.o
                0x08007076                HAL_TIM_PWM_MspInit
 *fill*         0x0800708a        0x2 
 .text.HAL_TIM_PWM_Start
                0x0800708c      0x190 ./Drivers/STM32F4xx_HAL_Driver/Src/stm32f4xx_hal_tim.o
                0x0800708c                HAL_TIM_PWM_Start
 .text.HAL_TIM_PWM_Stop
                0x0800721c       0xe0 ./Drivers/STM32F4xx_HAL_Driver/Src/stm32f4xx_hal_tim.o
                0x0800721c                HAL_TIM_PWM_Stop
 .text.HAL_TIM_IRQHandler
                0x080072fc      0x1e0 ./Drivers/STM32F4xx_HAL_Driver/Src/stm32f4xx_hal_tim.o
                0x080072fc                HAL_TIM_IRQHandler
 .text.HAL_TIM_PWM_ConfigChannel
                0x080074dc      0x184 ./Drivers/STM32F4xx_HAL_Driver/Src/stm32f4xx_hal_tim.o
                0x080074dc                HAL_TIM_PWM_ConfigChannel
 .text.HAL_TIM_ConfigClockSource
                0x08007660      0x18e ./Drivers/STM32F4xx_HAL_Driver/Src/stm32f4xx_hal_tim.o
                0x08007660                HAL_TIM_ConfigClockSource
 .text.HAL_TIM_OC_DelayElapsedCallback
                0x080077ee       0x14 ./Drivers/STM32F4xx_HAL_Driver/Src/stm32f4xx_hal_tim.o
                0x080077ee                HAL_TIM_OC_DelayElapsedCallback
 .text.HAL_TIM_IC_CaptureCallback
                0x08007802       0x14 ./Drivers/STM32F4xx_HAL_Driver/Src/stm32f4xx_hal_tim.o
                0x08007802                HAL_TIM_IC_CaptureCallback
 .text.HAL_TIM_PWM_PulseFinishedCallback
                0x08007816       0x14 ./Drivers/STM32F4xx_HAL_Driver/Src/stm32f4xx_hal_tim.o
                0x08007816                HAL_TIM_PWM_PulseFinishedCallback
 .text.HAL_TIM_TriggerCallback
                0x0800782a       0x14 ./Drivers/STM32F4xx_HAL_Driver/Src/stm32f4xx_hal_tim.o
                0x0800782a                HAL_TIM_TriggerCallback
 *fill*         0x0800783e        0x2 
 .text.TIM_Base_SetConfig
                0x08007840      0x14c ./Drivers/STM32F4xx_HAL_Driver/Src/stm32f4xx_hal_tim.o
                0x08007840                TIM_Base_SetConfig
 .text.TIM_OC1_SetConfig
                0x0800798c       0xe0 ./Drivers/STM32F4xx_HAL_Driver/Src/stm32f4xx_hal_tim.o
 .text.TIM_OC2_SetConfig
                0x08007a6c       0xec ./Drivers/STM32F4xx_HAL_Driver/Src/stm32f4xx_hal_tim.o
                0x08007a6c                TIM_OC2_SetConfig
 .text.TIM_OC3_SetConfig
                0x08007b58       0xe8 ./Drivers/STM32F4xx_HAL_Driver/Src/stm32f4xx_hal_tim.o
 .text.TIM_OC4_SetConfig
                0x08007c40       0xac ./Drivers/STM32F4xx_HAL_Driver/Src/stm32f4xx_hal_tim.o
 .text.TIM_TI1_ConfigInputStage
                0x08007cec       0x5e ./Drivers/STM32F4xx_HAL_Driver/Src/stm32f4xx_hal_tim.o
 .text.TIM_TI2_ConfigInputStage
                0x08007d4a       0x60 ./Drivers/STM32F4xx_HAL_Driver/Src/stm32f4xx_hal_tim.o
 .text.TIM_ITRx_SetConfig
                0x08007daa       0x36 ./Drivers/STM32F4xx_HAL_Driver/Src/stm32f4xx_hal_tim.o
 .text.TIM_ETR_SetConfig
                0x08007de0       0x40 ./Drivers/STM32F4xx_HAL_Driver/Src/stm32f4xx_hal_tim.o
                0x08007de0                TIM_ETR_SetConfig
 .text.TIM_CCxChannelCmd
                0x08007e20       0x4a ./Drivers/STM32F4xx_HAL_Driver/Src/stm32f4xx_hal_tim.o
                0x08007e20                TIM_CCxChannelCmd
 *fill*         0x08007e6a        0x2 
 .text.HAL_TIMEx_MasterConfigSynchronization
                0x08007e6c       0xf8 ./Drivers/STM32F4xx_HAL_Driver/Src/stm32f4xx_hal_tim_ex.o
                0x08007e6c                HAL_TIMEx_MasterConfigSynchronization
 .text.HAL_TIMEx_CommutCallback
                0x08007f64       0x14 ./Drivers/STM32F4xx_HAL_Driver/Src/stm32f4xx_hal_tim_ex.o
                0x08007f64                HAL_TIMEx_CommutCallback
 .text.HAL_TIMEx_BreakCallback
                0x08007f78       0x14 ./Drivers/STM32F4xx_HAL_Driver/Src/stm32f4xx_hal_tim_ex.o
                0x08007f78                HAL_TIMEx_BreakCallback
 .text.memset   0x08007f8c       0x10 C:/ST/STM32CubeIDE_2.1.0/STM32CubeIDE/plugins/com.st.stm32cube.ide.mcu.externaltools.gnu-tools-for-stm32.14.3.rel1.win32_1.0.100.202602081740/tools/bin/../lib/gcc/arm-none-eabi/14.3.1/../../../../arm-none-eabi/lib/thumb/v7e-m+fp/hard\libc_nano.a(libc_a-memset.o)
                0x08007f8c                memset
 .text.__libc_init_array
                0x08007f9c       0x48 C:/ST/STM32CubeIDE_2.1.0/STM32CubeIDE/plugins/com.st.stm32cube.ide.mcu.externaltools.gnu-tools-for-stm32.14.3.rel1.win32_1.0.100.202602081740/tools/bin/../lib/gcc/arm-none-eabi/14.3.1/../../../../arm-none-eabi/lib/thumb/v7e-m+fp/hard\libc_nano.a(libc_a-init.o)
                0x08007f9c                __libc_init_array
 *(.glue_7)
 .glue_7        0x08007fe4        0x0 linker stubs
 *(.glue_7t)
 .glue_7t       0x08007fe4        0x0 linker stubs
 *(.eh_frame)
 .eh_frame      0x08007fe4        0x0 C:/ST/STM32CubeIDE_2.1.0/STM32CubeIDE/plugins/com.st.stm32cube.ide.mcu.externaltools.gnu-tools-for-stm32.14.3.rel1.win32_1.0.100.202602081740/tools/bin/../lib/gcc/arm-none-eabi/14.3.1/thumb/v7e-m+fp/hard/crtbegin.o
 *(.init)
 .init          0x08007fe4        0x4 C:/ST/STM32CubeIDE_2.1.0/STM32CubeIDE/plugins/com.st.stm32cube.ide.mcu.externaltools.gnu-tools-for-stm32.14.3.rel1.win32_1.0.100.202602081740/tools/bin/../lib/gcc/arm-none-eabi/14.3.1/thumb/v7e-m+fp/hard/crti.o
                0x08007fe4                _init
 .init          0x08007fe8        0x8 C:/ST/STM32CubeIDE_2.1.0/STM32CubeIDE/plugins/com.st.stm32cube.ide.mcu.externaltools.gnu-tools-for-stm32.14.3.rel1.win32_1.0.100.202602081740/tools/bin/../lib/gcc/arm-none-eabi/14.3.1/thumb/v7e-m+fp/hard/crtn.o
 *(.fini)
 .fini          0x08007ff0        0x4 C:/ST/STM32CubeIDE_2.1.0/STM32CubeIDE/plugins/com.st.stm32cube.ide.mcu.externaltools.gnu-tools-for-stm32.14.3.rel1.win32_1.0.100.202602081740/tools/bin/../lib/gcc/arm-none-eabi/14.3.1/thumb/v7e-m+fp/hard/crti.o
                0x08007ff0                _fini
 .fini          0x08007ff4        0x8 C:/ST/STM32CubeIDE_2.1.0/STM32CubeIDE/plugins/com.st.stm32cube.ide.mcu.externaltools.gnu-tools-for-stm32.14.3.rel1.win32_1.0.100.202602081740/tools/bin/../lib/gcc/arm-none-eabi/14.3.1/thumb/v7e-m+fp/hard/crtn.o
                0x08007ffc                        . = ALIGN (0x4)
                0x08007ffc                        _etext = .

.vfp11_veneer   0x08007ffc        0x0
 .vfp11_veneer  0x08007ffc        0x0 linker stubs

.v4_bx          0x08007ffc        0x0
 .v4_bx         0x08007ffc        0x0 linker stubs

.iplt           0x08007ffc        0x0
 .iplt          0x08007ffc        0x0 C:/ST/STM32CubeIDE_2.1.0/STM32CubeIDE/plugins/com.st.stm32cube.ide.mcu.externaltools.gnu-tools-for-stm32.14.3.rel1.win32_1.0.100.202602081740/tools/bin/../lib/gcc/arm-none-eabi/14.3.1/thumb/v7e-m+fp/hard/crtbegin.o

.rodata         0x08007ffc       0x20
                0x08007ffc                        . = ALIGN (0x4)
 *(.rodata)
 .rodata        0x08007ffc        0x8 ./Core/Src/main.o
 *(.rodata*)
 .rodata.AHBPrescTable
                0x08008004       0x10 ./Core/Src/system_stm32f4xx.o
                0x08008004                AHBPrescTable
 .rodata.flagBitshiftOffset.0
                0x08008014        0x8 ./Drivers/STM32F4xx_HAL_Driver/Src/stm32f4xx_hal_dma.o
                0x0800801c                        . = ALIGN (0x4)

.ARM.extab      0x0800801c        0x0
                0x0800801c                        . = ALIGN (0x4)
 *(.ARM.extab* .gnu.linkonce.armextab.*)
                0x0800801c                        . = ALIGN (0x4)

.ARM            0x0800801c        0x8
                0x0800801c                        . = ALIGN (0x4)
                0x0800801c                        __exidx_start = .
 *(.ARM.exidx*)
 .ARM.exidx     0x0800801c        0x8 C:/ST/STM32CubeIDE_2.1.0/STM32CubeIDE/plugins/com.st.stm32cube.ide.mcu.externaltools.gnu-tools-for-stm32.14.3.rel1.win32_1.0.100.202602081740/tools/bin/../lib/gcc/arm-none-eabi/14.3.1/thumb/v7e-m+fp/hard\libgcc.a(_udivmoddi4.o)
                0x08008024                        __exidx_end = .
                0x08008024                        . = ALIGN (0x4)

.preinit_array  0x08008024        0x0
                0x08008024                        . = ALIGN (0x4)
                0x08008024                        PROVIDE (__preinit_array_start = .)
 *(.preinit_array*)
                0x08008024                        PROVIDE (__preinit_array_end = .)
                0x08008024                        . = ALIGN (0x4)

.init_array     0x08008024        0x4
                0x08008024                        . = ALIGN (0x4)
                0x08008024                        PROVIDE (__init_array_start = .)
 *(SORT_BY_NAME(.init_array.*))
 *(.init_array*)
 .init_array    0x08008024        0x4 C:/ST/STM32CubeIDE_2.1.0/STM32CubeIDE/plugins/com.st.stm32cube.ide.mcu.externaltools.gnu-tools-for-stm32.14.3.rel1.win32_1.0.100.202602081740/tools/bin/../lib/gcc/arm-none-eabi/14.3.1/thumb/v7e-m+fp/hard/crtbegin.o
                0x08008028                        PROVIDE (__init_array_end = .)
                0x08008028                        . = ALIGN (0x4)

.fini_array     0x08008028        0x4
                0x08008028                        . = ALIGN (0x4)
                [!provide]                        PROVIDE (__fini_array_start = .)
 *(SORT_BY_NAME(.fini_array.*))
 *(.fini_array*)
 .fini_array    0x08008028        0x4 C:/ST/STM32CubeIDE_2.1.0/STM32CubeIDE/plugins/com.st.stm32cube.ide.mcu.externaltools.gnu-tools-for-stm32.14.3.rel1.win32_1.0.100.202602081740/tools/bin/../lib/gcc/arm-none-eabi/14.3.1/thumb/v7e-m+fp/hard/crtbegin.o
                [!provide]                        PROVIDE (__fini_array_end = .)
                0x0800802c                        . = ALIGN (0x4)
                0x0800802c                        _sidata = LOADADDR (.data)

.rel.dyn        0x0800802c        0x0
 .rel.iplt      0x0800802c        0x0 C:/ST/STM32CubeIDE_2.1.0/STM32CubeIDE/plugins/com.st.stm32cube.ide.mcu.externaltools.gnu-tools-for-stm32.14.3.rel1.win32_1.0.100.202602081740/tools/bin/../lib/gcc/arm-none-eabi/14.3.1/thumb/v7e-m+fp/hard/crtbegin.o

.data           0x20000000        0xc load address 0x0800802c
                0x20000000                        . = ALIGN (0x4)
                0x20000000                        _sdata = .
 *(.data)
 *(.data*)
 .data.SystemCoreClock
                0x20000000        0x4 ./Core/Src/system_stm32f4xx.o
                0x20000000                SystemCoreClock
 .data.uwTickPrio
                0x20000004        0x4 ./Drivers/STM32F4xx_HAL_Driver/Src/stm32f4xx_hal.o
                0x20000004                uwTickPrio
 .data.uwTickFreq
                0x20000008        0x1 ./Drivers/STM32F4xx_HAL_Driver/Src/stm32f4xx_hal.o
                0x20000008                uwTickFreq
 *(.RamFunc)
 *(.RamFunc*)
                0x2000000c                        . = ALIGN (0x4)
 *fill*         0x20000009        0x3 
                0x2000000c                        _edata = .

.igot.plt       0x2000000c        0x0 load address 0x08008038
 .igot.plt      0x2000000c        0x0 C:/ST/STM32CubeIDE_2.1.0/STM32CubeIDE/plugins/com.st.stm32cube.ide.mcu.externaltools.gnu-tools-for-stm32.14.3.rel1.win32_1.0.100.202602081740/tools/bin/../lib/gcc/arm-none-eabi/14.3.1/thumb/v7e-m+fp/hard/crtbegin.o
                0x2000000c                        . = ALIGN (0x4)

.bss            0x2000000c      0x3ec load address 0x08008038
                0x2000000c                        _sbss = .
                0x2000000c                        __bss_start__ = _sbss
 *(.bss)
 .bss           0x2000000c       0x1c C:/ST/STM32CubeIDE_2.1.0/STM32CubeIDE/plugins/com.st.stm32cube.ide.mcu.externaltools.gnu-tools-for-stm32.14.3.rel1.win32_1.0.100.202602081740/tools/bin/../lib/gcc/arm-none-eabi/14.3.1/thumb/v7e-m+fp/hard/crtbegin.o
 *(.bss*)
 .bss.hadc1     0x20000028       0x48 ./Core/Src/main.o
                0x20000028                hadc1
 .bss.hdma_adc1
                0x20000070       0x60 ./Core/Src/main.o
                0x20000070                hdma_adc1
 .bss.hcan1     0x200000d0       0x28 ./Core/Src/main.o
                0x200000d0                hcan1
 .bss.hdac      0x200000f8       0x14 ./Core/Src/main.o
                0x200000f8                hdac
 .bss.htim2     0x2000010c       0x48 ./Core/Src/main.o
                0x2000010c                htim2
 .bss.htim3     0x20000154       0x48 ./Core/Src/main.o
                0x20000154                htim3
 .bss.htim4     0x2000019c       0x48 ./Core/Src/main.o
                0x2000019c                htim4
 .bss.htim5     0x200001e4       0x48 ./Core/Src/main.o
                0x200001e4                htim5
 .bss.htim6     0x2000022c       0x48 ./Core/Src/main.o
                0x2000022c                htim6
 .bss.htim7     0x20000274       0x48 ./Core/Src/main.o
                0x20000274                htim7
 .bss.Debug_State
                0x200002bc        0x4 ./Core/Src/main.o
                0x200002bc                Debug_State
 .bss.Initial_Check_Step
                0x200002c0        0x4 ./Core/Src/main.o
                0x200002c0                Initial_Check_Step
 .bss.APU_Transition
                0x200002c4        0x4 ./Core/Src/main.o
                0x200002c4                APU_Transition
 .bss.Monitoring
                0x200002c8        0x1 ./Core/Src/main.o
                0x200002c8                Monitoring
 .bss.Monitor_All
                0x200002c9        0x1 ./Core/Src/main.o
                0x200002c9                Monitor_All
 *fill*         0x200002ca        0x2 
 .bss.Manual_monitor_counter
                0x200002cc        0x4 ./Core/Src/main.o
                0x200002cc                Manual_monitor_counter
 .bss.Manual_monitor_check
                0x200002d0        0x1 ./Core/Src/main.o
                0x200002d0                Manual_monitor_check
 .bss.Watchdog_Check
                0x200002d1        0x1 ./Core/Src/main.o
                0x200002d1                Watchdog_Check
 .bss.Brake_Pressure_Check
                0x200002d2        0x1 ./Core/Src/main.o
                0x200002d2                Brake_Pressure_Check
 .bss.Tank_Pressure_Check
                0x200002d3        0x1 ./Core/Src/main.o
                0x200002d3                Tank_Pressure_Check
 .bss.Interlock_Valve1_Check
                0x200002d4        0x1 ./Core/Src/main.o
                0x200002d4                Interlock_Valve1_Check
 .bss.Interlock_Valve2_Check
                0x200002d5        0x1 ./Core/Src/main.o
                0x200002d5                Interlock_Valve2_Check
 .bss.APU_Communication_Check
                0x200002d6        0x1 ./Core/Src/main.o
                0x200002d6                APU_Communication_Check
 *fill*         0x200002d7        0x1 
 .bss.Watchdog_Check_error
                0x200002d8        0x4 ./Core/Src/main.o
                0x200002d8                Watchdog_Check_error
 .bss.Brake_Pressure_Check_errors
                0x200002dc        0x4 ./Core/Src/main.o
                0x200002dc                Brake_Pressure_Check_errors
 .bss.Tank_Pressure_Check_errors
                0x200002e0        0x4 ./Core/Src/main.o
                0x200002e0                Tank_Pressure_Check_errors
 .bss.Interlock_Valve1_Check_errors
                0x200002e4        0x4 ./Core/Src/main.o
                0x200002e4                Interlock_Valve1_Check_errors
 .bss.Interlock_Valve2_Check_errors
                0x200002e8        0x4 ./Core/Src/main.o
                0x200002e8                Interlock_Valve2_Check_errors
 .bss.Brake_Pressure_Check_ms
                0x200002ec        0x4 ./Core/Src/main.o
                0x200002ec                Brake_Pressure_Check_ms
 .bss.Tank_Pressure_Check_ms
                0x200002f0        0x4 ./Core/Src/main.o
                0x200002f0                Tank_Pressure_Check_ms
 .bss.APU_Communication_Check_ms
                0x200002f4        0x4 ./Core/Src/main.o
                0x200002f4                APU_Communication_Check_ms
 .bss.Brake_Pressure
                0x200002f8        0x4 ./Core/Src/main.o
                0x200002f8                Brake_Pressure
 .bss.Servo_Command
                0x200002fc        0x4 ./Core/Src/main.o
                0x200002fc                Servo_Command
 .bss.Servo_Status
                0x20000300        0x1 ./Core/Src/main.o
                0x20000300                Servo_Status
 .bss.Service_Brake_Check
                0x20000301        0x1 ./Core/Src/main.o
                0x20000301                Service_Brake_Check
 .bss.Servo_Interlock_Check
                0x20000302        0x1 ./Core/Src/main.o
                0x20000302                Servo_Interlock_Check
 *fill*         0x20000303        0x1 
 .bss.msgHeaderRx
                0x20000304       0x1c ./Core/Src/main.o
                0x20000304                msgHeaderRx
 .bss.txMailbox
                0x20000320        0x4 ./Core/Src/main.o
                0x20000320                txMailbox
 .bss.rxData    0x20000324        0x8 ./Core/Src/main.o
                0x20000324                rxData
 .bss.txData    0x2000032c        0x8 ./Core/Src/main.o
                0x2000032c                txData
 .bss.Can_Error
                0x20000334        0x1 ./Core/Src/main.o
                0x20000334                Can_Error
 *fill*         0x20000335        0x3 
 .bss.Can_LastError
                0x20000338        0x4 ./Core/Src/main.o
                0x20000338                Can_LastError
 .bss.Can_LastEsr
                0x2000033c        0x4 ./Core/Src/main.o
                0x2000033c                Can_LastEsr
 .bss.Can_LastTsr
                0x20000340        0x4 ./Core/Src/main.o
                0x20000340                Can_LastTsr
 .bss.Can_LastLec
                0x20000344        0x4 ./Core/Src/main.o
                0x20000344                Can_LastLec
 .bss.Can_LastTec
                0x20000348        0x4 ./Core/Src/main.o
                0x20000348                Can_LastTec
 .bss.Can_LastRec
                0x2000034c        0x4 ./Core/Src/main.o
                0x2000034c                Can_LastRec
 .bss.Can_LastBusOff
                0x20000350        0x4 ./Core/Src/main.o
                0x20000350                Can_LastBusOff
 .bss.Can_LastErrorPassive
                0x20000354        0x4 ./Core/Src/main.o
                0x20000354                Can_LastErrorPassive
 .bss.Can_LastErrorWarning
                0x20000358        0x4 ./Core/Src/main.o
                0x20000358                Can_LastErrorWarning
 .bss.Can_DebugState
                0x2000035c        0x4 ./Core/Src/main.o
                0x2000035c                Can_DebugState
 .bss.Can_DebugAttempts
                0x20000360        0x4 ./Core/Src/main.o
                0x20000360                Can_DebugAttempts
 .bss.Can_DebugSuccess
                0x20000364        0x4 ./Core/Src/main.o
                0x20000364                Can_DebugSuccess
 .bss.Can_DebugTimeouts
                0x20000368        0x4 ./Core/Src/main.o
                0x20000368                Can_DebugTimeouts
 .bss.Can_DebugAddTxErrors
                0x2000036c        0x4 ./Core/Src/main.o
                0x2000036c                Can_DebugAddTxErrors
 .bss.Can_DebugLastStdId
                0x20000370        0x4 ./Core/Src/main.o
                0x20000370                Can_DebugLastStdId
 .bss.Can_DebugLastTsr
                0x20000374        0x4 ./Core/Src/main.o
                0x20000374                Can_DebugLastTsr
 .bss.Can_DebugLastEsr
                0x20000378        0x4 ./Core/Src/main.o
                0x20000378                Can_DebugLastEsr
 .bss.Can_DebugLastFreeLevel
                0x2000037c        0x4 ./Core/Src/main.o
                0x2000037c                Can_DebugLastFreeLevel
 .bss.Can_DebugTxCompleteCount
                0x20000380        0x4 ./Core/Src/main.o
                0x20000380                Can_DebugTxCompleteCount
 .bss.Can_DebugTxAbortCount
                0x20000384        0x4 ./Core/Src/main.o
                0x20000384                Can_DebugTxAbortCount
 .bss.Can_DebugErrorCallbackCount
                0x20000388        0x4 ./Core/Src/main.o
                0x20000388                Can_DebugErrorCallbackCount
 .bss.Can_DebugManualCheckState
                0x2000038c        0x4 ./Core/Src/main.o
                0x2000038c                Can_DebugManualCheckState
 .bss.can_mcu_apu_state_mission
                0x20000390        0x3 ./Core/Src/main.o
                0x20000390                can_mcu_apu_state_mission
 *fill*         0x20000393        0x1 
 .bss.can_mcu_vcu_servo_control
                0x20000394        0x1 ./Core/Src/main.o
                0x20000394                can_mcu_vcu_servo_control
 *fill*         0x20000395        0x3 
 .bss.can_mcu_vcu_bools
                0x20000398        0x7 ./Core/Src/main.o
                0x20000398                can_mcu_vcu_bools
 *fill*         0x2000039f        0x1 
 .bss.can_mcu_dash_brake
                0x200003a0        0x8 ./Core/Src/main.o
                0x200003a0                can_mcu_dash_brake
 .bss.canTxStruct_asb
                0x200003a8        0xe ./Core/Src/main.o
                0x200003a8                canTxStruct_asb
 *fill*         0x200003b6        0x2 
 .bss.canTxStruct_asb_datalogger
                0x200003b8        0xe ./Core/Src/main.o
                0x200003b8                canTxStruct_asb_datalogger
 *fill*         0x200003c6        0x2 
 .bss.brake_pressure_front
                0x200003c8        0x4 ./Core/Src/main.o
                0x200003c8                brake_pressure_front
 .bss.brake_pressure_rear
                0x200003cc        0x4 ./Core/Src/main.o
                0x200003cc                brake_pressure_rear
 .bss.Initial_Checked
                0x200003d0        0x1 ./Core/Src/main.o
                0x200003d0                Initial_Checked
 .bss.Manual_Initial_Checked
                0x200003d1        0x1 ./Core/Src/main.o
                0x200003d1                Manual_Initial_Checked
 .bss.ASMS_Out  0x200003d2        0x1 ./Core/Src/main.o
                0x200003d2                ASMS_Out
 .bss.TSMS_Out_NOT
                0x200003d3        0x1 ./Core/Src/main.o
                0x200003d3                TSMS_Out_NOT
 .bss.ASRelay_In
                0x200003d4        0x1 ./Core/Src/main.o
                0x200003d4                ASRelay_In
 .bss.ASRelay_Out
                0x200003d5        0x1 ./Core/Src/main.o
                0x200003d5                ASRelay_Out
 .bss.Interlock_Valve1
                0x200003d6        0x1 ./Core/Src/main.o
                0x200003d6                Interlock_Valve1
 .bss.Interlock_Valve2
                0x200003d7        0x1 ./Core/Src/main.o
                0x200003d7                Interlock_Valve2
 .bss.Interlock_PV
                0x200003d8        0x1 ./Core/Src/main.o
                0x200003d8                Interlock_PV
 .bss.Interlock_Steering
                0x200003d9        0x1 ./Core/Src/main.o
                0x200003d9                Interlock_Steering
 .bss.ASRelay_State
                0x200003da        0x1 ./Core/Src/main.o
                0x200003da                ASRelay_State
 .bss.Valve1_GND
                0x200003db        0x1 ./Core/Src/main.o
                0x200003db                Valve1_GND
 .bss.Valve2_GND
                0x200003dc        0x1 ./Core/Src/main.o
                0x200003dc                Valve2_GND
 *fill*         0x200003dd        0x3 
 .bss.Tank_Pressure
                0x200003e0        0x4 ./Core/Src/main.o
                0x200003e0                Tank_Pressure
 .bss.EBS_Status
                0x200003e4        0x1 ./Core/Src/main.o
                0x200003e4                EBS_Status
 *fill*         0x200003e5        0x3 
 .bss.ADC_Voltage_Value
                0x200003e8        0x4 ./Core/Src/main.o
                0x200003e8                ADC_Voltage_Value
 .bss.Voltage_Change
                0x200003ec        0x4 ./Core/Src/main.o
                0x200003ec                Voltage_Change
 .bss.adc_buffer
                0x200003f0        0x2 ./Core/Src/main.o
                0x200003f0                adc_buffer
 .bss.ADC_Value
                0x200003f2        0x2 ./Core/Src/main.o
                0x200003f2                ADC_Value
 .bss.uwTick    0x200003f4        0x4 ./Drivers/STM32F4xx_HAL_Driver/Src/stm32f4xx_hal.o
                0x200003f4                uwTick
 *(COMMON)
                0x200003f8                        . = ALIGN (0x4)
                0x200003f8                        _ebss = .
                0x200003f8                        __bss_end__ = _ebss

._user_heap_stack
                0x200003f8      0x600 load address 0x08008038
                0x200003f8                        . = ALIGN (0x8)
                [!provide]                        PROVIDE (end = .)
                0x200003f8                        PROVIDE (_end = .)
                0x200005f8                        . = (. + _Min_Heap_Size)
 *fill*         0x200003f8      0x200 
                0x200009f8                        . = (. + _Min_Stack_Size)
 *fill*         0x200005f8      0x400 
                0x200009f8                        . = ALIGN (0x8)

/DISCARD/
 libc.a(*)
 libm.a(*)
 libgcc.a(*)

.ARM.attributes
                0x00000000       0x30
 *(.ARM.attributes)
 .ARM.attributes
                0x00000000       0x22 C:/ST/STM32CubeIDE_2.1.0/STM32CubeIDE/plugins/com.st.stm32cube.ide.mcu.externaltools.gnu-tools-for-stm32.14.3.rel1.win32_1.0.100.202602081740/tools/bin/../lib/gcc/arm-none-eabi/14.3.1/thumb/v7e-m+fp/hard/crti.o
 .ARM.attributes
                0x00000022       0x34 C:/ST/STM32CubeIDE_2.1.0/STM32CubeIDE/plugins/com.st.stm32cube.ide.mcu.externaltools.gnu-tools-for-stm32.14.3.rel1.win32_1.0.100.202602081740/tools/bin/../lib/gcc/arm-none-eabi/14.3.1/thumb/v7e-m+fp/hard/crtbegin.o
 .ARM.attributes
                0x00000056       0x34 ./Core/Src/can_mcu.o
 .ARM.attributes
                0x0000008a       0x34 ./Core/Src/main.o
 .ARM.attributes
                0x000000be       0x34 ./Core/Src/stm32f4xx_hal_msp.o
 .ARM.attributes
                0x000000f2       0x34 ./Core/Src/stm32f4xx_it.o
 .ARM.attributes
                0x00000126       0x34 ./Core/Src/system_stm32f4xx.o
 .ARM.attributes
                0x0000015a       0x21 ./Core/Startup/startup_stm32f446retx.o
 .ARM.attributes
                0x0000017b       0x34 ./Drivers/STM32F4xx_HAL_Driver/Src/stm32f4xx_hal.o
 .ARM.attributes
                0x000001af       0x34 ./Drivers/STM32F4xx_HAL_Driver/Src/stm32f4xx_hal_adc.o
 .ARM.attributes
                0x000001e3       0x34 ./Drivers/STM32F4xx_HAL_Driver/Src/stm32f4xx_hal_can.o
 .ARM.attributes
                0x00000217       0x34 ./Drivers/STM32F4xx_HAL_Driver/Src/stm32f4xx_hal_cortex.o
 .ARM.attributes
                0x0000024b       0x34 ./Drivers/STM32F4xx_HAL_Driver/Src/stm32f4xx_hal_dac.o
 .ARM.attributes
                0x0000027f       0x34 ./Drivers/STM32F4xx_HAL_Driver/Src/stm32f4xx_hal_dac_ex.o
 .ARM.attributes
                0x000002b3       0x34 ./Drivers/STM32F4xx_HAL_Driver/Src/stm32f4xx_hal_dma.o
 .ARM.attributes
                0x000002e7       0x34 ./Drivers/STM32F4xx_HAL_Driver/Src/stm32f4xx_hal_gpio.o
 .ARM.attributes
                0x0000031b       0x34 ./Drivers/STM32F4xx_HAL_Driver/Src/stm32f4xx_hal_rcc.o
 .ARM.attributes
                0x0000034f       0x34 ./Drivers/STM32F4xx_HAL_Driver/Src/stm32f4xx_hal_rcc_ex.o
 .ARM.attributes
                0x00000383       0x34 ./Drivers/STM32F4xx_HAL_Driver/Src/stm32f4xx_hal_tim.o
 .ARM.attributes
                0x000003b7       0x34 ./Drivers/STM32F4xx_HAL_Driver/Src/stm32f4xx_hal_tim_ex.o
 .ARM.attributes
                0x000003eb       0x34 C:/ST/STM32CubeIDE_2.1.0/STM32CubeIDE/plugins/com.st.stm32cube.ide.mcu.externaltools.gnu-tools-for-stm32.14.3.rel1.win32_1.0.100.202602081740/tools/bin/../lib/gcc/arm-none-eabi/14.3.1/../../../../arm-none-eabi/lib/thumb/v7e-m+fp/hard\libc_nano.a(libc_a-memset.o)
 .ARM.attributes
                0x0000041f       0x34 C:/ST/STM32CubeIDE_2.1.0/STM32CubeIDE/plugins/com.st.stm32cube.ide.mcu.externaltools.gnu-tools-for-stm32.14.3.rel1.win32_1.0.100.202602081740/tools/bin/../lib/gcc/arm-none-eabi/14.3.1/../../../../arm-none-eabi/lib/thumb/v7e-m+fp/hard\libc_nano.a(libc_a-init.o)
 .ARM.attributes
                0x00000453       0x22 C:/ST/STM32CubeIDE_2.1.0/STM32CubeIDE/plugins/com.st.stm32cube.ide.mcu.externaltools.gnu-tools-for-stm32.14.3.rel1.win32_1.0.100.202602081740/tools/bin/../lib/gcc/arm-none-eabi/14.3.1/thumb/v7e-m+fp/hard\libgcc.a(_arm_addsubdf3.o)
 .ARM.attributes
                0x00000475       0x22 C:/ST/STM32CubeIDE_2.1.0/STM32CubeIDE/plugins/com.st.stm32cube.ide.mcu.externaltools.gnu-tools-for-stm32.14.3.rel1.win32_1.0.100.202602081740/tools/bin/../lib/gcc/arm-none-eabi/14.3.1/thumb/v7e-m+fp/hard\libgcc.a(_arm_muldivdf3.o)
 .ARM.attributes
                0x00000497       0x22 C:/ST/STM32CubeIDE_2.1.0/STM32CubeIDE/plugins/com.st.stm32cube.ide.mcu.externaltools.gnu-tools-for-stm32.14.3.rel1.win32_1.0.100.202602081740/tools/bin/../lib/gcc/arm-none-eabi/14.3.1/thumb/v7e-m+fp/hard\libgcc.a(_arm_truncdfsf2.o)
 .ARM.attributes
                0x000004b9       0x22 C:/ST/STM32CubeIDE_2.1.0/STM32CubeIDE/plugins/com.st.stm32cube.ide.mcu.externaltools.gnu-tools-for-stm32.14.3.rel1.win32_1.0.100.202602081740/tools/bin/../lib/gcc/arm-none-eabi/14.3.1/thumb/v7e-m+fp/hard\libgcc.a(_aeabi_uldivmod.o)
 .ARM.attributes
                0x000004db       0x34 C:/ST/STM32CubeIDE_2.1.0/STM32CubeIDE/plugins/com.st.stm32cube.ide.mcu.externaltools.gnu-tools-for-stm32.14.3.rel1.win32_1.0.100.202602081740/tools/bin/../lib/gcc/arm-none-eabi/14.3.1/thumb/v7e-m+fp/hard\libgcc.a(_udivmoddi4.o)
 .ARM.attributes
                0x0000050f       0x22 C:/ST/STM32CubeIDE_2.1.0/STM32CubeIDE/plugins/com.st.stm32cube.ide.mcu.externaltools.gnu-tools-for-stm32.14.3.rel1.win32_1.0.100.202602081740/tools/bin/../lib/gcc/arm-none-eabi/14.3.1/thumb/v7e-m+fp/hard\libgcc.a(_dvmd_tls.o)
 .ARM.attributes
                0x00000531       0x22 C:/ST/STM32CubeIDE_2.1.0/STM32CubeIDE/plugins/com.st.stm32cube.ide.mcu.externaltools.gnu-tools-for-stm32.14.3.rel1.win32_1.0.100.202602081740/tools/bin/../lib/gcc/arm-none-eabi/14.3.1/thumb/v7e-m+fp/hard/crtn.o
OUTPUT(ASBCodeV2.elf elf32-littlearm)
LOAD linker stubs
LOAD C:/ST/STM32CubeIDE_2.1.0/STM32CubeIDE/plugins/com.st.stm32cube.ide.mcu.externaltools.gnu-tools-for-stm32.14.3.rel1.win32_1.0.100.202602081740/tools/bin/../lib/gcc/arm-none-eabi/14.3.1/../../../../arm-none-eabi/lib/thumb/v7e-m+fp/hard\libc.a
LOAD C:/ST/STM32CubeIDE_2.1.0/STM32CubeIDE/plugins/com.st.stm32cube.ide.mcu.externaltools.gnu-tools-for-stm32.14.3.rel1.win32_1.0.100.202602081740/tools/bin/../lib/gcc/arm-none-eabi/14.3.1/../../../../arm-none-eabi/lib/thumb/v7e-m+fp/hard\libm.a
LOAD C:/ST/STM32CubeIDE_2.1.0/STM32CubeIDE/plugins/com.st.stm32cube.ide.mcu.externaltools.gnu-tools-for-stm32.14.3.rel1.win32_1.0.100.202602081740/tools/bin/../lib/gcc/arm-none-eabi/14.3.1/thumb/v7e-m+fp/hard\libgcc.a

.debug_info     0x00000000    0x222f1
 .debug_info    0x00000000    0x12777 ./Core/Src/can_mcu.o
 .debug_info    0x00012777     0x2c4f ./Core/Src/main.o
 .debug_info    0x000153c6     0x171e ./Core/Src/stm32f4xx_hal_msp.o
 .debug_info    0x00016ae4      0xd0e ./Core/Src/stm32f4xx_it.o
 .debug_info    0x000177f2      0x54a ./Core/Src/system_stm32f4xx.o
 .debug_info    0x00017d3c       0x30 ./Core/Startup/startup_stm32f446retx.o
 .debug_info    0x00017d6c      0x99a ./Drivers/STM32F4xx_HAL_Driver/Src/stm32f4xx_hal.o
 .debug_info    0x00018706      0xce3 ./Drivers/STM32F4xx_HAL_Driver/Src/stm32f4xx_hal_adc.o
 .debug_info    0x000193e9      0xf44 ./Drivers/STM32F4xx_HAL_Driver/Src/stm32f4xx_hal_can.o
 .debug_info    0x0001a32d      0xdaa ./Drivers/STM32F4xx_HAL_Driver/Src/stm32f4xx_hal_cortex.o
 .debug_info    0x0001b0d7      0xa01 ./Drivers/STM32F4xx_HAL_Driver/Src/stm32f4xx_hal_dac.o
 .debug_info    0x0001bad8      0x750 ./Drivers/STM32F4xx_HAL_Driver/Src/stm32f4xx_hal_dac_ex.o
 .debug_info    0x0001c228      0x8e7 ./Drivers/STM32F4xx_HAL_Driver/Src/stm32f4xx_hal_dma.o
 .debug_info    0x0001cb0f      0x70b ./Drivers/STM32F4xx_HAL_Driver/Src/stm32f4xx_hal_gpio.o
 .debug_info    0x0001d21a      0x8ff ./Drivers/STM32F4xx_HAL_Driver/Src/stm32f4xx_hal_rcc.o
 .debug_info    0x0001db19      0x960 ./Drivers/STM32F4xx_HAL_Driver/Src/stm32f4xx_hal_rcc_ex.o
 .debug_info    0x0001e479     0x299d ./Drivers/STM32F4xx_HAL_Driver/Src/stm32f4xx_hal_tim.o
 .debug_info    0x00020e16     0x14db ./Drivers/STM32F4xx_HAL_Driver/Src/stm32f4xx_hal_tim_ex.o

.debug_abbrev   0x00000000     0x26ca
 .debug_abbrev  0x00000000      0x19f ./Core/Src/can_mcu.o
 .debug_abbrev  0x0000019f      0x3b1 ./Core/Src/main.o
 .debug_abbrev  0x00000550      0x288 ./Core/Src/stm32f4xx_hal_msp.o
 .debug_abbrev  0x000007d8      0x1f3 ./Core/Src/stm32f4xx_it.o
 .debug_abbrev  0x000009cb      0x11a ./Core/Src/system_stm32f4xx.o
 .debug_abbrev  0x00000ae5       0x24 ./Core/Startup/startup_stm32f446retx.o
 .debug_abbrev  0x00000b09      0x214 ./Drivers/STM32F4xx_HAL_Driver/Src/stm32f4xx_hal.o
 .debug_abbrev  0x00000d1d      0x252 ./Drivers/STM32F4xx_HAL_Driver/Src/stm32f4xx_hal_adc.o
 .debug_abbrev  0x00000f6f      0x25a ./Drivers/STM32F4xx_HAL_Driver/Src/stm32f4xx_hal_can.o
 .debug_abbrev  0x000011c9      0x31d ./Drivers/STM32F4xx_HAL_Driver/Src/stm32f4xx_hal_cortex.o
 .debug_abbrev  0x000014e6      0x1fa ./Drivers/STM32F4xx_HAL_Driver/Src/stm32f4xx_hal_dac.o
 .debug_abbrev  0x000016e0      0x1ef ./Drivers/STM32F4xx_HAL_Driver/Src/stm32f4xx_hal_dac_ex.o
 .debug_abbrev  0x000018cf      0x264 ./Drivers/STM32F4xx_HAL_Driver/Src/stm32f4xx_hal_dma.o
 .debug_abbrev  0x00001b33      0x1d4 ./Drivers/STM32F4xx_HAL_Driver/Src/stm32f4xx_hal_gpio.o
 .debug_abbrev  0x00001d07      0x2b7 ./Drivers/STM32F4xx_HAL_Driver/Src/stm32f4xx_hal_rcc.o
 .debug_abbrev  0x00001fbe      0x211 ./Drivers/STM32F4xx_HAL_Driver/Src/stm32f4xx_hal_rcc_ex.o
 .debug_abbrev  0x000021cf      0x278 ./Drivers/STM32F4xx_HAL_Driver/Src/stm32f4xx_hal_tim.o
 .debug_abbrev  0x00002447      0x283 ./Drivers/STM32F4xx_HAL_Driver/Src/stm32f4xx_hal_tim_ex.o

.debug_aranges  0x00000000     0x3a58
 .debug_aranges
                0x00000000     0x2b38 ./Core/Src/can_mcu.o
 .debug_aranges
                0x00002b38      0x128 ./Core/Src/main.o
 .debug_aranges
                0x00002c60       0x68 ./Core/Src/stm32f4xx_hal_msp.o
 .debug_aranges
                0x00002cc8       0xa0 ./Core/Src/stm32f4xx_it.o
 .debug_aranges
                0x00002d68       0x28 ./Core/Src/system_stm32f4xx.o
 .debug_aranges
                0x00002d90       0x28 ./Core/Startup/startup_stm32f446retx.o
 .debug_aranges
                0x00002db8       0xf0 ./Drivers/STM32F4xx_HAL_Driver/Src/stm32f4xx_hal.o
 .debug_aranges
                0x00002ea8       0xe8 ./Drivers/STM32F4xx_HAL_Driver/Src/stm32f4xx_hal_adc.o
 .debug_aranges
                0x00002f90      0x138 ./Drivers/STM32F4xx_HAL_Driver/Src/stm32f4xx_hal_can.o
 .debug_aranges
                0x000030c8      0x130 ./Drivers/STM32F4xx_HAL_Driver/Src/stm32f4xx_hal_cortex.o
 .debug_aranges
                0x000031f8       0xc0 ./Drivers/STM32F4xx_HAL_Driver/Src/stm32f4xx_hal_dac.o
 .debug_aranges
                0x000032b8       0x80 ./Drivers/STM32F4xx_HAL_Driver/Src/stm32f4xx_hal_dac_ex.o
 .debug_aranges
                0x00003338       0x90 ./Drivers/STM32F4xx_HAL_Driver/Src/stm32f4xx_hal_dma.o
 .debug_aranges
                0x000033c8       0x58 ./Drivers/STM32F4xx_HAL_Driver/Src/stm32f4xx_hal_gpio.o
 .debug_aranges
                0x00003420       0x88 ./Drivers/STM32F4xx_HAL_Driver/Src/stm32f4xx_hal_rcc.o
 .debug_aranges
                0x000034a8       0x78 ./Drivers/STM32F4xx_HAL_Driver/Src/stm32f4xx_hal_rcc_ex.o
 .debug_aranges
                0x00003520      0x3d0 ./Drivers/STM32F4xx_HAL_Driver/Src/stm32f4xx_hal_tim.o
 .debug_aranges
                0x000038f0      0x168 ./Drivers/STM32F4xx_HAL_Driver/Src/stm32f4xx_hal_tim_ex.o

.debug_rnglists
                0x00000000     0x2cc2
 .debug_rnglists
                0x00000000     0x2110 ./Core/Src/can_mcu.o
 .debug_rnglists
                0x00002110       0xee ./Core/Src/main.o
 .debug_rnglists
                0x000021fe       0x4e ./Core/Src/stm32f4xx_hal_msp.o
 .debug_rnglists
                0x0000224c       0x73 ./Core/Src/stm32f4xx_it.o
 .debug_rnglists
                0x000022bf       0x1a ./Core/Src/system_stm32f4xx.o
 .debug_rnglists
                0x000022d9       0x19 ./Core/Startup/startup_stm32f446retx.o
 .debug_rnglists
                0x000022f2       0xaf ./Drivers/STM32F4xx_HAL_Driver/Src/stm32f4xx_hal.o
 .debug_rnglists
                0x000023a1       0xb5 ./Drivers/STM32F4xx_HAL_Driver/Src/stm32f4xx_hal_adc.o
 .debug_rnglists
                0x00002456       0xee ./Drivers/STM32F4xx_HAL_Driver/Src/stm32f4xx_hal_can.o
 .debug_rnglists
                0x00002544       0xe0 ./Drivers/STM32F4xx_HAL_Driver/Src/stm32f4xx_hal_cortex.o
 .debug_rnglists
                0x00002624       0x90 ./Drivers/STM32F4xx_HAL_Driver/Src/stm32f4xx_hal_dac.o
 .debug_rnglists
                0x000026b4       0x5c ./Drivers/STM32F4xx_HAL_Driver/Src/stm32f4xx_hal_dac_ex.o
 .debug_rnglists
                0x00002710       0x70 ./Drivers/STM32F4xx_HAL_Driver/Src/stm32f4xx_hal_dma.o
 .debug_rnglists
                0x00002780       0x3f ./Drivers/STM32F4xx_HAL_Driver/Src/stm32f4xx_hal_gpio.o
 .debug_rnglists
                0x000027bf       0x66 ./Drivers/STM32F4xx_HAL_Driver/Src/stm32f4xx_hal_rcc.o
 .debug_rnglists
                0x00002825       0x5e ./Drivers/STM32F4xx_HAL_Driver/Src/stm32f4xx_hal_rcc_ex.o
 .debug_rnglists
                0x00002883      0x31a ./Drivers/STM32F4xx_HAL_Driver/Src/stm32f4xx_hal_tim.o
 .debug_rnglists
                0x00002b9d      0x125 ./Drivers/STM32F4xx_HAL_Driver/Src/stm32f4xx_hal_tim_ex.o

.debug_macro    0x00000000    0x25370
 .debug_macro   0x00000000      0x14c ./Core/Src/can_mcu.o
 .debug_macro   0x0000014c      0xad8 ./Core/Src/can_mcu.o
 .debug_macro   0x00000c24       0x22 ./Core/Src/can_mcu.o
 .debug_macro   0x00000c46       0x5b ./Core/Src/can_mcu.o
 .debug_macro   0x00000ca1       0x2a ./Core/Src/can_mcu.o
 .debug_macro   0x00000ccb       0x94 ./Core/Src/can_mcu.o
 .debug_macro   0x00000d5f       0x43 ./Core/Src/can_mcu.o
 .debug_macro   0x00000da2       0x34 ./Core/Src/can_mcu.o
 .debug_macro   0x00000dd6      0x190 ./Core/Src/can_mcu.o
 .debug_macro   0x00000f66       0x57 ./Core/Src/can_mcu.o
 .debug_macro   0x00000fbd      0x364 ./Core/Src/can_mcu.o
 .debug_macro   0x00001321       0x16 ./Core/Src/can_mcu.o
 .debug_macro   0x00001337       0x4a ./Core/Src/can_mcu.o
 .debug_macro   0x00001381       0x34 ./Core/Src/can_mcu.o
 .debug_macro   0x000013b5       0x10 ./Core/Src/can_mcu.o
 .debug_macro   0x000013c5       0x58 ./Core/Src/can_mcu.o
 .debug_macro   0x0000141d       0x8e ./Core/Src/can_mcu.o
 .debug_macro   0x000014ab       0x1c ./Core/Src/can_mcu.o
 .debug_macro   0x000014c7      0x17e ./Core/Src/can_mcu.o
 .debug_macro   0x00001645       0x10 ./Core/Src/can_mcu.o
 .debug_macro   0x00001655       0x3c ./Core/Src/can_mcu.o
 .debug_macro   0x00001691       0x20 ./Core/Src/can_mcu.o
 .debug_macro   0x000016b1      0x103 ./Core/Src/can_mcu.o
 .debug_macro   0x000017b4       0x6a ./Core/Src/can_mcu.o
 .debug_macro   0x0000181e      0x1df ./Core/Src/can_mcu.o
 .debug_macro   0x000019fd       0x22 ./Core/Src/can_mcu.o
 .debug_macro   0x00001a1f     0x1913 ./Core/Src/can_mcu.o
 .debug_macro   0x00003332      0x241 ./Core/Src/main.o
 .debug_macro   0x00003573      0x2a7 ./Core/Src/main.o
 .debug_macro   0x0000381a       0x2e ./Core/Src/main.o
 .debug_macro   0x00003848       0x28 ./Core/Src/main.o
 .debug_macro   0x00003870       0x8e ./Core/Src/main.o
 .debug_macro   0x000038fe       0x51 ./Core/Src/main.o
 .debug_macro   0x0000394f       0x1c ./Core/Src/main.o
 .debug_macro   0x0000396b       0x22 ./Core/Src/main.o
 .debug_macro   0x0000398d       0xfb ./Core/Src/main.o
 .debug_macro   0x00003a88     0x1011 ./Core/Src/main.o
 .debug_macro   0x00004a99      0x11f ./Core/Src/main.o
 .debug_macro   0x00004bb8    0x1675e ./Core/Src/main.o
 .debug_macro   0x0001b316       0x6d ./Core/Src/main.o
 .debug_macro   0x0001b383     0x3693 ./Core/Src/main.o
 .debug_macro   0x0001ea16       0x5c ./Core/Src/main.o
 .debug_macro   0x0001ea72      0xca5 ./Core/Src/main.o
 .debug_macro   0x0001f717      0x9e9 ./Core/Src/main.o
 .debug_macro   0x00020100      0x115 ./Core/Src/main.o
 .debug_macro   0x00020215      0x1a0 ./Core/Src/main.o
 .debug_macro   0x000203b5       0xa5 ./Core/Src/main.o
 .debug_macro   0x0002045a      0x16d ./Core/Src/main.o
 .debug_macro   0x000205c7      0x287 ./Core/Src/main.o
 .debug_macro   0x0002084e       0x5f ./Core/Src/main.o
 .debug_macro   0x000208ad      0x236 ./Core/Src/main.o
 .debug_macro   0x00020ae3      0xb5b ./Core/Src/main.o
 .debug_macro   0x0002163e      0x38b ./Core/Src/main.o
 .debug_macro   0x000219c9      0x17d ./Core/Src/main.o
 .debug_macro   0x00021b46       0xf9 ./Core/Src/main.o
 .debug_macro   0x00021c3f      0x40f ./Core/Src/main.o
 .debug_macro   0x0002204e      0x122 ./Core/Src/main.o
 .debug_macro   0x00022170       0xa6 ./Core/Src/main.o
 .debug_macro   0x00022216      0x132 ./Core/Src/main.o
 .debug_macro   0x00022348      0x29c ./Core/Src/main.o
 .debug_macro   0x000225e4       0x2e ./Core/Src/main.o
 .debug_macro   0x00022612      0x127 ./Core/Src/main.o
 .debug_macro   0x00022739       0xe8 ./Core/Src/main.o
 .debug_macro   0x00022821       0x89 ./Core/Src/main.o
 .debug_macro   0x000228aa      0x8ed ./Core/Src/main.o
 .debug_macro   0x00023197       0x53 ./Core/Src/main.o
 .debug_macro   0x000231ea      0x126 ./Core/Src/main.o
 .debug_macro   0x00023310      0x100 ./Core/Src/main.o
 .debug_macro   0x00023410      0x219 ./Core/Src/stm32f4xx_hal_msp.o
 .debug_macro   0x00023629      0x223 ./Core/Src/stm32f4xx_it.o
 .debug_macro   0x0002384c      0x20a ./Core/Src/system_stm32f4xx.o
 .debug_macro   0x00023a56      0x26a ./Drivers/STM32F4xx_HAL_Driver/Src/stm32f4xx_hal.o
 .debug_macro   0x00023cc0      0x20b ./Drivers/STM32F4xx_HAL_Driver/Src/stm32f4xx_hal_adc.o
 .debug_macro   0x00023ecb      0x219 ./Drivers/STM32F4xx_HAL_Driver/Src/stm32f4xx_hal_can.o
 .debug_macro   0x000240e4      0x20a ./Drivers/STM32F4xx_HAL_Driver/Src/stm32f4xx_hal_cortex.o
 .debug_macro   0x000242ee      0x20b ./Drivers/STM32F4xx_HAL_Driver/Src/stm32f4xx_hal_dac.o
 .debug_macro   0x000244f9      0x20a ./Drivers/STM32F4xx_HAL_Driver/Src/stm32f4xx_hal_dac_ex.o
 .debug_macro   0x00024703      0x210 ./Drivers/STM32F4xx_HAL_Driver/Src/stm32f4xx_hal_dma.o
 .debug_macro   0x00024913      0x210 ./Drivers/STM32F4xx_HAL_Driver/Src/stm32f4xx_hal_gpio.o
 .debug_macro   0x00024b23      0x22e ./Drivers/STM32F4xx_HAL_Driver/Src/stm32f4xx_hal_rcc.o
 .debug_macro   0x00024d51      0x20a ./Drivers/STM32F4xx_HAL_Driver/Src/stm32f4xx_hal_rcc_ex.o
 .debug_macro   0x00024f5b      0x20b ./Drivers/STM32F4xx_HAL_Driver/Src/stm32f4xx_hal_tim.o
 .debug_macro   0x00025166      0x20a ./Drivers/STM32F4xx_HAL_Driver/Src/stm32f4xx_hal_tim_ex.o

.debug_line     0x00000000    0x21430
 .debug_line    0x00000000     0xf842 ./Core/Src/can_mcu.o
 .debug_line    0x0000f842     0x1937 ./Core/Src/main.o
 .debug_line    0x00011179      0x9ff ./Core/Src/stm32f4xx_hal_msp.o
 .debug_line    0x00011b78      0x946 ./Core/Src/stm32f4xx_it.o
 .debug_line    0x000124be      0x84c ./Core/Src/system_stm32f4xx.o
 .debug_line    0x00012d0a       0x7a ./Core/Startup/startup_stm32f446retx.o
 .debug_line    0x00012d84      0xacb ./Drivers/STM32F4xx_HAL_Driver/Src/stm32f4xx_hal.o
 .debug_line    0x0001384f     0x12eb ./Drivers/STM32F4xx_HAL_Driver/Src/stm32f4xx_hal_adc.o
 .debug_line    0x00014b3a     0x1287 ./Drivers/STM32F4xx_HAL_Driver/Src/stm32f4xx_hal_can.o
 .debug_line    0x00015dc1      0xd98 ./Drivers/STM32F4xx_HAL_Driver/Src/stm32f4xx_hal_cortex.o
 .debug_line    0x00016b59      0xbda ./Drivers/STM32F4xx_HAL_Driver/Src/stm32f4xx_hal_dac.o
 .debug_line    0x00017733      0x9de ./Drivers/STM32F4xx_HAL_Driver/Src/stm32f4xx_hal_dac_ex.o
 .debug_line    0x00018111     0x1034 ./Drivers/STM32F4xx_HAL_Driver/Src/stm32f4xx_hal_dma.o
 .debug_line    0x00019145      0xc09 ./Drivers/STM32F4xx_HAL_Driver/Src/stm32f4xx_hal_gpio.o
 .debug_line    0x00019d4e      0xee3 ./Drivers/STM32F4xx_HAL_Driver/Src/stm32f4xx_hal_rcc.o
 .debug_line    0x0001ac31     0x1594 ./Drivers/STM32F4xx_HAL_Driver/Src/stm32f4xx_hal_rcc_ex.o
 .debug_line    0x0001c1c5     0x3843 ./Drivers/STM32F4xx_HAL_Driver/Src/stm32f4xx_hal_tim.o
 .debug_line    0x0001fa08     0x1a28 ./Drivers/STM32F4xx_HAL_Driver/Src/stm32f4xx_hal_tim_ex.o

.debug_str      0x00000000    0xfa1a2
 .debug_str     0x00000000    0xfa1a2 ./Core/Src/can_mcu.o
                              0x21ede (size before relaxing)
 .debug_str     0x000fa1a2    0xe4e7e ./Core/Src/main.o
 .debug_str     0x000fa1a2    0xd8a3a ./Core/Src/stm32f4xx_hal_msp.o
 .debug_str     0x000fa1a2    0xd8245 ./Core/Src/stm32f4xx_it.o
 .debug_str     0x000fa1a2    0xd75be ./Core/Src/system_stm32f4xx.o
 .debug_str     0x000fa1a2       0x62 ./Core/Startup/startup_stm32f446retx.o
 .debug_str     0x000fa1a2    0xd8183 ./Drivers/STM32F4xx_HAL_Driver/Src/stm32f4xx_hal.o
 .debug_str     0x000fa1a2    0xd7b86 ./Drivers/STM32F4xx_HAL_Driver/Src/stm32f4xx_hal_adc.o
 .debug_str     0x000fa1a2    0xd7c93 ./Drivers/STM32F4xx_HAL_Driver/Src/stm32f4xx_hal_can.o
 .debug_str     0x000fa1a2    0xd7eda ./Drivers/STM32F4xx_HAL_Driver/Src/stm32f4xx_hal_cortex.o
 .debug_str     0x000fa1a2    0xd7a1b ./Drivers/STM32F4xx_HAL_Driver/Src/stm32f4xx_hal_dac.o
 .debug_str     0x000fa1a2    0xd78f6 ./Drivers/STM32F4xx_HAL_Driver/Src/stm32f4xx_hal_dac_ex.o
 .debug_str     0x000fa1a2    0xd79b3 ./Drivers/STM32F4xx_HAL_Driver/Src/stm32f4xx_hal_dma.o
 .debug_str     0x000fa1a2    0xd7739 ./Drivers/STM32F4xx_HAL_Driver/Src/stm32f4xx_hal_gpio.o
 .debug_str     0x000fa1a2    0xd79f7 ./Drivers/STM32F4xx_HAL_Driver/Src/stm32f4xx_hal_rcc.o
 .debug_str     0x000fa1a2    0xd7a2a ./Drivers/STM32F4xx_HAL_Driver/Src/stm32f4xx_hal_rcc_ex.o
 .debug_str     0x000fa1a2    0xd8923 ./Drivers/STM32F4xx_HAL_Driver/Src/stm32f4xx_hal_tim.o
 .debug_str     0x000fa1a2    0xd812f ./Drivers/STM32F4xx_HAL_Driver/Src/stm32f4xx_hal_tim_ex.o

.comment        0x00000000       0x43
 .comment       0x00000000       0x43 ./Core/Src/can_mcu.o
                                 0x44 (size before relaxing)
 .comment       0x00000043       0x44 ./Core/Src/main.o
 .comment       0x00000043       0x44 ./Core/Src/stm32f4xx_hal_msp.o
 .comment       0x00000043       0x44 ./Core/Src/stm32f4xx_it.o
 .comment       0x00000043       0x44 ./Core/Src/system_stm32f4xx.o
 .comment       0x00000043       0x44 ./Drivers/STM32F4xx_HAL_Driver/Src/stm32f4xx_hal.o
 .comment       0x00000043       0x44 ./Drivers/STM32F4xx_HAL_Driver/Src/stm32f4xx_hal_adc.o
 .comment       0x00000043       0x44 ./Drivers/STM32F4xx_HAL_Driver/Src/stm32f4xx_hal_can.o
 .comment       0x00000043       0x44 ./Drivers/STM32F4xx_HAL_Driver/Src/stm32f4xx_hal_cortex.o
 .comment       0x00000043       0x44 ./Drivers/STM32F4xx_HAL_Driver/Src/stm32f4xx_hal_dac.o
 .comment       0x00000043       0x44 ./Drivers/STM32F4xx_HAL_Driver/Src/stm32f4xx_hal_dac_ex.o
 .comment       0x00000043       0x44 ./Drivers/STM32F4xx_HAL_Driver/Src/stm32f4xx_hal_dma.o
 .comment       0x00000043       0x44 ./Drivers/STM32F4xx_HAL_Driver/Src/stm32f4xx_hal_gpio.o
 .comment       0x00000043       0x44 ./Drivers/STM32F4xx_HAL_Driver/Src/stm32f4xx_hal_rcc.o
 .comment       0x00000043       0x44 ./Drivers/STM32F4xx_HAL_Driver/Src/stm32f4xx_hal_rcc_ex.o
 .comment       0x00000043       0x44 ./Drivers/STM32F4xx_HAL_Driver/Src/stm32f4xx_hal_tim.o
 .comment       0x00000043       0x44 ./Drivers/STM32F4xx_HAL_Driver/Src/stm32f4xx_hal_tim_ex.o

.debug_frame    0x00000000     0xffc8
 .debug_frame   0x00000000     0xc22c ./Core/Src/can_mcu.o
 .debug_frame   0x0000c22c      0x494 ./Core/Src/main.o
 .debug_frame   0x0000c6c0      0x178 ./Core/Src/stm32f4xx_hal_msp.o
 .debug_frame   0x0000c838      0x1d8 ./Core/Src/stm32f4xx_it.o
 .debug_frame   0x0000ca10       0x50 ./Core/Src/system_stm32f4xx.o
 .debug_frame   0x0000ca60      0x31c ./Drivers/STM32F4xx_HAL_Driver/Src/stm32f4xx_hal.o
 .debug_frame   0x0000cd7c      0x3bc ./Drivers/STM32F4xx_HAL_Driver/Src/stm32f4xx_hal_adc.o
 .debug_frame   0x0000d138      0x524 ./Drivers/STM32F4xx_HAL_Driver/Src/stm32f4xx_hal_can.o
 .debug_frame   0x0000d65c      0x4b8 ./Drivers/STM32F4xx_HAL_Driver/Src/stm32f4xx_hal_cortex.o
 .debug_frame   0x0000db14      0x304 ./Drivers/STM32F4xx_HAL_Driver/Src/stm32f4xx_hal_dac.o
 .debug_frame   0x0000de18      0x1e4 ./Drivers/STM32F4xx_HAL_Driver/Src/stm32f4xx_hal_dac_ex.o
 .debug_frame   0x0000dffc      0x230 ./Drivers/STM32F4xx_HAL_Driver/Src/stm32f4xx_hal_dma.o
 .debug_frame   0x0000e22c      0x130 ./Drivers/STM32F4xx_HAL_Driver/Src/stm32f4xx_hal_gpio.o
 .debug_frame   0x0000e35c      0x1d8 ./Drivers/STM32F4xx_HAL_Driver/Src/stm32f4xx_hal_rcc.o
 .debug_frame   0x0000e534      0x1d8 ./Drivers/STM32F4xx_HAL_Driver/Src/stm32f4xx_hal_rcc_ex.o
 .debug_frame   0x0000e70c     0x10f0 ./Drivers/STM32F4xx_HAL_Driver/Src/stm32f4xx_hal_tim.o
 .debug_frame   0x0000f7fc      0x600 ./Drivers/STM32F4xx_HAL_Driver/Src/stm32f4xx_hal_tim_ex.o
 .debug_frame   0x0000fdfc       0x20 C:/ST/STM32CubeIDE_2.1.0/STM32CubeIDE/plugins/com.st.stm32cube.ide.mcu.externaltools.gnu-tools-for-stm32.14.3.rel1.win32_1.0.100.202602081740/tools/bin/../lib/gcc/arm-none-eabi/14.3.1/../../../../arm-none-eabi/lib/thumb/v7e-m+fp/hard\libc_nano.a(libc_a-memset.o)
 .debug_frame   0x0000fe1c       0x2c C:/ST/STM32CubeIDE_2.1.0/STM32CubeIDE/plugins/com.st.stm32cube.ide.mcu.externaltools.gnu-tools-for-stm32.14.3.rel1.win32_1.0.100.202602081740/tools/bin/../lib/gcc/arm-none-eabi/14.3.1/../../../../arm-none-eabi/lib/thumb/v7e-m+fp/hard\libc_nano.a(libc_a-init.o)
 .debug_frame   0x0000fe48       0xac C:/ST/STM32CubeIDE_2.1.0/STM32CubeIDE/plugins/com.st.stm32cube.ide.mcu.externaltools.gnu-tools-for-stm32.14.3.rel1.win32_1.0.100.202602081740/tools/bin/../lib/gcc/arm-none-eabi/14.3.1/thumb/v7e-m+fp/hard\libgcc.a(_arm_addsubdf3.o)
 .debug_frame   0x0000fef4       0x50 C:/ST/STM32CubeIDE_2.1.0/STM32CubeIDE/plugins/com.st.stm32cube.ide.mcu.externaltools.gnu-tools-for-stm32.14.3.rel1.win32_1.0.100.202602081740/tools/bin/../lib/gcc/arm-none-eabi/14.3.1/thumb/v7e-m+fp/hard\libgcc.a(_arm_muldivdf3.o)
 .debug_frame   0x0000ff44       0x24 C:/ST/STM32CubeIDE_2.1.0/STM32CubeIDE/plugins/com.st.stm32cube.ide.mcu.externaltools.gnu-tools-for-stm32.14.3.rel1.win32_1.0.100.202602081740/tools/bin/../lib/gcc/arm-none-eabi/14.3.1/thumb/v7e-m+fp/hard\libgcc.a(_arm_truncdfsf2.o)
 .debug_frame   0x0000ff68       0x2c C:/ST/STM32CubeIDE_2.1.0/STM32CubeIDE/plugins/com.st.stm32cube.ide.mcu.externaltools.gnu-tools-for-stm32.14.3.rel1.win32_1.0.100.202602081740/tools/bin/../lib/gcc/arm-none-eabi/14.3.1/thumb/v7e-m+fp/hard\libgcc.a(_aeabi_uldivmod.o)
 .debug_frame   0x0000ff94       0x34 C:/ST/STM32CubeIDE_2.1.0/STM32CubeIDE/plugins/com.st.stm32cube.ide.mcu.externaltools.gnu-tools-for-stm32.14.3.rel1.win32_1.0.100.202602081740/tools/bin/../lib/gcc/arm-none-eabi/14.3.1/thumb/v7e-m+fp/hard\libgcc.a(_udivmoddi4.o)

.debug_line_str
                0x00000000       0x46
 .debug_line_str
                0x00000000       0x46 ./Core/Startup/startup_stm32f446retx.o
