../Core/Src/main.c:170:26:CAN_SendStdMessage	56	static
../Core/Src/main.c:232:13:CAN_SendAsbStatusTask	8	static
../Core/Src/main.c:261:13:CAN_SendAsbDataloggerTask	16	static
../Core/Src/main.c:299:5:main	8	static
../Core/Src/main.c:430:6:SystemClock_Config	88	static
../Core/Src/main.c:478:13:MX_ADC1_Init	24	static
../Core/Src/main.c:530:13:MX_CAN1_Init	8	static
../Core/Src/main.c:567:13:MX_DAC_Init	16	static
../Core/Src/main.c:607:13:MX_TIM2_Init	32	static
../Core/Src/main.c:652:13:MX_TIM3_Init	64	static
../Core/Src/main.c:711:13:MX_TIM4_Init	32	static
../Core/Src/main.c:756:13:MX_TIM5_Init	32	static
../Core/Src/main.c:801:13:MX_TIM6_Init	16	static
../Core/Src/main.c:839:13:MX_TIM7_Init	16	static
../Core/Src/main.c:875:13:MX_DMA_Init	16	static
../Core/Src/main.c:893:13:MX_GPIO_Init	48	static
../Core/Src/main.c:961:13:CAN_UpdateDiagnostics	24	static
../Core/Src/main.c:976:5:Selected_Mission	4	static
../Core/Src/main.c:987:6:As_Initial_Check	8	static
../Core/Src/main.c:1144:6:Continuous_Monitoring	4	static
../Core/Src/main.c:1238:6:Manual_Initial_Check	8	static
../Core/Src/main.c:1266:6:Manual_Monitoring	8	static
../Core/Src/main.c:1291:6:HAL_ADC_ConvCpltCallback	16	static
../Core/Src/main.c:1304:6:HAL_TIM_PeriodElapsedCallback	16	static
../Core/Src/main.c:1377:6:HAL_CAN_RxFifo0MsgPendingCallback	16	static
../Core/Src/main.c:1409:6:HAL_CAN_ErrorCallback	16	static
../Core/Src/main.c:1424:6:HAL_CAN_TxMailbox0CompleteCallback	16	static
../Core/Src/main.c:1436:6:HAL_CAN_TxMailbox1CompleteCallback	16	static
../Core/Src/main.c:1448:6:HAL_CAN_TxMailbox2CompleteCallback	16	static
../Core/Src/main.c:1460:6:HAL_CAN_TxMailbox0AbortCallback	16	static
../Core/Src/main.c:1472:6:HAL_CAN_TxMailbox1AbortCallback	16	static
../Core/Src/main.c:1484:6:HAL_CAN_TxMailbox2AbortCallback	16	static
../Core/Src/main.c:1496:6:Init_All	80	static
../Core/Src/main.c:1657:6:Error_Handler	4	static,ignoring_inline_asm
