Archive member included to satisfy reference by file (symbol)

/Applications/ArmGNUToolchain/15.2.rel1/arm-none-eabi/bin/../lib/gcc/arm-none-eabi/15.2.1/../../../../arm-none-eabi/lib/thumb/v7e-m+fp/hard/libc_nano.a(libc_a-exit.o)
                              /Applications/ArmGNUToolchain/15.2.rel1/arm-none-eabi/bin/../lib/gcc/arm-none-eabi/15.2.1/../../../../arm-none-eabi/lib/thumb/v7e-m+fp/hard/crt0.o (exit)
/Applications/ArmGNUToolchain/15.2.rel1/arm-none-eabi/bin/../lib/gcc/arm-none-eabi/15.2.1/../../../../arm-none-eabi/lib/thumb/v7e-m+fp/hard/libc_nano.a(libc_a-findfp.o)
                              /Applications/ArmGNUToolchain/15.2.rel1/arm-none-eabi/bin/../lib/gcc/arm-none-eabi/15.2.1/../../../../arm-none-eabi/lib/thumb/v7e-m+fp/hard/libc_nano.a(libc_a-exit.o) (__stdio_exit_handler)
/Applications/ArmGNUToolchain/15.2.rel1/arm-none-eabi/bin/../lib/gcc/arm-none-eabi/15.2.1/../../../../arm-none-eabi/lib/thumb/v7e-m+fp/hard/libc_nano.a(libc_a-fwalk.o)
                              /Applications/ArmGNUToolchain/15.2.rel1/arm-none-eabi/bin/../lib/gcc/arm-none-eabi/15.2.1/../../../../arm-none-eabi/lib/thumb/v7e-m+fp/hard/libc_nano.a(libc_a-findfp.o) (_fwalk_sglue)
/Applications/ArmGNUToolchain/15.2.rel1/arm-none-eabi/bin/../lib/gcc/arm-none-eabi/15.2.1/../../../../arm-none-eabi/lib/thumb/v7e-m+fp/hard/libc_nano.a(libc_a-memset.o)
                              /Applications/ArmGNUToolchain/15.2.rel1/arm-none-eabi/bin/../lib/gcc/arm-none-eabi/15.2.1/../../../../arm-none-eabi/lib/thumb/v7e-m+fp/hard/crt0.o (memset)
/Applications/ArmGNUToolchain/15.2.rel1/arm-none-eabi/bin/../lib/gcc/arm-none-eabi/15.2.1/../../../../arm-none-eabi/lib/thumb/v7e-m+fp/hard/libc_nano.a(libc_a-init.o)
                              /Applications/ArmGNUToolchain/15.2.rel1/arm-none-eabi/bin/../lib/gcc/arm-none-eabi/15.2.1/../../../../arm-none-eabi/lib/thumb/v7e-m+fp/hard/crt0.o (__libc_init_array)
/Applications/ArmGNUToolchain/15.2.rel1/arm-none-eabi/bin/../lib/gcc/arm-none-eabi/15.2.1/../../../../arm-none-eabi/lib/thumb/v7e-m+fp/hard/libc_nano.a(libc_a-lock.o)
                              /Applications/ArmGNUToolchain/15.2.rel1/arm-none-eabi/bin/../lib/gcc/arm-none-eabi/15.2.1/../../../../arm-none-eabi/lib/thumb/v7e-m+fp/hard/libc_nano.a(libc_a-findfp.o) (__retarget_lock_init_recursive)
/Applications/ArmGNUToolchain/15.2.rel1/arm-none-eabi/bin/../lib/gcc/arm-none-eabi/15.2.1/../../../../arm-none-eabi/lib/thumb/v7e-m+fp/hard/libc_nano.a(libc_a-impure.o)
                              /Applications/ArmGNUToolchain/15.2.rel1/arm-none-eabi/bin/../lib/gcc/arm-none-eabi/15.2.1/../../../../arm-none-eabi/lib/thumb/v7e-m+fp/hard/libc_nano.a(libc_a-findfp.o) (_impure_data)
/Applications/ArmGNUToolchain/15.2.rel1/arm-none-eabi/bin/../lib/gcc/arm-none-eabi/15.2.1/../../../../arm-none-eabi/lib/thumb/v7e-m+fp/hard/libc_nano.a(libc_a-mallocr.o)
                              /Applications/ArmGNUToolchain/15.2.rel1/arm-none-eabi/bin/../lib/gcc/arm-none-eabi/15.2.1/../../../../arm-none-eabi/lib/thumb/v7e-m+fp/hard/libc_nano.a(libc_a-findfp.o) (_malloc_r)
/Applications/ArmGNUToolchain/15.2.rel1/arm-none-eabi/bin/../lib/gcc/arm-none-eabi/15.2.1/../../../../arm-none-eabi/lib/thumb/v7e-m+fp/hard/libc_nano.a(libc_a-mlock.o)
                              /Applications/ArmGNUToolchain/15.2.rel1/arm-none-eabi/bin/../lib/gcc/arm-none-eabi/15.2.1/../../../../arm-none-eabi/lib/thumb/v7e-m+fp/hard/libc_nano.a(libc_a-mallocr.o) (__malloc_lock)
/Applications/ArmGNUToolchain/15.2.rel1/arm-none-eabi/bin/../lib/gcc/arm-none-eabi/15.2.1/../../../../arm-none-eabi/lib/thumb/v7e-m+fp/hard/libc_nano.a(libc_a-stdio.o)
                              /Applications/ArmGNUToolchain/15.2.rel1/arm-none-eabi/bin/../lib/gcc/arm-none-eabi/15.2.1/../../../../arm-none-eabi/lib/thumb/v7e-m+fp/hard/libc_nano.a(libc_a-findfp.o) (__sread)
/Applications/ArmGNUToolchain/15.2.rel1/arm-none-eabi/bin/../lib/gcc/arm-none-eabi/15.2.1/../../../../arm-none-eabi/lib/thumb/v7e-m+fp/hard/libc_nano.a(libc_a-fflush.o)
                              /Applications/ArmGNUToolchain/15.2.rel1/arm-none-eabi/bin/../lib/gcc/arm-none-eabi/15.2.1/../../../../arm-none-eabi/lib/thumb/v7e-m+fp/hard/libc_nano.a(libc_a-findfp.o) (_fflush_r)
/Applications/ArmGNUToolchain/15.2.rel1/arm-none-eabi/bin/../lib/gcc/arm-none-eabi/15.2.1/../../../../arm-none-eabi/lib/thumb/v7e-m+fp/hard/libc_nano.a(libc_a-lseekr.o)
                              /Applications/ArmGNUToolchain/15.2.rel1/arm-none-eabi/bin/../lib/gcc/arm-none-eabi/15.2.1/../../../../arm-none-eabi/lib/thumb/v7e-m+fp/hard/libc_nano.a(libc_a-stdio.o) (_lseek_r)
/Applications/ArmGNUToolchain/15.2.rel1/arm-none-eabi/bin/../lib/gcc/arm-none-eabi/15.2.1/../../../../arm-none-eabi/lib/thumb/v7e-m+fp/hard/libc_nano.a(libc_a-readr.o)
                              /Applications/ArmGNUToolchain/15.2.rel1/arm-none-eabi/bin/../lib/gcc/arm-none-eabi/15.2.1/../../../../arm-none-eabi/lib/thumb/v7e-m+fp/hard/libc_nano.a(libc_a-stdio.o) (_read_r)
[...]
Memory Configuration

Name             Origin             Length             Attributes
RAM              0x20000000         0x00020000         xrw
FLASH            0x08000000         0x00080000         xr
*default*        0x00000000         0xffffffff

Linker script and memory map

LOAD /Applications/ArmGNUToolchain/15.2.rel1/arm-none-eabi/bin/../lib/gcc/arm-none-eabi/15.2.1/thumb/v7e-m+fp/hard/crti.o
LOAD /Applications/ArmGNUToolchain/15.2.rel1/arm-none-eabi/bin/../lib/gcc/arm-none-eabi/15.2.1/thumb/v7e-m+fp/hard/crtbegin.o
LOAD /Applications/ArmGNUToolchain/15.2.rel1/arm-none-eabi/bin/../lib/gcc/arm-none-eabi/15.2.1/../../../../arm-none-eabi/lib/thumb/v7e-m+fp/hard/crt0.o
LOAD /Applications/ArmGNUToolchain/15.2.rel1/arm-none-eabi/bin/../lib/gcc/arm-none-eabi/15.2.1/../../../../arm-none-eabi/lib/thumb/v7e-m+fp/hard/libc_nano.a
LOAD /Applications/ArmGNUToolchain/15.2.rel1/arm-none-eabi/bin/../lib/gcc/arm-none-eabi/15.2.1/../../../../arm-none-eabi/lib/thumb/v7e-m+fp/hard/libm.a
LOAD CMakeFiles/ASBCodeV2.elf.dir/Core/Src/can_mcu.c.obj
LOAD CMakeFiles/ASBCodeV2.elf.dir/Core/Src/main.c.obj
LOAD CMakeFiles/ASBCodeV2.elf.dir/Core/Src/stm32f4xx_hal_msp.c.obj
LOAD CMakeFiles/ASBCodeV2.elf.dir/Core/Src/stm32f4xx_it.c.obj
LOAD CMakeFiles/ASBCodeV2.elf.dir/Core/Src/syscalls.c.obj
LOAD CMakeFiles/ASBCodeV2.elf.dir/Core/Src/sysmem.c.obj
LOAD CMakeFiles/ASBCodeV2.elf.dir/Core/Src/system_stm32f4xx.c.obj
LOAD CMakeFiles/ASBCodeV2.elf.dir/Drivers/STM32F4xx_HAL_Driver/Src/stm32f4xx_hal.c.obj
LOAD CMakeFiles/ASBCodeV2.elf.dir/Drivers/STM32F4xx_HAL_Driver/Src/stm32f4xx_hal_adc.c.obj
LOAD CMakeFiles/ASBCodeV2.elf.dir/Drivers/STM32F4xx_HAL_Driver/Src/stm32f4xx_hal_adc_ex.c.obj
LOAD CMakeFiles/ASBCodeV2.elf.dir/Drivers/STM32F4xx_HAL_Driver/Src/stm32f4xx_hal_can.c.obj
LOAD CMakeFiles/ASBCodeV2.elf.dir/Drivers/STM32F4xx_HAL_Driver/Src/stm32f4xx_hal_cortex.c.obj
LOAD CMakeFiles/ASBCodeV2.elf.dir/Drivers/STM32F4xx_HAL_Driver/Src/stm32f4xx_hal_dac.c.obj
LOAD CMakeFiles/ASBCodeV2.elf.dir/Drivers/STM32F4xx_HAL_Driver/Src/stm32f4xx_hal_dac_ex.c.obj
LOAD CMakeFiles/ASBCodeV2.elf.dir/Drivers/STM32F4xx_HAL_Driver/Src/stm32f4xx_hal_dma.c.obj
LOAD CMakeFiles/ASBCodeV2.elf.dir/Drivers/STM32F4xx_HAL_Driver/Src/stm32f4xx_hal_dma_ex.c.obj
LOAD CMakeFiles/ASBCodeV2.elf.dir/Drivers/STM32F4xx_HAL_Driver/Src/stm32f4xx_hal_exti.c.obj
LOAD CMakeFiles/ASBCodeV2.elf.dir/Drivers/STM32F4xx_HAL_Driver/Src/stm32f4xx_hal_flash.c.obj
LOAD CMakeFiles/ASBCodeV2.elf.dir/Drivers/STM32F4xx_HAL_Driver/Src/stm32f4xx_hal_flash_ex.c.obj
LOAD CMakeFiles/ASBCodeV2.elf.dir/Drivers/STM32F4xx_HAL_Driver/Src/stm32f4xx_hal_flash_ramfunc.c.obj
LOAD CMakeFiles/ASBCodeV2.elf.dir/Drivers/STM32F4xx_HAL_Driver/Src/stm32f4xx_hal_gpio.c.obj
LOAD CMakeFiles/ASBCodeV2.elf.dir/Drivers/STM32F4xx_HAL_Driver/Src/stm32f4xx_hal_pwr.c.obj
LOAD CMakeFiles/ASBCodeV2.elf.dir/Drivers/STM32F4xx_HAL_Driver/Src/stm32f4xx_hal_pwr_ex.c.obj
LOAD CMakeFiles/ASBCodeV2.elf.dir/Drivers/STM32F4xx_HAL_Driver/Src/stm32f4xx_hal_rcc.c.obj
LOAD CMakeFiles/ASBCodeV2.elf.dir/Drivers/STM32F4xx_HAL_Driver/Src/stm32f4xx_hal_rcc_ex.c.obj
LOAD CMakeFiles/ASBCodeV2.elf.dir/Drivers/STM32F4xx_HAL_Driver/Src/stm32f4xx_hal_tim.c.obj
LOAD CMakeFiles/ASBCodeV2.elf.dir/Drivers/STM32F4xx_HAL_Driver/Src/stm32f4xx_hal_tim_ex.c.obj
LOAD CMakeFiles/ASBCodeV2.elf.dir/Drivers/STM32F4xx_HAL_Driver/Src/stm32f4xx_ll_adc.c.obj
LOAD CMakeFiles/ASBCodeV2.elf.dir/Core/Startup/startup_stm32f446retx.s.obj
START GROUP
LOAD /Applications/ArmGNUToolchain/15.2.rel1/arm-none-eabi/bin/../lib/gcc/arm-none-eabi/15.2.1/thumb/v7e-m+fp/hard/libgcc.a
LOAD /Applications/ArmGNUToolchain/15.2.rel1/arm-none-eabi/bin/../lib/gcc/arm-none-eabi/15.2.1/../../../../arm-none-eabi/lib/thumb/v7e-m+fp/hard/libg_nano.a
LOAD /Applications/ArmGNUToolchain/15.2.rel1/arm-none-eabi/bin/../lib/gcc/arm-none-eabi/15.2.1/../../../../arm-none-eabi/lib/thumb/v7e-m+fp/hard/libc_nano.a
END GROUP
START GROUP
LOAD /Applications/ArmGNUToolchain/15.2.rel1/arm-none-eabi/bin/../lib/gcc/arm-none-eabi/15.2.1/thumb/v7e-m+fp/hard/libgcc.a
LOAD /Applications/ArmGNUToolchain/15.2.rel1/arm-none-eabi/bin/../lib/gcc/arm-none-eabi/15.2.1/../../../../arm-none-eabi/lib/thumb/v7e-m+fp/hard/libc_nano.a
END GROUP
LOAD /Applications/ArmGNUToolchain/15.2.rel1/arm-none-eabi/bin/../lib/gcc/arm-none-eabi/15.2.1/thumb/v7e-m+fp/hard/crtend.o
LOAD /Applications/ArmGNUToolchain/15.2.rel1/arm-none-eabi/bin/../lib/gcc/arm-none-eabi/15.2.1/thumb/v7e-m+fp/hard/crtn.o
                0x20020000                        _estack = (ORIGIN (RAM) + LENGTH (RAM))
                0x00000200                        _Min_Heap_Size = 0x200
                0x00000400                        _Min_Stack_Size = 0x400

.isr_vector     0x08000000      0x1c4
                0x08000000                        . = ALIGN (0x4)
 *(.isr_vector)
 .isr_vector    0x08000000      0x1c4 CMakeFiles/ASBCodeV2.elf.dir/Core/Startup/startup_stm32f446retx.s.obj
                0x08000000                g_pfnVectors
                0x080001c4                        . = ALIGN (0x4)

.text           0x080001c8     0x7df0
                0x080001c8                        . = ALIGN (0x4)
 *(.text)
 .text          0x080001c8      0x378 /Applications/ArmGNUToolchain/15.2.rel1/arm-none-eabi/bin/../lib/gcc/arm-none-eabi/15.2.1/thumb/v7e-m+fp/hard/libgcc.a(_arm_addsubdf3.o)
                0x080001c8                __aeabi_drsub
                0x080001d0                __subdf3
                0x080001d0                __aeabi_dsub
                0x080001d4                __aeabi_dadd
                0x080001d4                __adddf3
                0x0800044c                __aeabi_ui2d
                0x0800044c                __floatunsidf
                0x0800046c                __floatsidf
                0x0800046c                __aeabi_i2d
                0x08000490                __extendsfdf2
                0x08000490                __aeabi_f2d
                0x080004d4                __aeabi_ul2d
                0x080004d4                __floatundidf
                0x080004e4                __aeabi_l2d
                0x080004e4                __floatdidf
 .text          0x08000540      0x424 /Applications/ArmGNUToolchain/15.2.rel1/arm-none-eabi/bin/../lib/gcc/arm-none-eabi/15.2.1/thumb/v7e-m+fp/hard/libgcc.a(_arm_muldivdf3.o)
                0x08000540                __aeabi_dmul
                0x08000540                __muldf3
                0x08000794                __aeabi_ddiv
                0x08000794                __divdf3
 .text          0x08000964       0xa0 /Applications/ArmGNUToolchain/15.2.rel1/arm-none-eabi/bin/../lib/gcc/arm-none-eabi/15.2.1/thumb/v7e-m+fp/hard/libgcc.a(_arm_truncdfsf2.o)
                0x08000964                __aeabi_d2f
                0x08000964                __truncdfsf2
 .text          0x08000a04       0x30 /Applications/ArmGNUToolchain/15.2.rel1/arm-none-eabi/bin/../lib/gcc/arm-none-eabi/15.2.1/thumb/v7e-m+fp/hard/libgcc.a(_aeabi_uldivmod.o)
                0x08000a04                __aeabi_uldivmod
 .text          0x08000a34        0x4 /Applications/ArmGNUToolchain/15.2.rel1/arm-none-eabi/bin/../lib/gcc/arm-none-eabi/15.2.1/thumb/v7e-m+fp/hard/libgcc.a(_dvmd_tls.o)
                0x08000a34                __aeabi_ldiv0
                0x08000a34                __aeabi_idiv0
 *(.text*)
 .text.deregister_tm_clones
                0x08000a38       0x1c /Applications/ArmGNUToolchain/15.2.rel1/arm-none-eabi/bin/../lib/gcc/arm-none-eabi/15.2.1/thumb/v7e-m+fp/hard/crtbegin.o
 .text.register_tm_clones
                0x08000a54       0x24 /Applications/ArmGNUToolchain/15.2.rel1/arm-none-eabi/bin/../lib/gcc/arm-none-eabi/15.2.1/thumb/v7e-m+fp/hard/crtbegin.o
 .text.__do_global_dtors_aux
                0x08000a78       0x28 /Applications/ArmGNUToolchain/15.2.rel1/arm-none-eabi/bin/../lib/gcc/arm-none-eabi/15.2.1/thumb/v7e-m+fp/hard/crtbegin.o
 .text.frame_dummy
                0x08000aa0       0x24 /Applications/ArmGNUToolchain/15.2.rel1/arm-none-eabi/bin/../lib/gcc/arm-none-eabi/15.2.1/thumb/v7e-m+fp/hard/crtbegin.o
 .text.memset   0x08000ac4       0x10 /Applications/ArmGNUToolchain/15.2.rel1/arm-none-eabi/bin/../lib/gcc/arm-none-eabi/15.2.1/../../../../arm-none-eabi/lib/thumb/v7e-m+fp/hard/libc_nano.a(libc_a-memset.o)
                0x08000ac4                memset
 .text.__libc_init_array
                0x08000ad4       0x48 /Applications/ArmGNUToolchain/15.2.rel1/arm-none-eabi/bin/../lib/gcc/arm-none-eabi/15.2.1/../../../../arm-none-eabi/lib/thumb/v7e-m+fp/hard/libc_nano.a(libc_a-init.o)
                0x08000ad4                __libc_init_array
 .text.pack_left_shift_u8
                0x08000b1c       0x2c CMakeFiles/ASBCodeV2.elf.dir/Core/Src/can_mcu.c.obj
 .text.pack_left_shift_u16
                0x08000b48       0x2c CMakeFiles/ASBCodeV2.elf.dir/Core/Src/can_mcu.c.obj
 .text.pack_right_shift_u16
                0x08000b74       0x2c CMakeFiles/ASBCodeV2.elf.dir/Core/Src/can_mcu.c.obj
 .text.unpack_left_shift_u16
                0x08000ba0       0x2e CMakeFiles/ASBCodeV2.elf.dir/Core/Src/can_mcu.c.obj
 .text.unpack_right_shift_u8
                0x08000bce       0x2e CMakeFiles/ASBCodeV2.elf.dir/Core/Src/can_mcu.c.obj
 .text.unpack_right_shift_u16
                0x08000bfc       0x2e CMakeFiles/ASBCodeV2.elf.dir/Core/Src/can_mcu.c.obj
 .text.can_mcu_vcu_bools_unpack
                0x08000c2a       0xbc CMakeFiles/ASBCodeV2.elf.dir/Core/Src/can_mcu.c.obj
                0x08000c2a                can_mcu_vcu_bools_unpack
 .text.can_mcu_asb_pack
                0x08000ce6      0x1d0 CMakeFiles/ASBCodeV2.elf.dir/Core/Src/can_mcu.c.obj
                0x08000ce6                can_mcu_asb_pack
 .text.can_mcu_apu_state_mission_unpack
                0x08000eb6       0x64 CMakeFiles/ASBCodeV2.elf.dir/Core/Src/can_mcu.c.obj
                0x08000eb6                can_mcu_apu_state_mission_unpack
 .text.can_mcu_dash_brake_unpack
                0x08000f1a       0xd8 CMakeFiles/ASBCodeV2.elf.dir/Core/Src/can_mcu.c.obj
                0x08000f1a                can_mcu_dash_brake_unpack
 *fill*         0x08000ff2        0x6 
 .text.can_mcu_dash_brake_brake_pressure_front_decode
                0x08000ff8       0x40 CMakeFiles/ASBCodeV2.elf.dir/Core/Src/can_mcu.c.obj
                0x08000ff8                can_mcu_dash_brake_brake_pressure_front_decode
 .text.can_mcu_dash_brake_brake_pressure_rear_decode
                0x08001038       0x40 CMakeFiles/ASBCodeV2.elf.dir/Core/Src/can_mcu.c.obj
                0x08001038                can_mcu_dash_brake_brake_pressure_rear_decode
 .text.can_mcu_vcu_servo_control_unpack
                0x08001078       0x38 CMakeFiles/ASBCodeV2.elf.dir/Core/Src/can_mcu.c.obj
                0x08001078                can_mcu_vcu_servo_control_unpack
 .text.can_mcu_asb_datalogger_pack
                0x080010b0      0x204 CMakeFiles/ASBCodeV2.elf.dir/Core/Src/can_mcu.c.obj
                0x080010b0                can_mcu_asb_datalogger_pack
 .text.CAN_SendStdMessage
                0x080012b4      0x1f0 CMakeFiles/ASBCodeV2.elf.dir/Core/Src/main.c.obj
 .text.CAN_SendAsbStatusTask
                0x080014a4      0x130 CMakeFiles/ASBCodeV2.elf.dir/Core/Src/main.c.obj
 .text.CAN_SendAsbDataloggerTask
                0x080015d4      0x1ac CMakeFiles/ASBCodeV2.elf.dir/Core/Src/main.c.obj
 .text.main     0x08001780      0x244 CMakeFiles/ASBCodeV2.elf.dir/Core/Src/main.c.obj
                0x08001780                main
 .text.SystemClock_Config
                0x080019c4       0xd8 CMakeFiles/ASBCodeV2.elf.dir/Core/Src/main.c.obj
                0x080019c4                SystemClock_Config
 .text.MX_ADC1_Init
                0x08001a9c       0xa4 CMakeFiles/ASBCodeV2.elf.dir/Core/Src/main.c.obj
 .text.MX_CAN1_Init
                0x08001b40       0x70 CMakeFiles/ASBCodeV2.elf.dir/Core/Src/main.c.obj
 .text.MX_DAC_Init
                0x08001bb0       0x54 CMakeFiles/ASBCodeV2.elf.dir/Core/Src/main.c.obj
 .text.MX_TIM2_Init
                0x08001c04       0x98 CMakeFiles/ASBCodeV2.elf.dir/Core/Src/main.c.obj
 .text.MX_TIM3_Init
                0x08001c9c       0xec CMakeFiles/ASBCodeV2.elf.dir/Core/Src/main.c.obj
 .text.MX_TIM4_Init
                0x08001d88       0x9c CMakeFiles/ASBCodeV2.elf.dir/Core/Src/main.c.obj
 .text.MX_TIM5_Init
                0x08001e24       0x9c CMakeFiles/ASBCodeV2.elf.dir/Core/Src/main.c.obj
 .text.MX_TIM6_Init
                0x08001ec0       0x6c CMakeFiles/ASBCodeV2.elf.dir/Core/Src/main.c.obj
 .text.MX_TIM7_Init
                0x08001f2c       0x6c CMakeFiles/ASBCodeV2.elf.dir/Core/Src/main.c.obj
 .text.MX_DMA_Init
                0x08001f98       0x40 CMakeFiles/ASBCodeV2.elf.dir/Core/Src/main.c.obj
 .text.MX_GPIO_Init
                0x08001fd8      0x160 CMakeFiles/ASBCodeV2.elf.dir/Core/Src/main.c.obj
 .text.CAN_UpdateDiagnostics
                0x08002138       0xa4 CMakeFiles/ASBCodeV2.elf.dir/Core/Src/main.c.obj
 .text.Selected_Mission
                0x080021dc       0x48 CMakeFiles/ASBCodeV2.elf.dir/Core/Src/main.c.obj
                0x080021dc                Selected_Mission
 .text.As_Initial_Check
                0x08002224      0x42c CMakeFiles/ASBCodeV2.elf.dir/Core/Src/main.c.obj
                0x08002224                As_Initial_Check
 .text.Continuous_Monitoring
                0x08002650      0x208 CMakeFiles/ASBCodeV2.elf.dir/Core/Src/main.c.obj
                0x08002650                Continuous_Monitoring
 .text.Manual_Initial_Check
                0x08002858       0xac CMakeFiles/ASBCodeV2.elf.dir/Core/Src/main.c.obj
                0x08002858                Manual_Initial_Check
 .text.Manual_Monitoring
                0x08002904       0x94 CMakeFiles/ASBCodeV2.elf.dir/Core/Src/main.c.obj
                0x08002904                Manual_Monitoring
 .text.HAL_ADC_ConvCpltCallback
                0x08002998       0xe8 CMakeFiles/ASBCodeV2.elf.dir/Core/Src/main.c.obj
                0x08002998                HAL_ADC_ConvCpltCallback
 .text.HAL_TIM_PeriodElapsedCallback
                0x08002a80      0x284 CMakeFiles/ASBCodeV2.elf.dir/Core/Src/main.c.obj
                0x08002a80                HAL_TIM_PeriodElapsedCallback
 .text.HAL_CAN_RxFifo0MsgPendingCallback
                0x08002d04      0x128 CMakeFiles/ASBCodeV2.elf.dir/Core/Src/main.c.obj
                0x08002d04                HAL_CAN_RxFifo0MsgPendingCallback
 .text.HAL_CAN_ErrorCallback
                0x08002e2c       0x80 CMakeFiles/ASBCodeV2.elf.dir/Core/Src/main.c.obj
                0x08002e2c                HAL_CAN_ErrorCallback
 .text.HAL_CAN_TxMailbox0CompleteCallback
                0x08002eac       0x64 CMakeFiles/ASBCodeV2.elf.dir/Core/Src/main.c.obj
                0x08002eac                HAL_CAN_TxMailbox0CompleteCallback
 .text.HAL_CAN_TxMailbox1CompleteCallback
                0x08002f10       0x64 CMakeFiles/ASBCodeV2.elf.dir/Core/Src/main.c.obj
                0x08002f10                HAL_CAN_TxMailbox1CompleteCallback
 .text.HAL_CAN_TxMailbox2CompleteCallback
                0x08002f74       0x64 CMakeFiles/ASBCodeV2.elf.dir/Core/Src/main.c.obj
                0x08002f74                HAL_CAN_TxMailbox2CompleteCallback
 .text.HAL_CAN_TxMailbox0AbortCallback
                0x08002fd8       0x64 CMakeFiles/ASBCodeV2.elf.dir/Core/Src/main.c.obj
                0x08002fd8                HAL_CAN_TxMailbox0AbortCallback
 .text.HAL_CAN_TxMailbox1AbortCallback
                0x0800303c       0x64 CMakeFiles/ASBCodeV2.elf.dir/Core/Src/main.c.obj
                0x0800303c                HAL_CAN_TxMailbox1AbortCallback
 .text.HAL_CAN_TxMailbox2AbortCallback
                0x080030a0       0x64 CMakeFiles/ASBCodeV2.elf.dir/Core/Src/main.c.obj
                0x080030a0                HAL_CAN_TxMailbox2AbortCallback
 .text.Init_All
                0x08003104      0x42c CMakeFiles/ASBCodeV2.elf.dir/Core/Src/main.c.obj
                0x08003104                Init_All
 .text.Error_Handler
                0x08003530        0xc CMakeFiles/ASBCodeV2.elf.dir/Core/Src/main.c.obj
                0x08003530                Error_Handler
 .text.HAL_MspInit
                0x0800353c       0x4c CMakeFiles/ASBCodeV2.elf.dir/Core/Src/stm32f4xx_hal_msp.c.obj
                0x0800353c                HAL_MspInit
 .text.HAL_ADC_MspInit
                0x08003588       0xf0 CMakeFiles/ASBCodeV2.elf.dir/Core/Src/stm32f4xx_hal_msp.c.obj
                0x08003588                HAL_ADC_MspInit
 .text.HAL_CAN_MspInit
                0x08003678       0xb0 CMakeFiles/ASBCodeV2.elf.dir/Core/Src/stm32f4xx_hal_msp.c.obj
                0x08003678                HAL_CAN_MspInit
 .text.HAL_DAC_MspInit
                0x08003728       0x98 CMakeFiles/ASBCodeV2.elf.dir/Core/Src/stm32f4xx_hal_msp.c.obj
                0x08003728                HAL_DAC_MspInit
 .text.HAL_TIM_Base_MspInit
                0x080037c0      0x168 CMakeFiles/ASBCodeV2.elf.dir/Core/Src/stm32f4xx_hal_msp.c.obj
                0x080037c0                HAL_TIM_Base_MspInit
 .text.HAL_TIM_MspPostInit
                0x08003928       0x74 CMakeFiles/ASBCodeV2.elf.dir/Core/Src/stm32f4xx_hal_msp.c.obj
                0x08003928                HAL_TIM_MspPostInit
 .text.NMI_Handler
                0x0800399c        0x8 CMakeFiles/ASBCodeV2.elf.dir/Core/Src/stm32f4xx_it.c.obj
                0x0800399c                NMI_Handler
 .text.HardFault_Handler
                0x080039a4        0x8 CMakeFiles/ASBCodeV2.elf.dir/Core/Src/stm32f4xx_it.c.obj
                0x080039a4                HardFault_Handler
 .text.MemManage_Handler
                0x080039ac        0x8 CMakeFiles/ASBCodeV2.elf.dir/Core/Src/stm32f4xx_it.c.obj
                0x080039ac                MemManage_Handler
 .text.BusFault_Handler
                0x080039b4        0x8 CMakeFiles/ASBCodeV2.elf.dir/Core/Src/stm32f4xx_it.c.obj
                0x080039b4                BusFault_Handler
 .text.UsageFault_Handler
                0x080039bc        0x8 CMakeFiles/ASBCodeV2.elf.dir/Core/Src/stm32f4xx_it.c.obj
                0x080039bc                UsageFault_Handler
 .text.SVC_Handler
                0x080039c4        0xc CMakeFiles/ASBCodeV2.elf.dir/Core/Src/stm32f4xx_it.c.obj
                0x080039c4                SVC_Handler
 .text.DebugMon_Handler
                0x080039d0        0xc CMakeFiles/ASBCodeV2.elf.dir/Core/Src/stm32f4xx_it.c.obj
                0x080039d0                DebugMon_Handler
 .text.PendSV_Handler
                0x080039dc        0xc CMakeFiles/ASBCodeV2.elf.dir/Core/Src/stm32f4xx_it.c.obj
                0x080039dc                PendSV_Handler
 .text.SysTick_Handler
                0x080039e8        0xc CMakeFiles/ASBCodeV2.elf.dir/Core/Src/stm32f4xx_it.c.obj
                0x080039e8                SysTick_Handler
 .text.CAN1_TX_IRQHandler
                0x080039f4       0x14 CMakeFiles/ASBCodeV2.elf.dir/Core/Src/stm32f4xx_it.c.obj
                0x080039f4                CAN1_TX_IRQHandler
 .text.CAN1_RX0_IRQHandler
                0x08003a08       0x14 CMakeFiles/ASBCodeV2.elf.dir/Core/Src/stm32f4xx_it.c.obj
                0x08003a08                CAN1_RX0_IRQHandler
 .text.TIM2_IRQHandler
                0x08003a1c       0x14 CMakeFiles/ASBCodeV2.elf.dir/Core/Src/stm32f4xx_it.c.obj
                0x08003a1c                TIM2_IRQHandler
 .text.TIM4_IRQHandler
                0x08003a30       0x14 CMakeFiles/ASBCodeV2.elf.dir/Core/Src/stm32f4xx_it.c.obj
                0x08003a30                TIM4_IRQHandler
 .text.TIM5_IRQHandler
                0x08003a44       0x14 CMakeFiles/ASBCodeV2.elf.dir/Core/Src/stm32f4xx_it.c.obj
                0x08003a44                TIM5_IRQHandler
 .text.TIM6_DAC_IRQHandler
                0x08003a58       0x1c CMakeFiles/ASBCodeV2.elf.dir/Core/Src/stm32f4xx_it.c.obj
                0x08003a58                TIM6_DAC_IRQHandler
 .text.TIM7_IRQHandler
                0x08003a74       0x14 CMakeFiles/ASBCodeV2.elf.dir/Core/Src/stm32f4xx_it.c.obj
                0x08003a74                TIM7_IRQHandler
 .text.DMA2_Stream0_IRQHandler
                0x08003a88       0x14 CMakeFiles/ASBCodeV2.elf.dir/Core/Src/stm32f4xx_it.c.obj
                0x08003a88                DMA2_Stream0_IRQHandler
 .text.SystemInit
                0x08003a9c       0x20 CMakeFiles/ASBCodeV2.elf.dir/Core/Src/system_stm32f4xx.c.obj
                0x08003a9c                SystemInit
 .text.HAL_Init
                0x08003abc       0x44 CMakeFiles/ASBCodeV2.elf.dir/Drivers/STM32F4xx_HAL_Driver/Src/stm32f4xx_hal.c.obj
                0x08003abc                HAL_Init
 .text.HAL_InitTick
                0x08003b00       0x60 CMakeFiles/ASBCodeV2.elf.dir/Drivers/STM32F4xx_HAL_Driver/Src/stm32f4xx_hal.c.obj
                0x08003b00                HAL_InitTick
 .text.HAL_IncTick
                0x08003b60       0x24 CMakeFiles/ASBCodeV2.elf.dir/Drivers/STM32F4xx_HAL_Driver/Src/stm32f4xx_hal.c.obj
                0x08003b60                HAL_IncTick
 .text.HAL_GetTick
                0x08003b84       0x14 CMakeFiles/ASBCodeV2.elf.dir/Drivers/STM32F4xx_HAL_Driver/Src/stm32f4xx_hal.c.obj
                0x08003b84                HAL_GetTick
 .text.HAL_Delay
                0x08003b98       0x48 CMakeFiles/ASBCodeV2.elf.dir/Drivers/STM32F4xx_HAL_Driver/Src/stm32f4xx_hal.c.obj
                0x08003b98                HAL_Delay
 .text.HAL_ADC_Init
                0x08003be0       0x86 CMakeFiles/ASBCodeV2.elf.dir/Drivers/STM32F4xx_HAL_Driver/Src/stm32f4xx_hal_adc.c.obj
                0x08003be0                HAL_ADC_Init
 *fill*         0x08003c66        0x2 
 .text.HAL_ADC_Start_DMA
                0x08003c68      0x228 CMakeFiles/ASBCodeV2.elf.dir/Drivers/STM32F4xx_HAL_Driver/Src/stm32f4xx_hal_adc.c.obj
                0x08003c68                HAL_ADC_Start_DMA
 .text.HAL_ADC_ConvHalfCpltCallback
                0x08003e90       0x12 CMakeFiles/ASBCodeV2.elf.dir/Drivers/STM32F4xx_HAL_Driver/Src/stm32f4xx_hal_adc.c.obj
                0x08003e90                HAL_ADC_ConvHalfCpltCallback
 .text.HAL_ADC_ErrorCallback
                0x08003ea2       0x12 CMakeFiles/ASBCodeV2.elf.dir/Drivers/STM32F4xx_HAL_Driver/Src/stm32f4xx_hal_adc.c.obj
                0x08003ea2                HAL_ADC_ErrorCallback
 .text.HAL_ADC_ConfigChannel
                0x08003eb4      0x268 CMakeFiles/ASBCodeV2.elf.dir/Drivers/STM32F4xx_HAL_Driver/Src/stm32f4xx_hal_adc.c.obj
                0x08003eb4                HAL_ADC_ConfigChannel
 .text.ADC_Init
                0x0800411c      0x1f8 CMakeFiles/ASBCodeV2.elf.dir/Drivers/STM32F4xx_HAL_Driver/Src/stm32f4xx_hal_adc.c.obj
 .text.ADC_DMAConvCplt
                0x08004314       0xba CMakeFiles/ASBCodeV2.elf.dir/Drivers/STM32F4xx_HAL_Driver/Src/stm32f4xx_hal_adc.c.obj
 .text.ADC_DMAHalfConvCplt
                0x080043ce       0x1c CMakeFiles/ASBCodeV2.elf.dir/Drivers/STM32F4xx_HAL_Driver/Src/stm32f4xx_hal_adc.c.obj
 .text.ADC_DMAError
                0x080043ea       0x2e CMakeFiles/ASBCodeV2.elf.dir/Drivers/STM32F4xx_HAL_Driver/Src/stm32f4xx_hal_adc.c.obj
 .text.HAL_CAN_Init
                0x08004418      0x1f6 CMakeFiles/ASBCodeV2.elf.dir/Drivers/STM32F4xx_HAL_Driver/Src/stm32f4xx_hal_can.c.obj
                0x08004418                HAL_CAN_Init
 *fill*         0x0800460e        0x2 
 .text.HAL_CAN_ConfigFilter
                0x08004610      0x1b8 CMakeFiles/ASBCodeV2.elf.dir/Drivers/STM32F4xx_HAL_Driver/Src/stm32f4xx_hal_can.c.obj
                0x08004610                HAL_CAN_ConfigFilter
 .text.HAL_CAN_Start
                0x080047c8       0x88 CMakeFiles/ASBCodeV2.elf.dir/Drivers/STM32F4xx_HAL_Driver/Src/stm32f4xx_hal_can.c.obj
                0x080047c8                HAL_CAN_Start
 .text.HAL_CAN_AddTxMessage
                0x08004850      0x19e CMakeFiles/ASBCodeV2.elf.dir/Drivers/STM32F4xx_HAL_Driver/Src/stm32f4xx_hal_can.c.obj
                0x08004850                HAL_CAN_AddTxMessage
 .text.HAL_CAN_GetTxMailboxesFreeLevel
                0x080049ee       0x68 CMakeFiles/ASBCodeV2.elf.dir/Drivers/STM32F4xx_HAL_Driver/Src/stm32f4xx_hal_can.c.obj
                0x080049ee                HAL_CAN_GetTxMailboxesFreeLevel
 .text.HAL_CAN_GetRxMessage
                0x08004a56      0x242 CMakeFiles/ASBCodeV2.elf.dir/Drivers/STM32F4xx_HAL_Driver/Src/stm32f4xx_hal_can.c.obj
                0x08004a56                HAL_CAN_GetRxMessage
 .text.HAL_CAN_ActivateNotification
                0x08004c98       0x4a CMakeFiles/ASBCodeV2.elf.dir/Drivers/STM32F4xx_HAL_Driver/Src/stm32f4xx_hal_can.c.obj
                0x08004c98                HAL_CAN_ActivateNotification
 .text.HAL_CAN_IRQHandler
                0x08004ce2      0x36e CMakeFiles/ASBCodeV2.elf.dir/Drivers/STM32F4xx_HAL_Driver/Src/stm32f4xx_hal_can.c.obj
                0x08004ce2                HAL_CAN_IRQHandler
 .text.HAL_CAN_RxFifo0FullCallback
                0x08005050       0x12 CMakeFiles/ASBCodeV2.elf.dir/Drivers/STM32F4xx_HAL_Driver/Src/stm32f4xx_hal_can.c.obj
                0x08005050                HAL_CAN_RxFifo0FullCallback
 .text.HAL_CAN_RxFifo1MsgPendingCallback
                0x08005062       0x12 CMakeFiles/ASBCodeV2.elf.dir/Drivers/STM32F4xx_HAL_Driver/Src/stm32f4xx_hal_can.c.obj
                0x08005062                HAL_CAN_RxFifo1MsgPendingCallback
 .text.HAL_CAN_RxFifo1FullCallback
                0x08005074       0x12 CMakeFiles/ASBCodeV2.elf.dir/Drivers/STM32F4xx_HAL_Driver/Src/stm32f4xx_hal_can.c.obj
                0x08005074                HAL_CAN_RxFifo1FullCallback
 .text.HAL_CAN_SleepCallback
                0x08005086       0x12 CMakeFiles/ASBCodeV2.elf.dir/Drivers/STM32F4xx_HAL_Driver/Src/stm32f4xx_hal_can.c.obj
                0x08005086                HAL_CAN_SleepCallback
 .text.HAL_CAN_WakeUpFromRxMsgCallback
                0x08005098       0x12 CMakeFiles/ASBCodeV2.elf.dir/Drivers/STM32F4xx_HAL_Driver/Src/stm32f4xx_hal_can.c.obj
                0x08005098                HAL_CAN_WakeUpFromRxMsgCallback
 .text.HAL_CAN_GetError
                0x080050aa       0x16 CMakeFiles/ASBCodeV2.elf.dir/Drivers/STM32F4xx_HAL_Driver/Src/stm32f4xx_hal_can.c.obj
                0x080050aa                HAL_CAN_GetError
 .text.__NVIC_SetPriorityGrouping
                0x080050c0       0x48 CMakeFiles/ASBCodeV2.elf.dir/Drivers/STM32F4xx_HAL_Driver/Src/stm32f4xx_hal_cortex.c.obj
 .text.__NVIC_GetPriorityGrouping
                0x08005108       0x1c CMakeFiles/ASBCodeV2.elf.dir/Drivers/STM32F4xx_HAL_Driver/Src/stm32f4xx_hal_cortex.c.obj
 .text.__NVIC_EnableIRQ
                0x08005124       0x38 CMakeFiles/ASBCodeV2.elf.dir/Drivers/STM32F4xx_HAL_Driver/Src/stm32f4xx_hal_cortex.c.obj
 .text.__NVIC_SetPriority
                0x0800515c       0x54 CMakeFiles/ASBCodeV2.elf.dir/Drivers/STM32F4xx_HAL_Driver/Src/stm32f4xx_hal_cortex.c.obj
 .text.NVIC_EncodePriority
                0x080051b0       0x6e CMakeFiles/ASBCodeV2.elf.dir/Drivers/STM32F4xx_HAL_Driver/Src/stm32f4xx_hal_cortex.c.obj
 *fill*         0x0800521e        0x2 
 .text.SysTick_Config
                0x08005220       0x44 CMakeFiles/ASBCodeV2.elf.dir/Drivers/STM32F4xx_HAL_Driver/Src/stm32f4xx_hal_cortex.c.obj
 .text.HAL_NVIC_SetPriorityGrouping
                0x08005264       0x16 CMakeFiles/ASBCodeV2.elf.dir/Drivers/STM32F4xx_HAL_Driver/Src/stm32f4xx_hal_cortex.c.obj
                0x08005264                HAL_NVIC_SetPriorityGrouping
 .text.HAL_NVIC_SetPriority
                0x0800527a       0x38 CMakeFiles/ASBCodeV2.elf.dir/Drivers/STM32F4xx_HAL_Driver/Src/stm32f4xx_hal_cortex.c.obj
                0x0800527a                HAL_NVIC_SetPriority
 .text.HAL_NVIC_EnableIRQ
                0x080052b2       0x1c CMakeFiles/ASBCodeV2.elf.dir/Drivers/STM32F4xx_HAL_Driver/Src/stm32f4xx_hal_cortex.c.obj
                0x080052b2                HAL_NVIC_EnableIRQ
 .text.HAL_SYSTICK_Config
                0x080052ce       0x18 CMakeFiles/ASBCodeV2.elf.dir/Drivers/STM32F4xx_HAL_Driver/Src/stm32f4xx_hal_cortex.c.obj
                0x080052ce                HAL_SYSTICK_Config
 .text.HAL_DAC_Init
                0x080052e6       0x44 CMakeFiles/ASBCodeV2.elf.dir/Drivers/STM32F4xx_HAL_Driver/Src/stm32f4xx_hal_dac.c.obj
                0x080052e6                HAL_DAC_Init
 .text.HAL_DAC_Start
                0x0800532a       0xac CMakeFiles/ASBCodeV2.elf.dir/Drivers/STM32F4xx_HAL_Driver/Src/stm32f4xx_hal_dac.c.obj
                0x0800532a                HAL_DAC_Start
 .text.HAL_DAC_IRQHandler
                0x080053d6       0xac CMakeFiles/ASBCodeV2.elf.dir/Drivers/STM32F4xx_HAL_Driver/Src/stm32f4xx_hal_dac.c.obj
                0x080053d6                HAL_DAC_IRQHandler
 .text.HAL_DAC_DMAUnderrunCallbackCh1
                0x08005482       0x12 CMakeFiles/ASBCodeV2.elf.dir/Drivers/STM32F4xx_HAL_Driver/Src/stm32f4xx_hal_dac.c.obj
                0x08005482                HAL_DAC_DMAUnderrunCallbackCh1
 .text.HAL_DAC_ConfigChannel
                0x08005494       0xb0 CMakeFiles/ASBCodeV2.elf.dir/Drivers/STM32F4xx_HAL_Driver/Src/stm32f4xx_hal_dac.c.obj
                0x08005494                HAL_DAC_ConfigChannel
 .text.HAL_DACEx_DMAUnderrunCallbackCh2
                0x08005544       0x12 CMakeFiles/ASBCodeV2.elf.dir/Drivers/STM32F4xx_HAL_Driver/Src/stm32f4xx_hal_dac_ex.c.obj
                0x08005544                HAL_DACEx_DMAUnderrunCallbackCh2
 *fill*         0x08005556        0x2 
 .text.HAL_DMA_Init
                0x08005558      0x15c CMakeFiles/ASBCodeV2.elf.dir/Drivers/STM32F4xx_HAL_Driver/Src/stm32f4xx_hal_dma.c.obj
                0x08005558                HAL_DMA_Init
 .text.HAL_DMA_Start_IT
                0x080056b4       0xb0 CMakeFiles/ASBCodeV2.elf.dir/Drivers/STM32F4xx_HAL_Driver/Src/stm32f4xx_hal_dma.c.obj
                0x080056b4                HAL_DMA_Start_IT
 .text.HAL_DMA_IRQHandler
                0x08005764      0x314 CMakeFiles/ASBCodeV2.elf.dir/Drivers/STM32F4xx_HAL_Driver/Src/stm32f4xx_hal_dma.c.obj
                0x08005764                HAL_DMA_IRQHandler
 .text.DMA_SetConfig
                0x08005a78       0x5a CMakeFiles/ASBCodeV2.elf.dir/Drivers/STM32F4xx_HAL_Driver/Src/stm32f4xx_hal_dma.c.obj
 *fill*         0x08005ad2        0x2 
 .text.DMA_CalcBaseAndBitshift
                0x08005ad4       0x68 CMakeFiles/ASBCodeV2.elf.dir/Drivers/STM32F4xx_HAL_Driver/Src/stm32f4xx_hal_dma.c.obj
 .text.DMA_CheckFifoParam
                0x08005b3c      0x10a CMakeFiles/ASBCodeV2.elf.dir/Drivers/STM32F4xx_HAL_Driver/Src/stm32f4xx_hal_dma.c.obj
 *fill*         0x08005c46        0x2 
 .text.HAL_GPIO_Init
                0x08005c48      0x324 CMakeFiles/ASBCodeV2.elf.dir/Drivers/STM32F4xx_HAL_Driver/Src/stm32f4xx_hal_gpio.c.obj
                0x08005c48                HAL_GPIO_Init
 .text.HAL_GPIO_ReadPin
                0x08005f6c       0x2e CMakeFiles/ASBCodeV2.elf.dir/Drivers/STM32F4xx_HAL_Driver/Src/stm32f4xx_hal_gpio.c.obj
                0x08005f6c                HAL_GPIO_ReadPin
 .text.HAL_GPIO_WritePin
                0x08005f9a       0x30 CMakeFiles/ASBCodeV2.elf.dir/Drivers/STM32F4xx_HAL_Driver/Src/stm32f4xx_hal_gpio.c.obj
                0x08005f9a                HAL_GPIO_WritePin
 .text.HAL_GPIO_TogglePin
                0x08005fca       0x32 CMakeFiles/ASBCodeV2.elf.dir/Drivers/STM32F4xx_HAL_Driver/Src/stm32f4xx_hal_gpio.c.obj
                0x08005fca                HAL_GPIO_TogglePin
 .text.HAL_RCC_ClockConfig
                0x08005ffc      0x1cc CMakeFiles/ASBCodeV2.elf.dir/Drivers/STM32F4xx_HAL_Driver/Src/stm32f4xx_hal_rcc.c.obj
                0x08005ffc                HAL_RCC_ClockConfig
 .text.HAL_RCC_GetSysClockFreq
                0x080061c8      0x43c CMakeFiles/ASBCodeV2.elf.dir/Drivers/STM32F4xx_HAL_Driver/Src/stm32f4xx_hal_rcc_ex.c.obj
                0x080061c8                HAL_RCC_GetSysClockFreq
 .text.HAL_RCC_OscConfig
                0x08006604      0x53c CMakeFiles/ASBCodeV2.elf.dir/Drivers/STM32F4xx_HAL_Driver/Src/stm32f4xx_hal_rcc_ex.c.obj
                0x08006604                HAL_RCC_OscConfig
 .text.HAL_TIM_Base_Init
                0x08006b40       0x9e CMakeFiles/ASBCodeV2.elf.dir/Drivers/STM32F4xx_HAL_Driver/Src/stm32f4xx_hal_tim.c.obj
                0x08006b40                HAL_TIM_Base_Init
 *fill*         0x08006bde        0x2 
 .text.HAL_TIM_Base_Start_IT
                0x08006be0       0xdc CMakeFiles/ASBCodeV2.elf.dir/Drivers/STM32F4xx_HAL_Driver/Src/stm32f4xx_hal_tim.c.obj
                0x08006be0                HAL_TIM_Base_Start_IT
 .text.HAL_TIM_PWM_Init
                0x08006cbc       0x9e CMakeFiles/ASBCodeV2.elf.dir/Drivers/STM32F4xx_HAL_Driver/Src/stm32f4xx_hal_tim.c.obj
                0x08006cbc                HAL_TIM_PWM_Init
 .text.HAL_TIM_PWM_MspInit
                0x08006d5a       0x12 CMakeFiles/ASBCodeV2.elf.dir/Drivers/STM32F4xx_HAL_Driver/Src/stm32f4xx_hal_tim.c.obj
                0x08006d5a                HAL_TIM_PWM_MspInit
 .text.HAL_TIM_PWM_Start
                0x08006d6c      0x190 CMakeFiles/ASBCodeV2.elf.dir/Drivers/STM32F4xx_HAL_Driver/Src/stm32f4xx_hal_tim.c.obj
                0x08006d6c                HAL_TIM_PWM_Start
 .text.HAL_TIM_PWM_Stop
                0x08006efc       0xe0 CMakeFiles/ASBCodeV2.elf.dir/Drivers/STM32F4xx_HAL_Driver/Src/stm32f4xx_hal_tim.c.obj
                0x08006efc                HAL_TIM_PWM_Stop
 .text.HAL_TIM_IRQHandler
                0x08006fdc      0x1e0 CMakeFiles/ASBCodeV2.elf.dir/Drivers/STM32F4xx_HAL_Driver/Src/stm32f4xx_hal_tim.c.obj
                0x08006fdc                HAL_TIM_IRQHandler
 .text.HAL_TIM_PWM_ConfigChannel
                0x080071bc      0x16c CMakeFiles/ASBCodeV2.elf.dir/Drivers/STM32F4xx_HAL_Driver/Src/stm32f4xx_hal_tim.c.obj
                0x080071bc                HAL_TIM_PWM_ConfigChannel
 .text.HAL_TIM_ConfigClockSource
                0x08007328      0x18e CMakeFiles/ASBCodeV2.elf.dir/Drivers/STM32F4xx_HAL_Driver/Src/stm32f4xx_hal_tim.c.obj
                0x08007328                HAL_TIM_ConfigClockSource
 .text.HAL_TIM_OC_DelayElapsedCallback
                0x080074b6       0x12 CMakeFiles/ASBCodeV2.elf.dir/Drivers/STM32F4xx_HAL_Driver/Src/stm32f4xx_hal_tim.c.obj
                0x080074b6                HAL_TIM_OC_DelayElapsedCallback
 .text.HAL_TIM_IC_CaptureCallback
                0x080074c8       0x12 CMakeFiles/ASBCodeV2.elf.dir/Drivers/STM32F4xx_HAL_Driver/Src/stm32f4xx_hal_tim.c.obj
                0x080074c8                HAL_TIM_IC_CaptureCallback
 .text.HAL_TIM_PWM_PulseFinishedCallback
                0x080074da       0x12 CMakeFiles/ASBCodeV2.elf.dir/Drivers/STM32F4xx_HAL_Driver/Src/stm32f4xx_hal_tim.c.obj
                0x080074da                HAL_TIM_PWM_PulseFinishedCallback
 .text.HAL_TIM_TriggerCallback
                0x080074ec       0x12 CMakeFiles/ASBCodeV2.elf.dir/Drivers/STM32F4xx_HAL_Driver/Src/stm32f4xx_hal_tim.c.obj
                0x080074ec                HAL_TIM_TriggerCallback
 *fill*         0x080074fe        0x2 
 .text.TIM_Base_SetConfig
                0x08007500      0x148 CMakeFiles/ASBCodeV2.elf.dir/Drivers/STM32F4xx_HAL_Driver/Src/stm32f4xx_hal_tim.c.obj
                0x08007500                TIM_Base_SetConfig
 .text.TIM_OC1_SetConfig
                0x08007648       0xe0 CMakeFiles/ASBCodeV2.elf.dir/Drivers/STM32F4xx_HAL_Driver/Src/stm32f4xx_hal_tim.c.obj
 .text.TIM_OC2_SetConfig
                0x08007728       0xe8 CMakeFiles/ASBCodeV2.elf.dir/Drivers/STM32F4xx_HAL_Driver/Src/stm32f4xx_hal_tim.c.obj
                0x08007728                TIM_OC2_SetConfig
 .text.TIM_OC3_SetConfig
                0x08007810       0xe8 CMakeFiles/ASBCodeV2.elf.dir/Drivers/STM32F4xx_HAL_Driver/Src/stm32f4xx_hal_tim.c.obj
 .text.TIM_OC4_SetConfig
                0x080078f8       0xa8 CMakeFiles/ASBCodeV2.elf.dir/Drivers/STM32F4xx_HAL_Driver/Src/stm32f4xx_hal_tim.c.obj
 .text.TIM_TI1_ConfigInputStage
                0x080079a0       0x5c CMakeFiles/ASBCodeV2.elf.dir/Drivers/STM32F4xx_HAL_Driver/Src/stm32f4xx_hal_tim.c.obj
 .text.TIM_TI2_ConfigInputStage
                0x080079fc       0x5e CMakeFiles/ASBCodeV2.elf.dir/Drivers/STM32F4xx_HAL_Driver/Src/stm32f4xx_hal_tim.c.obj
 .text.TIM_ITRx_SetConfig
                0x08007a5a       0x34 CMakeFiles/ASBCodeV2.elf.dir/Drivers/STM32F4xx_HAL_Driver/Src/stm32f4xx_hal_tim.c.obj
 .text.TIM_ETR_SetConfig
                0x08007a8e       0x3e CMakeFiles/ASBCodeV2.elf.dir/Drivers/STM32F4xx_HAL_Driver/Src/stm32f4xx_hal_tim.c.obj
                0x08007a8e                TIM_ETR_SetConfig
 .text.TIM_CCxChannelCmd
                0x08007acc       0x48 CMakeFiles/ASBCodeV2.elf.dir/Drivers/STM32F4xx_HAL_Driver/Src/stm32f4xx_hal_tim.c.obj
                0x08007acc                TIM_CCxChannelCmd
 .text.HAL_TIMEx_MasterConfigSynchronization
                0x08007b14       0xf4 CMakeFiles/ASBCodeV2.elf.dir/Drivers/STM32F4xx_HAL_Driver/Src/stm32f4xx_hal_tim_ex.c.obj
                0x08007b14                HAL_TIMEx_MasterConfigSynchronization
 .text.HAL_TIMEx_CommutCallback
                0x08007c08       0x12 CMakeFiles/ASBCodeV2.elf.dir/Drivers/STM32F4xx_HAL_Driver/Src/stm32f4xx_hal_tim_ex.c.obj
                0x08007c08                HAL_TIMEx_CommutCallback
 .text.HAL_TIMEx_BreakCallback
                0x08007c1a       0x12 CMakeFiles/ASBCodeV2.elf.dir/Drivers/STM32F4xx_HAL_Driver/Src/stm32f4xx_hal_tim_ex.c.obj
                0x08007c1a                HAL_TIMEx_BreakCallback
 .text.Reset_Handler
                0x08007c2c       0x50 CMakeFiles/ASBCodeV2.elf.dir/Core/Startup/startup_stm32f446retx.s.obj
                0x08007c2c                Reset_Handler
 .text.Default_Handler
                0x08007c7c        0x2 CMakeFiles/ASBCodeV2.elf.dir/Core/Startup/startup_stm32f446retx.s.obj
                0x08007c7c                DMA1_Stream3_IRQHandler
                0x08007c7c                EXTI2_IRQHandler
                0x08007c7c                TIM8_CC_IRQHandler
                0x08007c7c                FMPI2C1_EV_IRQHandler
                0x08007c7c                SPI4_IRQHandler
                0x08007c7c                TIM1_CC_IRQHandler
                0x08007c7c                DMA2_Stream5_IRQHandler
                0x08007c7c                DMA1_Stream5_IRQHandler
                0x08007c7c                PVD_IRQHandler
                0x08007c7c                SDIO_IRQHandler
                0x08007c7c                TAMP_STAMP_IRQHandler
                0x08007c7c                CAN2_RX1_IRQHandler
                0x08007c7c                EXTI3_IRQHandler
                0x08007c7c                TIM8_TRG_COM_TIM14_IRQHandler
                0x08007c7c                TIM1_UP_TIM10_IRQHandler
                0x08007c7c                TIM8_UP_TIM13_IRQHandler
                0x08007c7c                I2C3_ER_IRQHandler
                0x08007c7c                EXTI0_IRQHandler
                0x08007c7c                I2C2_EV_IRQHandler
                0x08007c7c                DMA1_Stream2_IRQHandler
                0x08007c7c                FPU_IRQHandler
                0x08007c7c                OTG_HS_WKUP_IRQHandler
                0x08007c7c                CAN2_SCE_IRQHandler
                0x08007c7c                DMA2_Stream2_IRQHandler
                0x08007c7c                SPI1_IRQHandler
                0x08007c7c                TIM1_BRK_TIM9_IRQHandler
                0x08007c7c                DCMI_IRQHandler
                0x08007c7c                CAN2_RX0_IRQHandler
                0x08007c7c                DMA2_Stream3_IRQHandler
                0x08007c7c                SAI2_IRQHandler
                0x08007c7c                USART6_IRQHandler
                0x08007c7c                USART3_IRQHandler
                0x08007c7c                CAN1_RX1_IRQHandler
                0x08007c7c                UART5_IRQHandler
                0x08007c7c                QUADSPI_IRQHandler
                0x08007c7c                I2C1_EV_IRQHandler
                0x08007c7c                DMA1_Stream6_IRQHandler
                0x08007c7c                DMA1_Stream1_IRQHandler
                0x08007c7c                UART4_IRQHandler
                0x08007c7c                TIM3_IRQHandler
                0x08007c7c                RCC_IRQHandler
                0x08007c7c                TIM8_BRK_TIM12_IRQHandler
                0x08007c7c                Default_Handler
                0x08007c7c                CEC_IRQHandler
                0x08007c7c                EXTI15_10_IRQHandler
                0x08007c7c                ADC_IRQHandler
                0x08007c7c                DMA1_Stream7_IRQHandler
                0x08007c7c                CAN2_TX_IRQHandler
                0x08007c7c                DMA2_Stream7_IRQHandler
                0x08007c7c                I2C3_EV_IRQHandler
                0x08007c7c                EXTI9_5_IRQHandler
                0x08007c7c                RTC_WKUP_IRQHandler
                0x08007c7c                SPDIF_RX_IRQHandler
                0x08007c7c                SPI2_IRQHandler
                0x08007c7c                OTG_HS_EP1_IN_IRQHandler
                0x08007c7c                DMA1_Stream0_IRQHandler
                0x08007c7c                FMPI2C1_ER_IRQHandler
                0x08007c7c                EXTI4_IRQHandler
                0x08007c7c                OTG_HS_EP1_OUT_IRQHandler
                0x08007c7c                WWDG_IRQHandler
                0x08007c7c                OTG_FS_WKUP_IRQHandler
                0x08007c7c                TIM1_TRG_COM_TIM11_IRQHandler
                0x08007c7c                OTG_HS_IRQHandler
                0x08007c7c                EXTI1_IRQHandler
                0x08007c7c                USART2_IRQHandler
                0x08007c7c                I2C2_ER_IRQHandler
                0x08007c7c                DMA2_Stream1_IRQHandler
                0x08007c7c                CAN1_SCE_IRQHandler
                0x08007c7c                FLASH_IRQHandler
                0x08007c7c                DMA2_Stream4_IRQHandler
                0x08007c7c                USART1_IRQHandler
                0x08007c7c                OTG_FS_IRQHandler
                0x08007c7c                SPI3_IRQHandler
                0x08007c7c                DMA1_Stream4_IRQHandler
                0x08007c7c                I2C1_ER_IRQHandler
                0x08007c7c                FMC_IRQHandler
                0x08007c7c                DMA2_Stream6_IRQHandler
                0x08007c7c                SAI1_IRQHandler
                0x08007c7c                RTC_Alarm_IRQHandler
 *fill*         0x08007c7e        0x2 
 .text.__udivmoddi4
                0x08007c80      0x320 /Applications/ArmGNUToolchain/15.2.rel1/arm-none-eabi/bin/../lib/gcc/arm-none-eabi/15.2.1/thumb/v7e-m+fp/hard/libgcc.a(_udivmoddi4.o)
                0x08007c80                __udivmoddi4
 *(.glue_7)
 .glue_7        0x08007fa0        0x0 linker stubs
 *(.glue_7t)
 .glue_7t       0x08007fa0        0x0 linker stubs
 *(.eh_frame)
 .eh_frame      0x08007fa0        0x0 /Applications/ArmGNUToolchain/15.2.rel1/arm-none-eabi/bin/../lib/gcc/arm-none-eabi/15.2.1/thumb/v7e-m+fp/hard/crtbegin.o
 *(.init)
 .init          0x08007fa0        0x4 /Applications/ArmGNUToolchain/15.2.rel1/arm-none-eabi/bin/../lib/gcc/arm-none-eabi/15.2.1/thumb/v7e-m+fp/hard/crti.o
                0x08007fa0                _init
 .init          0x08007fa4        0x8 /Applications/ArmGNUToolchain/15.2.rel1/arm-none-eabi/bin/../lib/gcc/arm-none-eabi/15.2.1/thumb/v7e-m+fp/hard/crtn.o
 *(.fini)
 .fini          0x08007fac        0x4 /Applications/ArmGNUToolchain/15.2.rel1/arm-none-eabi/bin/../lib/gcc/arm-none-eabi/15.2.1/thumb/v7e-m+fp/hard/crti.o
                0x08007fac                _fini
 .fini          0x08007fb0        0x8 /Applications/ArmGNUToolchain/15.2.rel1/arm-none-eabi/bin/../lib/gcc/arm-none-eabi/15.2.1/thumb/v7e-m+fp/hard/crtn.o
                0x08007fb8                        . = ALIGN (0x4)
                0x08007fb8                        _etext = .

.vfp11_veneer   0x08007fb8        0x0
 .vfp11_veneer  0x08007fb8        0x0 linker stubs

.v4_bx          0x08007fb8        0x0
 .v4_bx         0x08007fb8        0x0 linker stubs

.iplt           0x08007fb8        0x0
 .iplt          0x08007fb8        0x0 /Applications/ArmGNUToolchain/15.2.rel1/arm-none-eabi/bin/../lib/gcc/arm-none-eabi/15.2.1/thumb/v7e-m+fp/hard/crtbegin.o

.rodata         0x08007fb8       0x20
                0x08007fb8                        . = ALIGN (0x4)
 *(.rodata)
 .rodata        0x08007fb8        0x8 CMakeFiles/ASBCodeV2.elf.dir/Core/Src/main.c.obj
 *(.rodata*)
 .rodata.AHBPrescTable
                0x08007fc0       0x10 CMakeFiles/ASBCodeV2.elf.dir/Core/Src/system_stm32f4xx.c.obj
                0x08007fc0                AHBPrescTable
 .rodata.flagBitshiftOffset.0
                0x08007fd0        0x8 CMakeFiles/ASBCodeV2.elf.dir/Drivers/STM32F4xx_HAL_Driver/Src/stm32f4xx_hal_dma.c.obj
                0x08007fd8                        . = ALIGN (0x4)

.ARM.extab      0x08007fd8        0x0
                0x08007fd8                        . = ALIGN (0x4)
 *(.ARM.extab* .gnu.linkonce.armextab.*)
                0x08007fd8                        . = ALIGN (0x4)

.ARM            0x08007fd8        0x8
                0x08007fd8                        . = ALIGN (0x4)
                0x08007fd8                        __exidx_start = .
 *(.ARM.exidx*)
 .ARM.exidx.text.__udivmoddi4
                0x08007fd8        0x8 /Applications/ArmGNUToolchain/15.2.rel1/arm-none-eabi/bin/../lib/gcc/arm-none-eabi/15.2.1/thumb/v7e-m+fp/hard/libgcc.a(_udivmoddi4.o)
                0x08007fe0                        __exidx_end = .
                0x08007fe0                        . = ALIGN (0x4)

.preinit_array  0x08007fe0        0x0
                0x08007fe0                        . = ALIGN (0x4)
                0x08007fe0                        PROVIDE (__preinit_array_start = .)
 *(.preinit_array*)
                0x08007fe0                        PROVIDE (__preinit_array_end = .)
                0x08007fe0                        . = ALIGN (0x4)

.init_array     0x08007fe0        0x4
                0x08007fe0                        . = ALIGN (0x4)
                0x08007fe0                        PROVIDE (__init_array_start = .)
 *(SORT_BY_NAME(.init_array.*))
 *(.init_array*)
 .init_array    0x08007fe0        0x4 /Applications/ArmGNUToolchain/15.2.rel1/arm-none-eabi/bin/../lib/gcc/arm-none-eabi/15.2.1/thumb/v7e-m+fp/hard/crtbegin.o
                0x08007fe4                        PROVIDE (__init_array_end = .)
                0x08007fe4                        . = ALIGN (0x4)

.fini_array     0x08007fe4        0x4
                0x08007fe4                        . = ALIGN (0x4)
                [!provide]                        PROVIDE (__fini_array_start = .)
 *(SORT_BY_NAME(.fini_array.*))
 *(.fini_array*)
 .fini_array    0x08007fe4        0x4 /Applications/ArmGNUToolchain/15.2.rel1/arm-none-eabi/bin/../lib/gcc/arm-none-eabi/15.2.1/thumb/v7e-m+fp/hard/crtbegin.o
                [!provide]                        PROVIDE (__fini_array_end = .)
                0x08007fe8                        . = ALIGN (0x4)
                0x08007fe8                        _sidata = LOADADDR (.data)

.rel.dyn        0x08007fe8        0x0
 .rel.iplt      0x08007fe8        0x0 /Applications/ArmGNUToolchain/15.2.rel1/arm-none-eabi/bin/../lib/gcc/arm-none-eabi/15.2.1/thumb/v7e-m+fp/hard/crtbegin.o

.data           0x20000000        0xc load address 0x08007fe8
                0x20000000                        . = ALIGN (0x4)
                0x20000000                        _sdata = .
 *(.data)
 *(.data*)
 .data.SystemCoreClock
                0x20000000        0x4 CMakeFiles/ASBCodeV2.elf.dir/Core/Src/system_stm32f4xx.c.obj
                0x20000000                SystemCoreClock
 .data.uwTickPrio
                0x20000004        0x4 CMakeFiles/ASBCodeV2.elf.dir/Drivers/STM32F4xx_HAL_Driver/Src/stm32f4xx_hal.c.obj
                0x20000004                uwTickPrio
 .data.uwTickFreq
                0x20000008        0x1 CMakeFiles/ASBCodeV2.elf.dir/Drivers/STM32F4xx_HAL_Driver/Src/stm32f4xx_hal.c.obj
                0x20000008                uwTickFreq
 *(.RamFunc)
 *(.RamFunc*)
                0x2000000c                        . = ALIGN (0x4)
 *fill*         0x20000009        0x3 
                0x2000000c                        _edata = .

.tm_clone_table
                0x2000000c        0x0 load address 0x08007ff4
 .tm_clone_table
                0x2000000c        0x0 /Applications/ArmGNUToolchain/15.2.rel1/arm-none-eabi/bin/../lib/gcc/arm-none-eabi/15.2.1/thumb/v7e-m+fp/hard/crtbegin.o
 .tm_clone_table
                0x2000000c        0x0 /Applications/ArmGNUToolchain/15.2.rel1/arm-none-eabi/bin/../lib/gcc/arm-none-eabi/15.2.1/thumb/v7e-m+fp/hard/crtend.o

.igot.plt       0x2000000c        0x0 load address 0x08007ff4
 .igot.plt      0x2000000c        0x0 /Applications/ArmGNUToolchain/15.2.rel1/arm-none-eabi/bin/../lib/gcc/arm-none-eabi/15.2.1/thumb/v7e-m+fp/hard/crtbegin.o
                0x2000000c                        . = ALIGN (0x4)

.bss            0x2000000c      0x3ec load address 0x08007ff4
                0x2000000c                        _sbss = .
                0x2000000c                        __bss_start__ = _sbss
 *(.bss)
 *(.bss*)
 .bss.completed.1
                0x2000000c        0x1 /Applications/ArmGNUToolchain/15.2.rel1/arm-none-eabi/bin/../lib/gcc/arm-none-eabi/15.2.1/thumb/v7e-m+fp/hard/crtbegin.o
 *fill*         0x2000000d        0x3 
 .bss.object.0  0x20000010       0x18 /Applications/ArmGNUToolchain/15.2.rel1/arm-none-eabi/bin/../lib/gcc/arm-none-eabi/15.2.1/thumb/v7e-m+fp/hard/crtbegin.o
 .bss.hadc1     0x20000028       0x48 CMakeFiles/ASBCodeV2.elf.dir/Core/Src/main.c.obj
                0x20000028                hadc1
 .bss.hdma_adc1
                0x20000070       0x60 CMakeFiles/ASBCodeV2.elf.dir/Core/Src/main.c.obj
                0x20000070                hdma_adc1
 .bss.hcan1     0x200000d0       0x28 CMakeFiles/ASBCodeV2.elf.dir/Core/Src/main.c.obj
                0x200000d0                hcan1
 .bss.hdac      0x200000f8       0x14 CMakeFiles/ASBCodeV2.elf.dir/Core/Src/main.c.obj
                0x200000f8                hdac
 .bss.htim2     0x2000010c       0x48 CMakeFiles/ASBCodeV2.elf.dir/Core/Src/main.c.obj
                0x2000010c                htim2
 .bss.htim3     0x20000154       0x48 CMakeFiles/ASBCodeV2.elf.dir/Core/Src/main.c.obj
                0x20000154                htim3
 .bss.htim4     0x2000019c       0x48 CMakeFiles/ASBCodeV2.elf.dir/Core/Src/main.c.obj
                0x2000019c                htim4
 .bss.htim5     0x200001e4       0x48 CMakeFiles/ASBCodeV2.elf.dir/Core/Src/main.c.obj
                0x200001e4                htim5
 .bss.htim6     0x2000022c       0x48 CMakeFiles/ASBCodeV2.elf.dir/Core/Src/main.c.obj
                0x2000022c                htim6
 .bss.htim7     0x20000274       0x48 CMakeFiles/ASBCodeV2.elf.dir/Core/Src/main.c.obj
                0x20000274                htim7
 .bss.Debug_State
                0x200002bc        0x4 CMakeFiles/ASBCodeV2.elf.dir/Core/Src/main.c.obj
                0x200002bc                Debug_State
 .bss.Initial_Check_Step
                0x200002c0        0x4 CMakeFiles/ASBCodeV2.elf.dir/Core/Src/main.c.obj
                0x200002c0                Initial_Check_Step
 .bss.APU_Transition
                0x200002c4        0x4 CMakeFiles/ASBCodeV2.elf.dir/Core/Src/main.c.obj
                0x200002c4                APU_Transition
 .bss.Monitoring
                0x200002c8        0x1 CMakeFiles/ASBCodeV2.elf.dir/Core/Src/main.c.obj
                0x200002c8                Monitoring
 .bss.Monitor_All
                0x200002c9        0x1 CMakeFiles/ASBCodeV2.elf.dir/Core/Src/main.c.obj
                0x200002c9                Monitor_All
 *fill*         0x200002ca        0x2 
 .bss.Manual_monitor_counter
                0x200002cc        0x4 CMakeFiles/ASBCodeV2.elf.dir/Core/Src/main.c.obj
                0x200002cc                Manual_monitor_counter
 .bss.Manual_monitor_check
                0x200002d0        0x1 CMakeFiles/ASBCodeV2.elf.dir/Core/Src/main.c.obj
                0x200002d0                Manual_monitor_check
 .bss.Watchdog_Check
                0x200002d1        0x1 CMakeFiles/ASBCodeV2.elf.dir/Core/Src/main.c.obj
                0x200002d1                Watchdog_Check
 .bss.Brake_Pressure_Check
                0x200002d2        0x1 CMakeFiles/ASBCodeV2.elf.dir/Core/Src/main.c.obj
                0x200002d2                Brake_Pressure_Check
 .bss.Tank_Pressure_Check
                0x200002d3        0x1 CMakeFiles/ASBCodeV2.elf.dir/Core/Src/main.c.obj
                0x200002d3                Tank_Pressure_Check
 .bss.Interlock_Valve1_Check
                0x200002d4        0x1 CMakeFiles/ASBCodeV2.elf.dir/Core/Src/main.c.obj
                0x200002d4                Interlock_Valve1_Check
 .bss.Interlock_Valve2_Check
                0x200002d5        0x1 CMakeFiles/ASBCodeV2.elf.dir/Core/Src/main.c.obj
                0x200002d5                Interlock_Valve2_Check
 .bss.APU_Communication_Check
                0x200002d6        0x1 CMakeFiles/ASBCodeV2.elf.dir/Core/Src/main.c.obj
                0x200002d6                APU_Communication_Check
 *fill*         0x200002d7        0x1 
 .bss.Watchdog_Check_error
                0x200002d8        0x4 CMakeFiles/ASBCodeV2.elf.dir/Core/Src/main.c.obj
                0x200002d8                Watchdog_Check_error
 .bss.Brake_Pressure_Check_errors
                0x200002dc        0x4 CMakeFiles/ASBCodeV2.elf.dir/Core/Src/main.c.obj
                0x200002dc                Brake_Pressure_Check_errors
 .bss.Tank_Pressure_Check_errors
                0x200002e0        0x4 CMakeFiles/ASBCodeV2.elf.dir/Core/Src/main.c.obj
                0x200002e0                Tank_Pressure_Check_errors
 .bss.Interlock_Valve1_Check_errors
                0x200002e4        0x4 CMakeFiles/ASBCodeV2.elf.dir/Core/Src/main.c.obj
                0x200002e4                Interlock_Valve1_Check_errors
 .bss.Interlock_Valve2_Check_errors
                0x200002e8        0x4 CMakeFiles/ASBCodeV2.elf.dir/Core/Src/main.c.obj
                0x200002e8                Interlock_Valve2_Check_errors
 .bss.Brake_Pressure_Check_ms
                0x200002ec        0x4 CMakeFiles/ASBCodeV2.elf.dir/Core/Src/main.c.obj
                0x200002ec                Brake_Pressure_Check_ms
 .bss.Tank_Pressure_Check_ms
                0x200002f0        0x4 CMakeFiles/ASBCodeV2.elf.dir/Core/Src/main.c.obj
                0x200002f0                Tank_Pressure_Check_ms
 .bss.APU_Communication_Check_ms
                0x200002f4        0x4 CMakeFiles/ASBCodeV2.elf.dir/Core/Src/main.c.obj
                0x200002f4                APU_Communication_Check_ms
 .bss.Brake_Pressure
                0x200002f8        0x4 CMakeFiles/ASBCodeV2.elf.dir/Core/Src/main.c.obj
                0x200002f8                Brake_Pressure
 .bss.Servo_Command
                0x200002fc        0x4 CMakeFiles/ASBCodeV2.elf.dir/Core/Src/main.c.obj
                0x200002fc                Servo_Command
 .bss.Servo_Status
                0x20000300        0x1 CMakeFiles/ASBCodeV2.elf.dir/Core/Src/main.c.obj
                0x20000300                Servo_Status
 .bss.Service_Brake_Check
                0x20000301        0x1 CMakeFiles/ASBCodeV2.elf.dir/Core/Src/main.c.obj
                0x20000301                Service_Brake_Check
 .bss.Servo_Interlock_Check
                0x20000302        0x1 CMakeFiles/ASBCodeV2.elf.dir/Core/Src/main.c.obj
                0x20000302                Servo_Interlock_Check
 *fill*         0x20000303        0x1 
 .bss.msgHeaderRx
                0x20000304       0x1c CMakeFiles/ASBCodeV2.elf.dir/Core/Src/main.c.obj
                0x20000304                msgHeaderRx
 .bss.txMailbox
                0x20000320        0x4 CMakeFiles/ASBCodeV2.elf.dir/Core/Src/main.c.obj
                0x20000320                txMailbox
 .bss.rxData    0x20000324        0x8 CMakeFiles/ASBCodeV2.elf.dir/Core/Src/main.c.obj
                0x20000324                rxData
 .bss.txData    0x2000032c        0x8 CMakeFiles/ASBCodeV2.elf.dir/Core/Src/main.c.obj
                0x2000032c                txData
 .bss.Can_Error
                0x20000334        0x1 CMakeFiles/ASBCodeV2.elf.dir/Core/Src/main.c.obj
                0x20000334                Can_Error
 *fill*         0x20000335        0x3 
 .bss.Can_LastError
                0x20000338        0x4 CMakeFiles/ASBCodeV2.elf.dir/Core/Src/main.c.obj
                0x20000338                Can_LastError
 .bss.Can_LastEsr
                0x2000033c        0x4 CMakeFiles/ASBCodeV2.elf.dir/Core/Src/main.c.obj
                0x2000033c                Can_LastEsr
 .bss.Can_LastTsr
                0x20000340        0x4 CMakeFiles/ASBCodeV2.elf.dir/Core/Src/main.c.obj
                0x20000340                Can_LastTsr
 .bss.Can_LastLec
                0x20000344        0x4 CMakeFiles/ASBCodeV2.elf.dir/Core/Src/main.c.obj
                0x20000344                Can_LastLec
 .bss.Can_LastTec
                0x20000348        0x4 CMakeFiles/ASBCodeV2.elf.dir/Core/Src/main.c.obj
                0x20000348                Can_LastTec
 .bss.Can_LastRec
                0x2000034c        0x4 CMakeFiles/ASBCodeV2.elf.dir/Core/Src/main.c.obj
                0x2000034c                Can_LastRec
 .bss.Can_LastBusOff
                0x20000350        0x4 CMakeFiles/ASBCodeV2.elf.dir/Core/Src/main.c.obj
                0x20000350                Can_LastBusOff
 .bss.Can_LastErrorPassive
                0x20000354        0x4 CMakeFiles/ASBCodeV2.elf.dir/Core/Src/main.c.obj
                0x20000354                Can_LastErrorPassive
 .bss.Can_LastErrorWarning
                0x20000358        0x4 CMakeFiles/ASBCodeV2.elf.dir/Core/Src/main.c.obj
                0x20000358                Can_LastErrorWarning
 .bss.Can_DebugState
                0x2000035c        0x4 CMakeFiles/ASBCodeV2.elf.dir/Core/Src/main.c.obj
                0x2000035c                Can_DebugState
 .bss.Can_DebugAttempts
                0x20000360        0x4 CMakeFiles/ASBCodeV2.elf.dir/Core/Src/main.c.obj
                0x20000360                Can_DebugAttempts
 .bss.Can_DebugSuccess
                0x20000364        0x4 CMakeFiles/ASBCodeV2.elf.dir/Core/Src/main.c.obj
                0x20000364                Can_DebugSuccess
 .bss.Can_DebugTimeouts
                0x20000368        0x4 CMakeFiles/ASBCodeV2.elf.dir/Core/Src/main.c.obj
                0x20000368                Can_DebugTimeouts
 .bss.Can_DebugAddTxErrors
                0x2000036c        0x4 CMakeFiles/ASBCodeV2.elf.dir/Core/Src/main.c.obj
                0x2000036c                Can_DebugAddTxErrors
 .bss.Can_DebugLastStdId
                0x20000370        0x4 CMakeFiles/ASBCodeV2.elf.dir/Core/Src/main.c.obj
                0x20000370                Can_DebugLastStdId
 .bss.Can_DebugLastTsr
                0x20000374        0x4 CMakeFiles/ASBCodeV2.elf.dir/Core/Src/main.c.obj
                0x20000374                Can_DebugLastTsr
 .bss.Can_DebugLastEsr
                0x20000378        0x4 CMakeFiles/ASBCodeV2.elf.dir/Core/Src/main.c.obj
                0x20000378                Can_DebugLastEsr
 .bss.Can_DebugLastFreeLevel
                0x2000037c        0x4 CMakeFiles/ASBCodeV2.elf.dir/Core/Src/main.c.obj
                0x2000037c                Can_DebugLastFreeLevel
 .bss.Can_DebugTxCompleteCount
                0x20000380        0x4 CMakeFiles/ASBCodeV2.elf.dir/Core/Src/main.c.obj
                0x20000380                Can_DebugTxCompleteCount
 .bss.Can_DebugTxAbortCount
                0x20000384        0x4 CMakeFiles/ASBCodeV2.elf.dir/Core/Src/main.c.obj
                0x20000384                Can_DebugTxAbortCount
 .bss.Can_DebugErrorCallbackCount
                0x20000388        0x4 CMakeFiles/ASBCodeV2.elf.dir/Core/Src/main.c.obj
                0x20000388                Can_DebugErrorCallbackCount
 .bss.Can_DebugManualCheckState
                0x2000038c        0x4 CMakeFiles/ASBCodeV2.elf.dir/Core/Src/main.c.obj
                0x2000038c                Can_DebugManualCheckState
 .bss.can_mcu_apu_state_mission
                0x20000390        0x3 CMakeFiles/ASBCodeV2.elf.dir/Core/Src/main.c.obj
                0x20000390                can_mcu_apu_state_mission
 *fill*         0x20000393        0x1 
 .bss.can_mcu_vcu_servo_control
                0x20000394        0x1 CMakeFiles/ASBCodeV2.elf.dir/Core/Src/main.c.obj
                0x20000394                can_mcu_vcu_servo_control
 *fill*         0x20000395        0x3 
 .bss.can_mcu_vcu_bools
                0x20000398        0x7 CMakeFiles/ASBCodeV2.elf.dir/Core/Src/main.c.obj
                0x20000398                can_mcu_vcu_bools
 *fill*         0x2000039f        0x1 
 .bss.can_mcu_dash_brake
                0x200003a0        0x8 CMakeFiles/ASBCodeV2.elf.dir/Core/Src/main.c.obj
                0x200003a0                can_mcu_dash_brake
 .bss.canTxStruct_asb
                0x200003a8        0xe CMakeFiles/ASBCodeV2.elf.dir/Core/Src/main.c.obj
                0x200003a8                canTxStruct_asb
 *fill*         0x200003b6        0x2 
 .bss.canTxStruct_asb_datalogger
                0x200003b8        0xe CMakeFiles/ASBCodeV2.elf.dir/Core/Src/main.c.obj
                0x200003b8                canTxStruct_asb_datalogger
 *fill*         0x200003c6        0x2 
 .bss.brake_pressure_front
                0x200003c8        0x4 CMakeFiles/ASBCodeV2.elf.dir/Core/Src/main.c.obj
                0x200003c8                brake_pressure_front
 .bss.brake_pressure_rear
                0x200003cc        0x4 CMakeFiles/ASBCodeV2.elf.dir/Core/Src/main.c.obj
                0x200003cc                brake_pressure_rear
 .bss.Initial_Checked
                0x200003d0        0x1 CMakeFiles/ASBCodeV2.elf.dir/Core/Src/main.c.obj
                0x200003d0                Initial_Checked
 .bss.Manual_Initial_Checked
                0x200003d1        0x1 CMakeFiles/ASBCodeV2.elf.dir/Core/Src/main.c.obj
                0x200003d1                Manual_Initial_Checked
 .bss.ASMS_Out  0x200003d2        0x1 CMakeFiles/ASBCodeV2.elf.dir/Core/Src/main.c.obj
                0x200003d2                ASMS_Out
 .bss.TSMS_Out_NOT
                0x200003d3        0x1 CMakeFiles/ASBCodeV2.elf.dir/Core/Src/main.c.obj
                0x200003d3                TSMS_Out_NOT
 .bss.ASRelay_In
                0x200003d4        0x1 CMakeFiles/ASBCodeV2.elf.dir/Core/Src/main.c.obj
                0x200003d4                ASRelay_In
 .bss.ASRelay_Out
                0x200003d5        0x1 CMakeFiles/ASBCodeV2.elf.dir/Core/Src/main.c.obj
                0x200003d5                ASRelay_Out
 .bss.Interlock_Valve1
                0x200003d6        0x1 CMakeFiles/ASBCodeV2.elf.dir/Core/Src/main.c.obj
                0x200003d6                Interlock_Valve1
 .bss.Interlock_Valve2
                0x200003d7        0x1 CMakeFiles/ASBCodeV2.elf.dir/Core/Src/main.c.obj
                0x200003d7                Interlock_Valve2
 .bss.Interlock_PV
                0x200003d8        0x1 CMakeFiles/ASBCodeV2.elf.dir/Core/Src/main.c.obj
                0x200003d8                Interlock_PV
 .bss.Interlock_Steering
                0x200003d9        0x1 CMakeFiles/ASBCodeV2.elf.dir/Core/Src/main.c.obj
                0x200003d9                Interlock_Steering
 .bss.ASRelay_State
                0x200003da        0x1 CMakeFiles/ASBCodeV2.elf.dir/Core/Src/main.c.obj
                0x200003da                ASRelay_State
 .bss.Valve1_GND
                0x200003db        0x1 CMakeFiles/ASBCodeV2.elf.dir/Core/Src/main.c.obj
                0x200003db                Valve1_GND
 .bss.Valve2_GND
                0x200003dc        0x1 CMakeFiles/ASBCodeV2.elf.dir/Core/Src/main.c.obj
                0x200003dc                Valve2_GND
 *fill*         0x200003dd        0x3 
 .bss.Tank_Pressure
                0x200003e0        0x4 CMakeFiles/ASBCodeV2.elf.dir/Core/Src/main.c.obj
                0x200003e0                Tank_Pressure
 .bss.EBS_Status
                0x200003e4        0x1 CMakeFiles/ASBCodeV2.elf.dir/Core/Src/main.c.obj
                0x200003e4                EBS_Status
 *fill*         0x200003e5        0x3 
 .bss.ADC_Voltage_Value
                0x200003e8        0x4 CMakeFiles/ASBCodeV2.elf.dir/Core/Src/main.c.obj
                0x200003e8                ADC_Voltage_Value
 .bss.Voltage_Change
                0x200003ec        0x4 CMakeFiles/ASBCodeV2.elf.dir/Core/Src/main.c.obj
                0x200003ec                Voltage_Change
 .bss.adc_buffer
                0x200003f0        0x2 CMakeFiles/ASBCodeV2.elf.dir/Core/Src/main.c.obj
                0x200003f0                adc_buffer
 .bss.ADC_Value
                0x200003f2        0x2 CMakeFiles/ASBCodeV2.elf.dir/Core/Src/main.c.obj
                0x200003f2                ADC_Value
 .bss.uwTick    0x200003f4        0x4 CMakeFiles/ASBCodeV2.elf.dir/Drivers/STM32F4xx_HAL_Driver/Src/stm32f4xx_hal.c.obj
                0x200003f4                uwTick
 *(COMMON)
                0x200003f8                        . = ALIGN (0x4)
                0x200003f8                        _ebss = .
                0x200003f8                        __bss_end__ = _ebss

._user_heap_stack
                0x200003f8      0x600 load address 0x08007ff4
                0x200003f8                        . = ALIGN (0x8)
                [!provide]                        PROVIDE (end = .)
                0x200003f8                        PROVIDE (_end = .)
                0x200005f8                        . = (. + _Min_Heap_Size)
 *fill*         0x200003f8      0x200 
                0x200009f8                        . = (. + _Min_Stack_Size)
 *fill*         0x200005f8      0x400 
                0x200009f8                        . = ALIGN (0x8)

/DISCARD/
 libc.a(*)
 libm.a(*)
 libgcc.a(*)

.ARM.attributes
                0x00000000       0x30
 *(.ARM.attributes)
 .ARM.attributes
                0x00000000       0x22 /Applications/ArmGNUToolchain/15.2.rel1/arm-none-eabi/bin/../lib/gcc/arm-none-eabi/15.2.1/thumb/v7e-m+fp/hard/crti.o
 .ARM.attributes
                0x00000022       0x34 /Applications/ArmGNUToolchain/15.2.rel1/arm-none-eabi/bin/../lib/gcc/arm-none-eabi/15.2.1/thumb/v7e-m+fp/hard/crtbegin.o
 .ARM.attributes
                0x00000056       0x34 /Applications/ArmGNUToolchain/15.2.rel1/arm-none-eabi/bin/../lib/gcc/arm-none-eabi/15.2.1/../../../../arm-none-eabi/lib/thumb/v7e-m+fp/hard/libc_nano.a(libc_a-memset.o)
 .ARM.attributes
                0x0000008a       0x34 /Applications/ArmGNUToolchain/15.2.rel1/arm-none-eabi/bin/../lib/gcc/arm-none-eabi/15.2.1/../../../../arm-none-eabi/lib/thumb/v7e-m+fp/hard/libc_nano.a(libc_a-init.o)
 .ARM.attributes
                0x000000be       0x34 CMakeFiles/ASBCodeV2.elf.dir/Core/Src/can_mcu.c.obj
 .ARM.attributes
                0x000000f2       0x34 CMakeFiles/ASBCodeV2.elf.dir/Core/Src/main.c.obj
 .ARM.attributes
                0x00000126       0x34 CMakeFiles/ASBCodeV2.elf.dir/Core/Src/stm32f4xx_hal_msp.c.obj
 .ARM.attributes
                0x0000015a       0x34 CMakeFiles/ASBCodeV2.elf.dir/Core/Src/stm32f4xx_it.c.obj
 .ARM.attributes
                0x0000018e       0x34 CMakeFiles/ASBCodeV2.elf.dir/Core/Src/system_stm32f4xx.c.obj
 .ARM.attributes
                0x000001c2       0x34 CMakeFiles/ASBCodeV2.elf.dir/Drivers/STM32F4xx_HAL_Driver/Src/stm32f4xx_hal.c.obj
 .ARM.attributes
                0x000001f6       0x34 CMakeFiles/ASBCodeV2.elf.dir/Drivers/STM32F4xx_HAL_Driver/Src/stm32f4xx_hal_adc.c.obj
 .ARM.attributes
                0x0000022a       0x34 CMakeFiles/ASBCodeV2.elf.dir/Drivers/STM32F4xx_HAL_Driver/Src/stm32f4xx_hal_can.c.obj
 .ARM.attributes
                0x0000025e       0x34 CMakeFiles/ASBCodeV2.elf.dir/Drivers/STM32F4xx_HAL_Driver/Src/stm32f4xx_hal_cortex.c.obj
 .ARM.attributes
                0x00000292       0x34 CMakeFiles/ASBCodeV2.elf.dir/Drivers/STM32F4xx_HAL_Driver/Src/stm32f4xx_hal_dac.c.obj
 .ARM.attributes
                0x000002c6       0x34 CMakeFiles/ASBCodeV2.elf.dir/Drivers/STM32F4xx_HAL_Driver/Src/stm32f4xx_hal_dac_ex.c.obj
 .ARM.attributes
                0x000002fa       0x34 CMakeFiles/ASBCodeV2.elf.dir/Drivers/STM32F4xx_HAL_Driver/Src/stm32f4xx_hal_dma.c.obj
 .ARM.attributes
                0x0000032e       0x34 CMakeFiles/ASBCodeV2.elf.dir/Drivers/STM32F4xx_HAL_Driver/Src/stm32f4xx_hal_gpio.c.obj
 .ARM.attributes
                0x00000362       0x34 CMakeFiles/ASBCodeV2.elf.dir/Drivers/STM32F4xx_HAL_Driver/Src/stm32f4xx_hal_rcc.c.obj
 .ARM.attributes
                0x00000396       0x34 CMakeFiles/ASBCodeV2.elf.dir/Drivers/STM32F4xx_HAL_Driver/Src/stm32f4xx_hal_rcc_ex.c.obj
 .ARM.attributes
                0x000003ca       0x34 CMakeFiles/ASBCodeV2.elf.dir/Drivers/STM32F4xx_HAL_Driver/Src/stm32f4xx_hal_tim.c.obj
 .ARM.attributes
                0x000003fe       0x34 CMakeFiles/ASBCodeV2.elf.dir/Drivers/STM32F4xx_HAL_Driver/Src/stm32f4xx_hal_tim_ex.c.obj
 .ARM.attributes
                0x00000432       0x21 CMakeFiles/ASBCodeV2.elf.dir/Core/Startup/startup_stm32f446retx.s.obj
 .ARM.attributes
                0x00000453       0x22 /Applications/ArmGNUToolchain/15.2.rel1/arm-none-eabi/bin/../lib/gcc/arm-none-eabi/15.2.1/thumb/v7e-m+fp/hard/libgcc.a(_arm_addsubdf3.o)
 .ARM.attributes
                0x00000475       0x22 /Applications/ArmGNUToolchain/15.2.rel1/arm-none-eabi/bin/../lib/gcc/arm-none-eabi/15.2.1/thumb/v7e-m+fp/hard/libgcc.a(_arm_muldivdf3.o)
 .ARM.attributes
                0x00000497       0x22 /Applications/ArmGNUToolchain/15.2.rel1/arm-none-eabi/bin/../lib/gcc/arm-none-eabi/15.2.1/thumb/v7e-m+fp/hard/libgcc.a(_arm_truncdfsf2.o)
 .ARM.attributes
                0x000004b9       0x22 /Applications/ArmGNUToolchain/15.2.rel1/arm-none-eabi/bin/../lib/gcc/arm-none-eabi/15.2.1/thumb/v7e-m+fp/hard/libgcc.a(_aeabi_uldivmod.o)
 .ARM.attributes
                0x000004db       0x34 /Applications/ArmGNUToolchain/15.2.rel1/arm-none-eabi/bin/../lib/gcc/arm-none-eabi/15.2.1/thumb/v7e-m+fp/hard/libgcc.a(_udivmoddi4.o)
 .ARM.attributes
                0x0000050f       0x22 /Applications/ArmGNUToolchain/15.2.rel1/arm-none-eabi/bin/../lib/gcc/arm-none-eabi/15.2.1/thumb/v7e-m+fp/hard/libgcc.a(_dvmd_tls.o)
 .ARM.attributes
                0x00000531       0x34 /Applications/ArmGNUToolchain/15.2.rel1/arm-none-eabi/bin/../lib/gcc/arm-none-eabi/15.2.1/thumb/v7e-m+fp/hard/crtend.o
 .ARM.attributes
                0x00000565       0x22 /Applications/ArmGNUToolchain/15.2.rel1/arm-none-eabi/bin/../lib/gcc/arm-none-eabi/15.2.1/thumb/v7e-m+fp/hard/crtn.o
OUTPUT(ASBCodeV2.elf elf32-littlearm)
LOAD linker stubs
LOAD /Applications/ArmGNUToolchain/15.2.rel1/arm-none-eabi/bin/../lib/gcc/arm-none-eabi/15.2.1/../../../../arm-none-eabi/lib/thumb/v7e-m+fp/hard/libc.a
LOAD /Applications/ArmGNUToolchain/15.2.rel1/arm-none-eabi/bin/../lib/gcc/arm-none-eabi/15.2.1/../../../../arm-none-eabi/lib/thumb/v7e-m+fp/hard/libm.a
LOAD /Applications/ArmGNUToolchain/15.2.rel1/arm-none-eabi/bin/../lib/gcc/arm-none-eabi/15.2.1/thumb/v7e-m+fp/hard/libgcc.a

.debug_frame    0x00000000    0x108ec
 .debug_frame   0x00000000       0x20 /Applications/ArmGNUToolchain/15.2.rel1/arm-none-eabi/bin/../lib/gcc/arm-none-eabi/15.2.1/../../../../arm-none-eabi/lib/thumb/v7e-m+fp/hard/libc_nano.a(libc_a-memset.o)
 .debug_frame   0x00000020       0x2c /Applications/ArmGNUToolchain/15.2.rel1/arm-none-eabi/bin/../lib/gcc/arm-none-eabi/15.2.1/../../../../arm-none-eabi/lib/thumb/v7e-m+fp/hard/libc_nano.a(libc_a-init.o)
 .debug_frame   0x0000004c     0xc7f8 CMakeFiles/ASBCodeV2.elf.dir/Core/Src/can_mcu.c.obj
 .debug_frame   0x0000c844      0x49c CMakeFiles/ASBCodeV2.elf.dir/Core/Src/main.c.obj
 .debug_frame   0x0000cce0      0x17c CMakeFiles/ASBCodeV2.elf.dir/Core/Src/stm32f4xx_hal_msp.c.obj
 .debug_frame   0x0000ce5c      0x1e4 CMakeFiles/ASBCodeV2.elf.dir/Core/Src/stm32f4xx_it.c.obj
 .debug_frame   0x0000d040       0x58 CMakeFiles/ASBCodeV2.elf.dir/Core/Src/system_stm32f4xx.c.obj
 .debug_frame   0x0000d098      0x374 CMakeFiles/ASBCodeV2.elf.dir/Drivers/STM32F4xx_HAL_Driver/Src/stm32f4xx_hal.c.obj
 .debug_frame   0x0000d40c      0x3fc CMakeFiles/ASBCodeV2.elf.dir/Drivers/STM32F4xx_HAL_Driver/Src/stm32f4xx_hal_adc.c.obj
 .debug_frame   0x0000d808      0x5a0 CMakeFiles/ASBCodeV2.elf.dir/Drivers/STM32F4xx_HAL_Driver/Src/stm32f4xx_hal_can.c.obj
 .debug_frame   0x0000dda8      0x508 CMakeFiles/ASBCodeV2.elf.dir/Drivers/STM32F4xx_HAL_Driver/Src/stm32f4xx_hal_cortex.c.obj
 .debug_frame   0x0000e2b0      0x338 CMakeFiles/ASBCodeV2.elf.dir/Drivers/STM32F4xx_HAL_Driver/Src/stm32f4xx_hal_dac.c.obj
 .debug_frame   0x0000e5e8      0x20c CMakeFiles/ASBCodeV2.elf.dir/Drivers/STM32F4xx_HAL_Driver/Src/stm32f4xx_hal_dac_ex.c.obj
 .debug_frame   0x0000e7f4      0x250 CMakeFiles/ASBCodeV2.elf.dir/Drivers/STM32F4xx_HAL_Driver/Src/stm32f4xx_hal_dma.c.obj
 .debug_frame   0x0000ea44      0x14c CMakeFiles/ASBCodeV2.elf.dir/Drivers/STM32F4xx_HAL_Driver/Src/stm32f4xx_hal_gpio.c.obj
 .debug_frame   0x0000eb90      0x1f4 CMakeFiles/ASBCodeV2.elf.dir/Drivers/STM32F4xx_HAL_Driver/Src/stm32f4xx_hal_rcc.c.obj
 .debug_frame   0x0000ed84      0x1e8 CMakeFiles/ASBCodeV2.elf.dir/Drivers/STM32F4xx_HAL_Driver/Src/stm32f4xx_hal_rcc_ex.c.obj
 .debug_frame   0x0000ef6c     0x11b8 CMakeFiles/ASBCodeV2.elf.dir/Drivers/STM32F4xx_HAL_Driver/Src/stm32f4xx_hal_tim.c.obj
 .debug_frame   0x00010124      0x638 CMakeFiles/ASBCodeV2.elf.dir/Drivers/STM32F4xx_HAL_Driver/Src/stm32f4xx_hal_tim_ex.c.obj
 .debug_frame   0x0001075c       0xac /Applications/ArmGNUToolchain/15.2.rel1/arm-none-eabi/bin/../lib/gcc/arm-none-eabi/15.2.1/thumb/v7e-m+fp/hard/libgcc.a(_arm_addsubdf3.o)
 .debug_frame   0x00010808       0x50 /Applications/ArmGNUToolchain/15.2.rel1/arm-none-eabi/bin/../lib/gcc/arm-none-eabi/15.2.1/thumb/v7e-m+fp/hard/libgcc.a(_arm_muldivdf3.o)
 .debug_frame   0x00010858       0x24 /Applications/ArmGNUToolchain/15.2.rel1/arm-none-eabi/bin/../lib/gcc/arm-none-eabi/15.2.1/thumb/v7e-m+fp/hard/libgcc.a(_arm_truncdfsf2.o)
 .debug_frame   0x0001087c       0x2c /Applications/ArmGNUToolchain/15.2.rel1/arm-none-eabi/bin/../lib/gcc/arm-none-eabi/15.2.1/thumb/v7e-m+fp/hard/libgcc.a(_aeabi_uldivmod.o)
 .debug_frame   0x000108a8       0x44 /Applications/ArmGNUToolchain/15.2.rel1/arm-none-eabi/bin/../lib/gcc/arm-none-eabi/15.2.1/thumb/v7e-m+fp/hard/libgcc.a(_udivmoddi4.o)

.debug_info     0x00000000    0x222ad
 .debug_info    0x00000000    0x12773 CMakeFiles/ASBCodeV2.elf.dir/Core/Src/can_mcu.c.obj
 .debug_info    0x00012773     0x2c4b CMakeFiles/ASBCodeV2.elf.dir/Core/Src/main.c.obj
 .debug_info    0x000153be     0x171a CMakeFiles/ASBCodeV2.elf.dir/Core/Src/stm32f4xx_hal_msp.c.obj
 .debug_info    0x00016ad8      0xd0a CMakeFiles/ASBCodeV2.elf.dir/Core/Src/stm32f4xx_it.c.obj
 .debug_info    0x000177e2      0x546 CMakeFiles/ASBCodeV2.elf.dir/Core/Src/system_stm32f4xx.c.obj
 .debug_info    0x00017d28      0x996 CMakeFiles/ASBCodeV2.elf.dir/Drivers/STM32F4xx_HAL_Driver/Src/stm32f4xx_hal.c.obj
 .debug_info    0x000186be      0xcdf CMakeFiles/ASBCodeV2.elf.dir/Drivers/STM32F4xx_HAL_Driver/Src/stm32f4xx_hal_adc.c.obj
 .debug_info    0x0001939d      0xf40 CMakeFiles/ASBCodeV2.elf.dir/Drivers/STM32F4xx_HAL_Driver/Src/stm32f4xx_hal_can.c.obj
 .debug_info    0x0001a2dd      0xda6 CMakeFiles/ASBCodeV2.elf.dir/Drivers/STM32F4xx_HAL_Driver/Src/stm32f4xx_hal_cortex.c.obj
 .debug_info    0x0001b083      0x9fd CMakeFiles/ASBCodeV2.elf.dir/Drivers/STM32F4xx_HAL_Driver/Src/stm32f4xx_hal_dac.c.obj
 .debug_info    0x0001ba80      0x74c CMakeFiles/ASBCodeV2.elf.dir/Drivers/STM32F4xx_HAL_Driver/Src/stm32f4xx_hal_dac_ex.c.obj
 .debug_info    0x0001c1cc      0x8e3 CMakeFiles/ASBCodeV2.elf.dir/Drivers/STM32F4xx_HAL_Driver/Src/stm32f4xx_hal_dma.c.obj
 .debug_info    0x0001caaf      0x707 CMakeFiles/ASBCodeV2.elf.dir/Drivers/STM32F4xx_HAL_Driver/Src/stm32f4xx_hal_gpio.c.obj
 .debug_info    0x0001d1b6      0x8fb CMakeFiles/ASBCodeV2.elf.dir/Drivers/STM32F4xx_HAL_Driver/Src/stm32f4xx_hal_rcc.c.obj
 .debug_info    0x0001dab1      0x95c CMakeFiles/ASBCodeV2.elf.dir/Drivers/STM32F4xx_HAL_Driver/Src/stm32f4xx_hal_rcc_ex.c.obj
 .debug_info    0x0001e40d     0x2999 CMakeFiles/ASBCodeV2.elf.dir/Drivers/STM32F4xx_HAL_Driver/Src/stm32f4xx_hal_tim.c.obj
 .debug_info    0x00020da6     0x14d7 CMakeFiles/ASBCodeV2.elf.dir/Drivers/STM32F4xx_HAL_Driver/Src/stm32f4xx_hal_tim_ex.c.obj
 .debug_info    0x0002227d       0x30 CMakeFiles/ASBCodeV2.elf.dir/Core/Startup/startup_stm32f446retx.s.obj

.debug_abbrev   0x00000000     0x26a8
 .debug_abbrev  0x00000000      0x19d CMakeFiles/ASBCodeV2.elf.dir/Core/Src/can_mcu.c.obj
 .debug_abbrev  0x0000019d      0x3af CMakeFiles/ASBCodeV2.elf.dir/Core/Src/main.c.obj
 .debug_abbrev  0x0000054c      0x286 CMakeFiles/ASBCodeV2.elf.dir/Core/Src/stm32f4xx_hal_msp.c.obj
 .debug_abbrev  0x000007d2      0x1f1 CMakeFiles/ASBCodeV2.elf.dir/Core/Src/stm32f4xx_it.c.obj
 .debug_abbrev  0x000009c3      0x118 CMakeFiles/ASBCodeV2.elf.dir/Core/Src/system_stm32f4xx.c.obj
 .debug_abbrev  0x00000adb      0x212 CMakeFiles/ASBCodeV2.elf.dir/Drivers/STM32F4xx_HAL_Driver/Src/stm32f4xx_hal.c.obj
 .debug_abbrev  0x00000ced      0x250 CMakeFiles/ASBCodeV2.elf.dir/Drivers/STM32F4xx_HAL_Driver/Src/stm32f4xx_hal_adc.c.obj
 .debug_abbrev  0x00000f3d      0x258 CMakeFiles/ASBCodeV2.elf.dir/Drivers/STM32F4xx_HAL_Driver/Src/stm32f4xx_hal_can.c.obj
 .debug_abbrev  0x00001195      0x31b CMakeFiles/ASBCodeV2.elf.dir/Drivers/STM32F4xx_HAL_Driver/Src/stm32f4xx_hal_cortex.c.obj
 .debug_abbrev  0x000014b0      0x1f8 CMakeFiles/ASBCodeV2.elf.dir/Drivers/STM32F4xx_HAL_Driver/Src/stm32f4xx_hal_dac.c.obj
 .debug_abbrev  0x000016a8      0x1ed CMakeFiles/ASBCodeV2.elf.dir/Drivers/STM32F4xx_HAL_Driver/Src/stm32f4xx_hal_dac_ex.c.obj
 .debug_abbrev  0x00001895      0x262 CMakeFiles/ASBCodeV2.elf.dir/Drivers/STM32F4xx_HAL_Driver/Src/stm32f4xx_hal_dma.c.obj
 .debug_abbrev  0x00001af7      0x1d2 CMakeFiles/ASBCodeV2.elf.dir/Drivers/STM32F4xx_HAL_Driver/Src/stm32f4xx_hal_gpio.c.obj
 .debug_abbrev  0x00001cc9      0x2b5 CMakeFiles/ASBCodeV2.elf.dir/Drivers/STM32F4xx_HAL_Driver/Src/stm32f4xx_hal_rcc.c.obj
 .debug_abbrev  0x00001f7e      0x20f CMakeFiles/ASBCodeV2.elf.dir/Drivers/STM32F4xx_HAL_Driver/Src/stm32f4xx_hal_rcc_ex.c.obj
 .debug_abbrev  0x0000218d      0x276 CMakeFiles/ASBCodeV2.elf.dir/Drivers/STM32F4xx_HAL_Driver/Src/stm32f4xx_hal_tim.c.obj
 .debug_abbrev  0x00002403      0x281 CMakeFiles/ASBCodeV2.elf.dir/Drivers/STM32F4xx_HAL_Driver/Src/stm32f4xx_hal_tim_ex.c.obj
 .debug_abbrev  0x00002684       0x24 CMakeFiles/ASBCodeV2.elf.dir/Core/Startup/startup_stm32f446retx.s.obj

.debug_aranges  0x00000000     0x3a58
 .debug_aranges
                0x00000000     0x2b38 CMakeFiles/ASBCodeV2.elf.dir/Core/Src/can_mcu.c.obj
 .debug_aranges
                0x00002b38      0x128 CMakeFiles/ASBCodeV2.elf.dir/Core/Src/main.c.obj
 .debug_aranges
                0x00002c60       0x68 CMakeFiles/ASBCodeV2.elf.dir/Core/Src/stm32f4xx_hal_msp.c.obj
 .debug_aranges
                0x00002cc8       0xa0 CMakeFiles/ASBCodeV2.elf.dir/Core/Src/stm32f4xx_it.c.obj
 .debug_aranges
                0x00002d68       0x28 CMakeFiles/ASBCodeV2.elf.dir/Core/Src/system_stm32f4xx.c.obj
 .debug_aranges
                0x00002d90       0xf0 CMakeFiles/ASBCodeV2.elf.dir/Drivers/STM32F4xx_HAL_Driver/Src/stm32f4xx_hal.c.obj
 .debug_aranges
                0x00002e80       0xe8 CMakeFiles/ASBCodeV2.elf.dir/Drivers/STM32F4xx_HAL_Driver/Src/stm32f4xx_hal_adc.c.obj
 .debug_aranges
                0x00002f68      0x138 CMakeFiles/ASBCodeV2.elf.dir/Drivers/STM32F4xx_HAL_Driver/Src/stm32f4xx_hal_can.c.obj
 .debug_aranges
                0x000030a0      0x130 CMakeFiles/ASBCodeV2.elf.dir/Drivers/STM32F4xx_HAL_Driver/Src/stm32f4xx_hal_cortex.c.obj
 .debug_aranges
                0x000031d0       0xc0 CMakeFiles/ASBCodeV2.elf.dir/Drivers/STM32F4xx_HAL_Driver/Src/stm32f4xx_hal_dac.c.obj
 .debug_aranges
                0x00003290       0x80 CMakeFiles/ASBCodeV2.elf.dir/Drivers/STM32F4xx_HAL_Driver/Src/stm32f4xx_hal_dac_ex.c.obj
 .debug_aranges
                0x00003310       0x90 CMakeFiles/ASBCodeV2.elf.dir/Drivers/STM32F4xx_HAL_Driver/Src/stm32f4xx_hal_dma.c.obj
 .debug_aranges
                0x000033a0       0x58 CMakeFiles/ASBCodeV2.elf.dir/Drivers/STM32F4xx_HAL_Driver/Src/stm32f4xx_hal_gpio.c.obj
 .debug_aranges
                0x000033f8       0x88 CMakeFiles/ASBCodeV2.elf.dir/Drivers/STM32F4xx_HAL_Driver/Src/stm32f4xx_hal_rcc.c.obj
 .debug_aranges
                0x00003480       0x78 CMakeFiles/ASBCodeV2.elf.dir/Drivers/STM32F4xx_HAL_Driver/Src/stm32f4xx_hal_rcc_ex.c.obj
 .debug_aranges
                0x000034f8      0x3d0 CMakeFiles/ASBCodeV2.elf.dir/Drivers/STM32F4xx_HAL_Driver/Src/stm32f4xx_hal_tim.c.obj
 .debug_aranges
                0x000038c8      0x168 CMakeFiles/ASBCodeV2.elf.dir/Drivers/STM32F4xx_HAL_Driver/Src/stm32f4xx_hal_tim_ex.c.obj
 .debug_aranges
                0x00003a30       0x28 CMakeFiles/ASBCodeV2.elf.dir/Core/Startup/startup_stm32f446retx.s.obj

.debug_rnglists
                0x00000000     0x2cbf
 .debug_rnglists
                0x00000000     0x2110 CMakeFiles/ASBCodeV2.elf.dir/Core/Src/can_mcu.c.obj
 .debug_rnglists
                0x00002110       0xee CMakeFiles/ASBCodeV2.elf.dir/Core/Src/main.c.obj
 .debug_rnglists
                0x000021fe       0x4e CMakeFiles/ASBCodeV2.elf.dir/Core/Src/stm32f4xx_hal_msp.c.obj
 .debug_rnglists
                0x0000224c       0x73 CMakeFiles/ASBCodeV2.elf.dir/Core/Src/stm32f4xx_it.c.obj
 .debug_rnglists
                0x000022bf       0x1a CMakeFiles/ASBCodeV2.elf.dir/Core/Src/system_stm32f4xx.c.obj
 .debug_rnglists
                0x000022d9       0xaf CMakeFiles/ASBCodeV2.elf.dir/Drivers/STM32F4xx_HAL_Driver/Src/stm32f4xx_hal.c.obj
 .debug_rnglists
                0x00002388       0xb5 CMakeFiles/ASBCodeV2.elf.dir/Drivers/STM32F4xx_HAL_Driver/Src/stm32f4xx_hal_adc.c.obj
 .debug_rnglists
                0x0000243d       0xed CMakeFiles/ASBCodeV2.elf.dir/Drivers/STM32F4xx_HAL_Driver/Src/stm32f4xx_hal_can.c.obj
 .debug_rnglists
                0x0000252a       0xdf CMakeFiles/ASBCodeV2.elf.dir/Drivers/STM32F4xx_HAL_Driver/Src/stm32f4xx_hal_cortex.c.obj
 .debug_rnglists
                0x00002609       0x90 CMakeFiles/ASBCodeV2.elf.dir/Drivers/STM32F4xx_HAL_Driver/Src/stm32f4xx_hal_dac.c.obj
 .debug_rnglists
                0x00002699       0x5c CMakeFiles/ASBCodeV2.elf.dir/Drivers/STM32F4xx_HAL_Driver/Src/stm32f4xx_hal_dac_ex.c.obj
 .debug_rnglists
                0x000026f5       0x70 CMakeFiles/ASBCodeV2.elf.dir/Drivers/STM32F4xx_HAL_Driver/Src/stm32f4xx_hal_dma.c.obj
 .debug_rnglists
                0x00002765       0x3f CMakeFiles/ASBCodeV2.elf.dir/Drivers/STM32F4xx_HAL_Driver/Src/stm32f4xx_hal_gpio.c.obj
 .debug_rnglists
                0x000027a4       0x66 CMakeFiles/ASBCodeV2.elf.dir/Drivers/STM32F4xx_HAL_Driver/Src/stm32f4xx_hal_rcc.c.obj
 .debug_rnglists
                0x0000280a       0x5e CMakeFiles/ASBCodeV2.elf.dir/Drivers/STM32F4xx_HAL_Driver/Src/stm32f4xx_hal_rcc_ex.c.obj
 .debug_rnglists
                0x00002868      0x319 CMakeFiles/ASBCodeV2.elf.dir/Drivers/STM32F4xx_HAL_Driver/Src/stm32f4xx_hal_tim.c.obj
 .debug_rnglists
                0x00002b81      0x125 CMakeFiles/ASBCodeV2.elf.dir/Drivers/STM32F4xx_HAL_Driver/Src/stm32f4xx_hal_tim_ex.c.obj
 .debug_rnglists
                0x00002ca6       0x19 CMakeFiles/ASBCodeV2.elf.dir/Core/Startup/startup_stm32f446retx.s.obj

.debug_line     0x00000000    0x1bc42
 .debug_line    0x00000000     0xf4bf CMakeFiles/ASBCodeV2.elf.dir/Core/Src/can_mcu.c.obj
 .debug_line    0x0000f4bf     0x155f CMakeFiles/ASBCodeV2.elf.dir/Core/Src/main.c.obj
 .debug_line    0x00010a1e      0x521 CMakeFiles/ASBCodeV2.elf.dir/Core/Src/stm32f4xx_hal_msp.c.obj
 .debug_line    0x00010f3f      0x3e4 CMakeFiles/ASBCodeV2.elf.dir/Core/Src/stm32f4xx_it.c.obj
 .debug_line    0x00011323      0x28a CMakeFiles/ASBCodeV2.elf.dir/Core/Src/system_stm32f4xx.c.obj
 .debug_line    0x000115ad      0x5a6 CMakeFiles/ASBCodeV2.elf.dir/Drivers/STM32F4xx_HAL_Driver/Src/stm32f4xx_hal.c.obj
 .debug_line    0x00011b53      0xda6 CMakeFiles/ASBCodeV2.elf.dir/Drivers/STM32F4xx_HAL_Driver/Src/stm32f4xx_hal_adc.c.obj
 .debug_line    0x000128f9      0xd4a CMakeFiles/ASBCodeV2.elf.dir/Drivers/STM32F4xx_HAL_Driver/Src/stm32f4xx_hal_can.c.obj
 .debug_line    0x00013643      0x845 CMakeFiles/ASBCodeV2.elf.dir/Drivers/STM32F4xx_HAL_Driver/Src/stm32f4xx_hal_cortex.c.obj
 .debug_line    0x00013e88      0x65e CMakeFiles/ASBCodeV2.elf.dir/Drivers/STM32F4xx_HAL_Driver/Src/stm32f4xx_hal_dac.c.obj
 .debug_line    0x000144e6      0x448 CMakeFiles/ASBCodeV2.elf.dir/Drivers/STM32F4xx_HAL_Driver/Src/stm32f4xx_hal_dac_ex.c.obj
 .debug_line    0x0001492e      0xad0 CMakeFiles/ASBCodeV2.elf.dir/Drivers/STM32F4xx_HAL_Driver/Src/stm32f4xx_hal_dma.c.obj
 .debug_line    0x000153fe      0x670 CMakeFiles/ASBCodeV2.elf.dir/Drivers/STM32F4xx_HAL_Driver/Src/stm32f4xx_hal_gpio.c.obj
 .debug_line    0x00015a6e      0x9a0 CMakeFiles/ASBCodeV2.elf.dir/Drivers/STM32F4xx_HAL_Driver/Src/stm32f4xx_hal_rcc.c.obj
 .debug_line    0x0001640e     0x1041 CMakeFiles/ASBCodeV2.elf.dir/Drivers/STM32F4xx_HAL_Driver/Src/stm32f4xx_hal_rcc_ex.c.obj
 .debug_line    0x0001744f     0x32e3 CMakeFiles/ASBCodeV2.elf.dir/Drivers/STM32F4xx_HAL_Driver/Src/stm32f4xx_hal_tim.c.obj
 .debug_line    0x0001a732     0x1496 CMakeFiles/ASBCodeV2.elf.dir/Drivers/STM32F4xx_HAL_Driver/Src/stm32f4xx_hal_tim_ex.c.obj
 .debug_line    0x0001bbc8       0x7a CMakeFiles/ASBCodeV2.elf.dir/Core/Startup/startup_stm32f446retx.s.obj

.debug_str      0x00000000    0x14b7b
 .debug_str     0x00000000    0x14b7b CMakeFiles/ASBCodeV2.elf.dir/Core/Src/can_mcu.c.obj
                               0xfc2d (size before relaxing)
 .debug_str     0x00014b7b        0x0 CMakeFiles/ASBCodeV2.elf.dir/Core/Src/main.c.obj
                               0x2627 (size before relaxing)
 .debug_str     0x00014b7b        0x0 CMakeFiles/ASBCodeV2.elf.dir/Core/Src/stm32f4xx_hal_msp.c.obj
                               0x13f0 (size before relaxing)
 .debug_str     0x00014b7b        0x0 CMakeFiles/ASBCodeV2.elf.dir/Core/Src/stm32f4xx_it.c.obj
                                0xbe9 (size before relaxing)
 .debug_str     0x00014b7b        0x0 CMakeFiles/ASBCodeV2.elf.dir/Core/Src/system_stm32f4xx.c.obj
                                0x3ad (size before relaxing)
 .debug_str     0x00014b7b        0x0 CMakeFiles/ASBCodeV2.elf.dir/Drivers/STM32F4xx_HAL_Driver/Src/stm32f4xx_hal.c.obj
                                0xbdd (size before relaxing)
 .debug_str     0x00014b7b        0x0 CMakeFiles/ASBCodeV2.elf.dir/Drivers/STM32F4xx_HAL_Driver/Src/stm32f4xx_hal_adc.c.obj
                                0x975 (size before relaxing)
 .debug_str     0x00014b7b        0x0 CMakeFiles/ASBCodeV2.elf.dir/Drivers/STM32F4xx_HAL_Driver/Src/stm32f4xx_hal_can.c.obj
                                0xa48 (size before relaxing)
 .debug_str     0x00014b7b        0x0 CMakeFiles/ASBCodeV2.elf.dir/Drivers/STM32F4xx_HAL_Driver/Src/stm32f4xx_hal_cortex.c.obj
                                0xcc9 (size before relaxing)
 .debug_str     0x00014b7b        0x0 CMakeFiles/ASBCodeV2.elf.dir/Drivers/STM32F4xx_HAL_Driver/Src/stm32f4xx_hal_dac.c.obj
                                0x80a (size before relaxing)
 .debug_str     0x00014b7b        0x0 CMakeFiles/ASBCodeV2.elf.dir/Drivers/STM32F4xx_HAL_Driver/Src/stm32f4xx_hal_dac_ex.c.obj
                                0x6e5 (size before relaxing)
 .debug_str     0x00014b7b        0x0 CMakeFiles/ASBCodeV2.elf.dir/Drivers/STM32F4xx_HAL_Driver/Src/stm32f4xx_hal_dma.c.obj
                                0x789 (size before relaxing)
 .debug_str     0x00014b7b        0x0 CMakeFiles/ASBCodeV2.elf.dir/Drivers/STM32F4xx_HAL_Driver/Src/stm32f4xx_hal_gpio.c.obj
                                0x518 (size before relaxing)
 .debug_str     0x00014b7b        0x0 CMakeFiles/ASBCodeV2.elf.dir/Drivers/STM32F4xx_HAL_Driver/Src/stm32f4xx_hal_rcc.c.obj
                                0x732 (size before relaxing)
 .debug_str     0x00014b7b        0x0 CMakeFiles/ASBCodeV2.elf.dir/Drivers/STM32F4xx_HAL_Driver/Src/stm32f4xx_hal_rcc_ex.c.obj
                                0x819 (size before relaxing)
 .debug_str     0x00014b7b        0x0 CMakeFiles/ASBCodeV2.elf.dir/Drivers/STM32F4xx_HAL_Driver/Src/stm32f4xx_hal_tim.c.obj
                               0x1712 (size before relaxing)
 .debug_str     0x00014b7b        0x0 CMakeFiles/ASBCodeV2.elf.dir/Drivers/STM32F4xx_HAL_Driver/Src/stm32f4xx_hal_tim_ex.c.obj
                                0xf1e (size before relaxing)
 .debug_str     0x00014b7b        0x0 CMakeFiles/ASBCodeV2.elf.dir/Core/Startup/startup_stm32f446retx.s.obj
                                 0x99 (size before relaxing)

.comment        0x00000000       0x45
 .comment       0x00000000       0x45 CMakeFiles/ASBCodeV2.elf.dir/Core/Src/can_mcu.c.obj
                                 0x46 (size before relaxing)
 .comment       0x00000045        0x0 CMakeFiles/ASBCodeV2.elf.dir/Core/Src/main.c.obj
                                 0x46 (size before relaxing)
 .comment       0x00000045        0x0 CMakeFiles/ASBCodeV2.elf.dir/Core/Src/stm32f4xx_hal_msp.c.obj
                                 0x46 (size before relaxing)
 .comment       0x00000045        0x0 CMakeFiles/ASBCodeV2.elf.dir/Core/Src/stm32f4xx_it.c.obj
                                 0x46 (size before relaxing)
 .comment       0x00000045        0x0 CMakeFiles/ASBCodeV2.elf.dir/Core/Src/system_stm32f4xx.c.obj
                                 0x46 (size before relaxing)
 .comment       0x00000045        0x0 CMakeFiles/ASBCodeV2.elf.dir/Drivers/STM32F4xx_HAL_Driver/Src/stm32f4xx_hal.c.obj
                                 0x46 (size before relaxing)
 .comment       0x00000045        0x0 CMakeFiles/ASBCodeV2.elf.dir/Drivers/STM32F4xx_HAL_Driver/Src/stm32f4xx_hal_adc.c.obj
                                 0x46 (size before relaxing)
 .comment       0x00000045        0x0 CMakeFiles/ASBCodeV2.elf.dir/Drivers/STM32F4xx_HAL_Driver/Src/stm32f4xx_hal_can.c.obj
                                 0x46 (size before relaxing)
 .comment       0x00000045        0x0 CMakeFiles/ASBCodeV2.elf.dir/Drivers/STM32F4xx_HAL_Driver/Src/stm32f4xx_hal_cortex.c.obj
                                 0x46 (size before relaxing)
 .comment       0x00000045        0x0 CMakeFiles/ASBCodeV2.elf.dir/Drivers/STM32F4xx_HAL_Driver/Src/stm32f4xx_hal_dac.c.obj
                                 0x46 (size before relaxing)
 .comment       0x00000045        0x0 CMakeFiles/ASBCodeV2.elf.dir/Drivers/STM32F4xx_HAL_Driver/Src/stm32f4xx_hal_dac_ex.c.obj
                                 0x46 (size before relaxing)
 .comment       0x00000045        0x0 CMakeFiles/ASBCodeV2.elf.dir/Drivers/STM32F4xx_HAL_Driver/Src/stm32f4xx_hal_dma.c.obj
                                 0x46 (size before relaxing)
 .comment       0x00000045        0x0 CMakeFiles/ASBCodeV2.elf.dir/Drivers/STM32F4xx_HAL_Driver/Src/stm32f4xx_hal_gpio.c.obj
                                 0x46 (size before relaxing)
 .comment       0x00000045        0x0 CMakeFiles/ASBCodeV2.elf.dir/Drivers/STM32F4xx_HAL_Driver/Src/stm32f4xx_hal_rcc.c.obj
                                 0x46 (size before relaxing)
 .comment       0x00000045        0x0 CMakeFiles/ASBCodeV2.elf.dir/Drivers/STM32F4xx_HAL_Driver/Src/stm32f4xx_hal_rcc_ex.c.obj
                                 0x46 (size before relaxing)
 .comment       0x00000045        0x0 CMakeFiles/ASBCodeV2.elf.dir/Drivers/STM32F4xx_HAL_Driver/Src/stm32f4xx_hal_tim.c.obj
                                 0x46 (size before relaxing)
 .comment       0x00000045        0x0 CMakeFiles/ASBCodeV2.elf.dir/Drivers/STM32F4xx_HAL_Driver/Src/stm32f4xx_hal_tim_ex.c.obj
                                 0x46 (size before relaxing)

.debug_line_str
                0x00000000      0x168
 .debug_line_str
                0x00000000      0x168 CMakeFiles/ASBCodeV2.elf.dir/Core/Startup/startup_stm32f446retx.s.obj
                                 0x7d (size before relaxing)
 .debug_line_str
                0x00000168        0x0 /Applications/ArmGNUToolchain/15.2.rel1/arm-none-eabi/bin/../lib/gcc/arm-none-eabi/15.2.1/thumb/v7e-m+fp/hard/libgcc.a(_arm_addsubdf3.o)
                                 0xd7 (size before relaxing)
 .debug_line_str
                0x00000168        0x0 /Applications/ArmGNUToolchain/15.2.rel1/arm-none-eabi/bin/../lib/gcc/arm-none-eabi/15.2.1/thumb/v7e-m+fp/hard/libgcc.a(_arm_muldivdf3.o)
                                 0xd7 (size before relaxing)
 .debug_line_str
                0x00000168        0x0 /Applications/ArmGNUToolchain/15.2.rel1/arm-none-eabi/bin/../lib/gcc/arm-none-eabi/15.2.1/thumb/v7e-m+fp/hard/libgcc.a(_arm_truncdfsf2.o)
                                 0xd7 (size before relaxing)
 .debug_line_str
                0x00000168        0x0 /Applications/ArmGNUToolchain/15.2.rel1/arm-none-eabi/bin/../lib/gcc/arm-none-eabi/15.2.1/thumb/v7e-m+fp/hard/libgcc.a(_aeabi_uldivmod.o)
                                 0xd2 (size before relaxing)
 .debug_line_str
                0x00000168        0x0 /Applications/ArmGNUToolchain/15.2.rel1/arm-none-eabi/bin/../lib/gcc/arm-none-eabi/15.2.1/thumb/v7e-m+fp/hard/libgcc.a(_dvmd_tls.o)
                                 0xd6 (size before relaxing)

Cross Reference Table

Symbol                                            File
ADC_IRQHandler                                    CMakeFiles/ASBCodeV2.elf.dir/Core/Startup/startup_stm32f446retx.s.obj
ADC_Value                                         CMakeFiles/ASBCodeV2.elf.dir/Core/Src/main.c.obj
ADC_Voltage_Value                                 CMakeFiles/ASBCodeV2.elf.dir/Core/Src/main.c.obj
AHBPrescTable                                     CMakeFiles/ASBCodeV2.elf.dir/Core/Src/system_stm32f4xx.c.obj
                                                  CMakeFiles/ASBCodeV2.elf.dir/Drivers/STM32F4xx_HAL_Driver/Src/stm32f4xx_hal_rcc.c.obj
APBPrescTable                                     CMakeFiles/ASBCodeV2.elf.dir/Core/Src/system_stm32f4xx.c.obj
                                                  CMakeFiles/ASBCodeV2.elf.dir/Drivers/STM32F4xx_HAL_Driver/Src/stm32f4xx_hal_rcc.c.obj
APU_Communication_Check                           CMakeFiles/ASBCodeV2.elf.dir/Core/Src/main.c.obj
APU_Communication_Check_ms                        CMakeFiles/ASBCodeV2.elf.dir/Core/Src/main.c.obj
APU_Transition                                    CMakeFiles/ASBCodeV2.elf.dir/Core/Src/main.c.obj
ASMS_Out                                          CMakeFiles/ASBCodeV2.elf.dir/Core/Src/main.c.obj
ASRelay_In                                        CMakeFiles/ASBCodeV2.elf.dir/Core/Src/main.c.obj