../Core/Src/main.c:79:5:main	9
../Core/Src/main.c:157:6:SystemClock_Config	3
../Core/Src/main.c:205:13:MX_ADC1_Init	3
../Core/Src/main.c:257:13:MX_DAC_Init	3
../Core/Src/main.c:297:13:MX_TIM6_Init	3
../Core/Src/main.c:333:13:MX_DMA_Init	1
../Core/Src/main.c:351:13:MX_GPIO_Init	1
../Core/Src/main.c:380:13:reset_all	1
../Core/Src/main.c:388:13:PV_Force_GpioLow	2
../Core/Src/main.c:404:13:PV_Output_Update	4
../Core/Src/main.c:425:6:HAL_TIM_PeriodElapsedCallback	2
../Core/Src/main.c:437:6:Error_Handler	1
