../Core/Src/main.c:79:5:main	8	static
../Core/Src/main.c:157:6:SystemClock_Config	88	static
../Core/Src/main.c:205:13:MX_ADC1_Init	24	static
../Core/Src/main.c:257:13:MX_DAC_Init	16	static
../Core/Src/main.c:297:13:MX_TIM6_Init	16	static
../Core/Src/main.c:333:13:MX_DMA_Init	16	static
../Core/Src/main.c:351:13:MX_GPIO_Init	48	static
../Core/Src/main.c:380:13:reset_all	8	static
../Core/Src/main.c:388:13:PV_Force_GpioLow	32	static
../Core/Src/main.c:404:13:PV_Output_Update	40	static
../Core/Src/main.c:425:6:HAL_TIM_PeriodElapsedCallback	16	static
../Core/Src/main.c:437:6:Error_Handler	4	static,ignoring_inline_asm
