/Users/iosifsot/Documents/ASB-Supervisor/Core/Src/main.c:170:26:CAN_SendStdMessage	56	static
/Users/iosifsot/Documents/ASB-Supervisor/Core/Src/main.c:232:13:CAN_SendAsbStatusTask	8	static
/Users/iosifsot/Documents/ASB-Supervisor/Core/Src/main.c:261:13:CAN_SendAsbDataloggerTask	16	static
/Users/iosifsot/Documents/ASB-Supervisor/Core/Src/main.c:299:5:main	8	static
/Users/iosifsot/Documents/ASB-Supervisor/Core/Src/main.c:431:6:SystemClock_Config	88	static
/Users/iosifsot/Documents/ASB-Supervisor/Core/Src/main.c:479:13:MX_ADC1_Init	24	static
/Users/iosifsot/Documents/ASB-Supervisor/Core/Src/main.c:531:13:MX_CAN1_Init	8	static
/Users/iosifsot/Documents/ASB-Supervisor/Core/Src/main.c:568:13:MX_DAC_Init	16	static
/Users/iosifsot/Documents/ASB-Supervisor/Core/Src/main.c:608:13:MX_TIM2_Init	32	static
/Users/iosifsot/Documents/ASB-Supervisor/Core/Src/main.c:653:13:MX_TIM3_Init	64	static
/Users/iosifsot/Documents/ASB-Supervisor/Core/Src/main.c:712:13:MX_TIM4_Init	32	static
/Users/iosifsot/Documents/ASB-Supervisor/Core/Src/main.c:757:13:MX_TIM5_Init	32	static
/Users/iosifsot/Documents/ASB-Supervisor/Core/Src/main.c:802:13:MX_TIM6_Init	16	static
/Users/iosifsot/Documents/ASB-Supervisor/Core/Src/main.c:840:13:MX_TIM7_Init	16	static
/Users/iosifsot/Documents/ASB-Supervisor/Core/Src/main.c:876:13:MX_DMA_Init	16	static
/Users/iosifsot/Documents/ASB-Supervisor/Core/Src/main.c:894:13:MX_GPIO_Init	48	static
/Users/iosifsot/Documents/ASB-Supervisor/Core/Src/main.c:962:13:CAN_UpdateDiagnostics	24	static
/Users/iosifsot/Documents/ASB-Supervisor/Core/Src/main.c:977:5:Selected_Mission	4	static
/Users/iosifsot/Documents/ASB-Supervisor/Core/Src/main.c:988:6:As_Initial_Check	8	static
/Users/iosifsot/Documents/ASB-Supervisor/Core/Src/main.c:1145:6:Continuous_Monitoring	4	static
/Users/iosifsot/Documents/ASB-Supervisor/Core/Src/main.c:1239:6:Manual_Initial_Check	8	static
/Users/iosifsot/Documents/ASB-Supervisor/Core/Src/main.c:1267:6:Manual_Monitoring	8	static
/Users/iosifsot/Documents/ASB-Supervisor/Core/Src/main.c:1292:6:HAL_ADC_ConvCpltCallback	16	static
/Users/iosifsot/Documents/ASB-Supervisor/Core/Src/main.c:1305:6:HAL_TIM_PeriodElapsedCallback	16	static
/Users/iosifsot/Documents/ASB-Supervisor/Core/Src/main.c:1378:6:HAL_CAN_RxFifo0MsgPendingCallback	16	static
/Users/iosifsot/Documents/ASB-Supervisor/Core/Src/main.c:1410:6:HAL_CAN_ErrorCallback	16	static
/Users/iosifsot/Documents/ASB-Supervisor/Core/Src/main.c:1425:6:HAL_CAN_TxMailbox0CompleteCallback	16	static
/Users/iosifsot/Documents/ASB-Supervisor/Core/Src/main.c:1437:6:HAL_CAN_TxMailbox1CompleteCallback	16	static
/Users/iosifsot/Documents/ASB-Supervisor/Core/Src/main.c:1449:6:HAL_CAN_TxMailbox2CompleteCallback	16	static
/Users/iosifsot/Documents/ASB-Supervisor/Core/Src/main.c:1461:6:HAL_CAN_TxMailbox0AbortCallback	16	static
/Users/iosifsot/Documents/ASB-Supervisor/Core/Src/main.c:1473:6:HAL_CAN_TxMailbox1AbortCallback	16	static
/Users/iosifsot/Documents/ASB-Supervisor/Core/Src/main.c:1485:6:HAL_CAN_TxMailbox2AbortCallback	16	static
/Users/iosifsot/Documents/ASB-Supervisor/Core/Src/main.c:1497:6:Init_All	80	static
/Users/iosifsot/Documents/ASB-Supervisor/Core/Src/main.c:1658:6:Error_Handler	4	static
